Archive member included to satisfy reference by file (symbol)

/usr/local/Cellar/gcc-arm-none-eabi/20180627/bin/../lib/gcc/arm-none-eabi/7.3.1/../../../../arm-none-eabi/lib/thumb/v7-m/libc_nano.a(lib_a-exit.o)
                              /usr/local/Cellar/gcc-arm-none-eabi/20180627/bin/../lib/gcc/arm-none-eabi/7.3.1/../../../../arm-none-eabi/lib/thumb/v7-m/crt0.o (exit)
/usr/local/Cellar/gcc-arm-none-eabi/20180627/bin/../lib/gcc/arm-none-eabi/7.3.1/../../../../arm-none-eabi/lib/thumb/v7-m/libc_nano.a(lib_a-impure.o)
                              /usr/local/Cellar/gcc-arm-none-eabi/20180627/bin/../lib/gcc/arm-none-eabi/7.3.1/../../../../arm-none-eabi/lib/thumb/v7-m/libc_nano.a(lib_a-exit.o) (_global_impure_ptr)
/usr/local/Cellar/gcc-arm-none-eabi/20180627/bin/../lib/gcc/arm-none-eabi/7.3.1/../../../../arm-none-eabi/lib/thumb/v7-m/libc_nano.a(lib_a-init.o)
                              /usr/local/Cellar/gcc-arm-none-eabi/20180627/bin/../lib/gcc/arm-none-eabi/7.3.1/../../../../arm-none-eabi/lib/thumb/v7-m/crt0.o (__libc_init_array)
/usr/local/Cellar/gcc-arm-none-eabi/20180627/bin/../lib/gcc/arm-none-eabi/7.3.1/../../../../arm-none-eabi/lib/thumb/v7-m/libc_nano.a(lib_a-memcpy-stub.o)
                              obj/constManager.o (memcpy)
/usr/local/Cellar/gcc-arm-none-eabi/20180627/bin/../lib/gcc/arm-none-eabi/7.3.1/../../../../arm-none-eabi/lib/thumb/v7-m/libc_nano.a(lib_a-memset.o)
                              /usr/local/Cellar/gcc-arm-none-eabi/20180627/bin/../lib/gcc/arm-none-eabi/7.3.1/../../../../arm-none-eabi/lib/thumb/v7-m/crt0.o (memset)

Discarded input sections

 .text          0x0000000000000000        0x0 /usr/local/Cellar/gcc-arm-none-eabi/20180627/bin/../lib/gcc/arm-none-eabi/7.3.1/thumb/v7-m/crti.o
 .data          0x0000000000000000        0x0 /usr/local/Cellar/gcc-arm-none-eabi/20180627/bin/../lib/gcc/arm-none-eabi/7.3.1/thumb/v7-m/crti.o
 .bss           0x0000000000000000        0x0 /usr/local/Cellar/gcc-arm-none-eabi/20180627/bin/../lib/gcc/arm-none-eabi/7.3.1/thumb/v7-m/crti.o
 .data          0x0000000000000000        0x4 /usr/local/Cellar/gcc-arm-none-eabi/20180627/bin/../lib/gcc/arm-none-eabi/7.3.1/thumb/v7-m/crtbegin.o
 .text          0x0000000000000000       0x74 /usr/local/Cellar/gcc-arm-none-eabi/20180627/bin/../lib/gcc/arm-none-eabi/7.3.1/../../../../arm-none-eabi/lib/thumb/v7-m/crt0.o
 .data          0x0000000000000000        0x0 /usr/local/Cellar/gcc-arm-none-eabi/20180627/bin/../lib/gcc/arm-none-eabi/7.3.1/../../../../arm-none-eabi/lib/thumb/v7-m/crt0.o
 .bss           0x0000000000000000        0x0 /usr/local/Cellar/gcc-arm-none-eabi/20180627/bin/../lib/gcc/arm-none-eabi/7.3.1/../../../../arm-none-eabi/lib/thumb/v7-m/crt0.o
 .ARM.extab     0x0000000000000000        0x0 /usr/local/Cellar/gcc-arm-none-eabi/20180627/bin/../lib/gcc/arm-none-eabi/7.3.1/../../../../arm-none-eabi/lib/thumb/v7-m/crt0.o
 .ARM.exidx     0x0000000000000000        0x8 /usr/local/Cellar/gcc-arm-none-eabi/20180627/bin/../lib/gcc/arm-none-eabi/7.3.1/../../../../arm-none-eabi/lib/thumb/v7-m/crt0.o
 .ARM.attributes
                0x0000000000000000       0x1b /usr/local/Cellar/gcc-arm-none-eabi/20180627/bin/../lib/gcc/arm-none-eabi/7.3.1/../../../../arm-none-eabi/lib/thumb/v7-m/crt0.o
 .group         0x0000000000000000        0xc obj/app.o
 .group         0x0000000000000000        0xc obj/app.o
 .group         0x0000000000000000        0xc obj/app.o
 .group         0x0000000000000000        0xc obj/app.o
 .group         0x0000000000000000        0xc obj/app.o
 .group         0x0000000000000000        0xc obj/app.o
 .group         0x0000000000000000        0xc obj/app.o
 .group         0x0000000000000000        0xc obj/app.o
 .group         0x0000000000000000        0xc obj/app.o
 .group         0x0000000000000000        0xc obj/app.o
 .group         0x0000000000000000        0xc obj/app.o
 .group         0x0000000000000000        0xc obj/app.o
 .group         0x0000000000000000        0xc obj/app.o
 .group         0x0000000000000000        0xc obj/app.o
 .group         0x0000000000000000        0xc obj/app.o
 .group         0x0000000000000000        0xc obj/app.o
 .group         0x0000000000000000        0xc obj/app.o
 .group         0x0000000000000000        0xc obj/app.o
 .group         0x0000000000000000        0xc obj/app.o
 .group         0x0000000000000000        0xc obj/app.o
 .group         0x0000000000000000        0xc obj/app.o
 .group         0x0000000000000000        0xc obj/app.o
 .group         0x0000000000000000        0xc obj/app.o
 .group         0x0000000000000000        0xc obj/app.o
 .group         0x0000000000000000        0xc obj/app.o
 .group         0x0000000000000000        0xc obj/app.o
 .group         0x0000000000000000        0xc obj/app.o
 .group         0x0000000000000000        0xc obj/app.o
 .group         0x0000000000000000        0xc obj/app.o
 .group         0x0000000000000000        0xc obj/app.o
 .group         0x0000000000000000        0xc obj/app.o
[...]
Memory Configuration

Name             Origin             Length             Attributes
FLASH            0x0000000008000000 0x000000000001fc00 xr
RAM              0x0000000020000000 0x0000000000005000 xrw
*default*        0x0000000000000000 0xffffffffffffffff

Linker script and memory map

LOAD /usr/local/Cellar/gcc-arm-none-eabi/20180627/bin/../lib/gcc/arm-none-eabi/7.3.1/thumb/v7-m/crti.o
LOAD /usr/local/Cellar/gcc-arm-none-eabi/20180627/bin/../lib/gcc/arm-none-eabi/7.3.1/thumb/v7-m/crtbegin.o
LOAD /usr/local/Cellar/gcc-arm-none-eabi/20180627/bin/../lib/gcc/arm-none-eabi/7.3.1/../../../../arm-none-eabi/lib/thumb/v7-m/crt0.o
LOAD obj/app.o
LOAD obj/assert.o
LOAD obj/constManager.o
LOAD obj/deviceDefinition.o
LOAD obj/msp.o
LOAD obj/stm32f1xx_it.o
LOAD obj/system_stm32f1xx.o
LOAD obj/stm32f1xx_hal.o
LOAD obj/stm32f1xx_hal_adc.o
LOAD obj/stm32f1xx_hal_adc_ex.o
LOAD obj/stm32f1xx_hal_can.o
LOAD obj/stm32f1xx_hal_cec.o
LOAD obj/stm32f1xx_hal_cortex.o
LOAD obj/stm32f1xx_hal_crc.o
LOAD obj/stm32f1xx_hal_dac.o
LOAD obj/stm32f1xx_hal_dac_ex.o
LOAD obj/stm32f1xx_hal_dma.o
LOAD obj/stm32f1xx_hal_eth.o
LOAD obj/stm32f1xx_hal_flash.o
LOAD obj/stm32f1xx_hal_flash_ex.o
LOAD obj/stm32f1xx_hal_gpio.o
LOAD obj/stm32f1xx_hal_gpio_ex.o
LOAD obj/stm32f1xx_hal_hcd.o
LOAD obj/stm32f1xx_hal_i2c.o
LOAD obj/stm32f1xx_hal_i2s.o
LOAD obj/stm32f1xx_hal_irda.o
LOAD obj/stm32f1xx_hal_iwdg.o
LOAD obj/stm32f1xx_hal_nand.o
LOAD obj/stm32f1xx_hal_nor.o
LOAD obj/stm32f1xx_hal_pccard.o
LOAD obj/stm32f1xx_hal_pcd.o
LOAD obj/stm32f1xx_hal_pcd_ex.o
LOAD obj/stm32f1xx_hal_pwr.o
LOAD obj/stm32f1xx_hal_rcc.o
LOAD obj/stm32f1xx_hal_rcc_ex.o
LOAD obj/stm32f1xx_hal_rtc.o
LOAD obj/stm32f1xx_hal_rtc_ex.o
LOAD obj/stm32f1xx_hal_sd.o
LOAD obj/stm32f1xx_hal_smartcard.o
LOAD obj/stm32f1xx_hal_spi.o
LOAD obj/stm32f1xx_hal_spi_ex.o
LOAD obj/stm32f1xx_hal_sram.o
LOAD obj/stm32f1xx_hal_tim.o
LOAD obj/stm32f1xx_hal_tim_ex.o
LOAD obj/stm32f1xx_hal_uart.o
LOAD obj/stm32f1xx_hal_usart.o
LOAD obj/stm32f1xx_hal_wwdg.o
LOAD obj/stm32f1xx_ll_fsmc.o
LOAD obj/stm32f1xx_ll_sdmmc.o
LOAD obj/stm32f1xx_ll_usb.o
LOAD obj/MW_ENCODER.o
LOAD obj/MW_GPIO.o
LOAD obj/MW_I2C.o
LOAD obj/MW_IWDG.o
LOAD obj/MW_TIM.o
LOAD obj/MW_USART.o
LOAD obj/MW_flash.o
LOAD obj/message.o
LOAD obj/xprintf.o
LOAD obj/DD_AB.o
LOAD obj/DD_ENCODER.o
LOAD obj/DD_Gene.o
LOAD obj/DD_LD.o
LOAD obj/DD_MD.o
LOAD obj/DD_RC.o
LOAD obj/DD_SS.o
LOAD obj/DD_SV.o
LOAD obj/SystemTaskManager.o
LOAD obj/startup.o
START GROUP
LOAD /usr/local/Cellar/gcc-arm-none-eabi/20180627/bin/../lib/gcc/arm-none-eabi/7.3.1/thumb/v7-m/libgcc.a
LOAD /usr/local/Cellar/gcc-arm-none-eabi/20180627/bin/../lib/gcc/arm-none-eabi/7.3.1/../../../../arm-none-eabi/lib/thumb/v7-m/libm.a
END GROUP
START GROUP
LOAD /usr/local/Cellar/gcc-arm-none-eabi/20180627/bin/../lib/gcc/arm-none-eabi/7.3.1/thumb/v7-m/libgcc.a
LOAD /usr/local/Cellar/gcc-arm-none-eabi/20180627/bin/../lib/gcc/arm-none-eabi/7.3.1/../../../../arm-none-eabi/lib/thumb/v7-m/libc_nano.a
END GROUP
START GROUP
LOAD /usr/local/Cellar/gcc-arm-none-eabi/20180627/bin/../lib/gcc/arm-none-eabi/7.3.1/thumb/v7-m/libgcc.a
LOAD /usr/local/Cellar/gcc-arm-none-eabi/20180627/bin/../lib/gcc/arm-none-eabi/7.3.1/../../../../arm-none-eabi/lib/thumb/v7-m/libc_nano.a
END GROUP
LOAD /usr/local/Cellar/gcc-arm-none-eabi/20180627/bin/../lib/gcc/arm-none-eabi/7.3.1/thumb/v7-m/crtend.o
LOAD /usr/local/Cellar/gcc-arm-none-eabi/20180627/bin/../lib/gcc/arm-none-eabi/7.3.1/thumb/v7-m/crtn.o
                0x0000000020005000                _estack = 0x20005000
                0x0000000000000200                _Min_Heap_Size = 0x200
                0x0000000000000400                _Min_Stack_Size = 0x400

.isr_vector     0x0000000008000000      0x10c
                0x0000000008000000                . = ALIGN (0x4)
 *(.isr_vector)
 .isr_vector    0x0000000008000000      0x10c obj/startup.o
                0x0000000008000000                g_pfnVectors
                0x000000000800010c                . = ALIGN (0x4)

.text           0x000000000800010c     0x3b24
                0x000000000800010c                . = ALIGN (0x4)
 *(.text)
 .text          0x000000000800010c       0x40 /usr/local/Cellar/gcc-arm-none-eabi/20180627/bin/../lib/gcc/arm-none-eabi/7.3.1/thumb/v7-m/crtbegin.o
 *(.text*)
 .text.bumper_medal_get
                0x000000000800014c       0x9c obj/app.o
 .text.bumper_setting
                0x00000000080001e8       0x9c obj/app.o
 .text.appInit  0x0000000008000284        0xa obj/app.o
                0x0000000008000284                appInit
 *fill*         0x000000000800028e        0x2 
 .text.appTask  0x0000000008000290       0x90 obj/app.o
                0x0000000008000290                appTask
 .text.assert_failed
                0x0000000008000320        0x2 obj/assert.o
                0x0000000008000320                assert_failed
 *fill*         0x0000000008000322        0x2 
 .text.reloadDefault
                0x0000000008000324       0x18 obj/constManager.o
 .text.load     0x000000000800033c       0x40 obj/constManager.o
 .text.ad_init  0x000000000800037c        0xc obj/constManager.o
                0x000000000800037c                ad_init
 .text.HAL_MspInit
                0x0000000008000388       0x7c obj/msp.o
                0x0000000008000388                HAL_MspInit
 .text.HAL_I2C_MspInit
                0x0000000008000404      0x1a4 obj/msp.o
                0x0000000008000404                HAL_I2C_MspInit
 .text.HAL_UART_MspInit
                0x00000000080005a8      0x268 obj/msp.o
                0x00000000080005a8                HAL_UART_MspInit
 .text.NMI_Handler
                0x0000000008000810        0x2 obj/stm32f1xx_it.o
                0x0000000008000810                NMI_Handler
 .text.HardFault_Handler
                0x0000000008000812        0x2 obj/stm32f1xx_it.o
                0x0000000008000812                HardFault_Handler
 .text.MemManage_Handler
                0x0000000008000814        0x2 obj/stm32f1xx_it.o
                0x0000000008000814                MemManage_Handler
 .text.BusFault_Handler
                0x0000000008000816        0x2 obj/stm32f1xx_it.o
                0x0000000008000816                BusFault_Handler
 .text.UsageFault_Handler
                0x0000000008000818        0x2 obj/stm32f1xx_it.o
                0x0000000008000818                UsageFault_Handler
 .text.SVC_Handler
                0x000000000800081a        0x2 obj/stm32f1xx_it.o
                0x000000000800081a                SVC_Handler
 .text.DebugMon_Handler
                0x000000000800081c        0x2 obj/stm32f1xx_it.o
                0x000000000800081c                DebugMon_Handler
 .text.PendSV_Handler
                0x000000000800081e        0x2 obj/stm32f1xx_it.o
                0x000000000800081e                PendSV_Handler
 .text.SysTick_Handler
                0x0000000008000820       0x18 obj/stm32f1xx_it.o
                0x0000000008000820                SysTick_Handler
 .text.DMA1_Channel6_IRQHandler
                0x0000000008000838       0x10 obj/stm32f1xx_it.o
                0x0000000008000838                DMA1_Channel6_IRQHandler
 .text.DMA1_Channel7_IRQHandler
                0x0000000008000848       0x10 obj/stm32f1xx_it.o
                0x0000000008000848                DMA1_Channel7_IRQHandler
 .text.DMA1_Channel2_IRQHandler
                0x0000000008000858       0x10 obj/stm32f1xx_it.o
                0x0000000008000858                DMA1_Channel2_IRQHandler
 .text.DMA1_Channel3_IRQHandler
                0x0000000008000868       0x10 obj/stm32f1xx_it.o
                0x0000000008000868                DMA1_Channel3_IRQHandler
 .text.USART3_IRQHandler
                0x0000000008000878       0x10 obj/stm32f1xx_it.o
                0x0000000008000878                USART3_IRQHandler
 .text.USART2_IRQHandler
                0x0000000008000888       0x10 obj/stm32f1xx_it.o
                0x0000000008000888                USART2_IRQHandler
 .text.DMA1_Channel4_IRQHandler
                0x0000000008000898       0x10 obj/stm32f1xx_it.o
                0x0000000008000898                DMA1_Channel4_IRQHandler
 .text.DMA1_Channel5_IRQHandler
                0x00000000080008a8       0x10 obj/stm32f1xx_it.o
                0x00000000080008a8                DMA1_Channel5_IRQHandler
 .text.SystemInit
                0x00000000080008b8       0x4c obj/system_stm32f1xx.o
                0x00000000080008b8                SystemInit
 .text.HAL_InitTick
                0x0000000008000904       0x28 obj/stm32f1xx_hal.o
                0x0000000008000904                HAL_InitTick
 .text.HAL_Init
                0x000000000800092c       0x24 obj/stm32f1xx_hal.o
                0x000000000800092c                HAL_Init
 .text.HAL_IncTick
                0x0000000008000950       0x10 obj/stm32f1xx_hal.o
                0x0000000008000950                HAL_IncTick
 .text.HAL_GetTick
                0x0000000008000960        0xc obj/stm32f1xx_hal.o
                0x0000000008000960                HAL_GetTick
 .text.HAL_Delay
                0x000000000800096c       0x1c obj/stm32f1xx_hal.o
                0x000000000800096c                HAL_Delay
 .text.HAL_NVIC_SetPriorityGrouping
                0x0000000008000988       0x3c obj/stm32f1xx_hal_cortex.o
                0x0000000008000988                HAL_NVIC_SetPriorityGrouping
 .text.HAL_NVIC_SetPriority
                0x00000000080009c4       0x8c obj/stm32f1xx_hal_cortex.o
                0x00000000080009c4                HAL_NVIC_SetPriority
 .text.HAL_NVIC_EnableIRQ
                0x0000000008000a50       0x2c obj/stm32f1xx_hal_cortex.o
                0x0000000008000a50                HAL_NVIC_EnableIRQ
 .text.HAL_SYSTICK_Config
                0x0000000008000a7c       0x2c obj/stm32f1xx_hal_cortex.o
                0x0000000008000a7c                HAL_SYSTICK_Config
 .text.HAL_SYSTICK_CLKSourceConfig
                0x0000000008000aa8       0x3c obj/stm32f1xx_hal_cortex.o
                0x0000000008000aa8                HAL_SYSTICK_CLKSourceConfig
 .text.HAL_SYSTICK_Callback
                0x0000000008000ae4        0x2 obj/stm32f1xx_hal_cortex.o
                0x0000000008000ae4                HAL_SYSTICK_Callback
 .text.HAL_SYSTICK_IRQHandler
                0x0000000008000ae6        0x8 obj/stm32f1xx_hal_cortex.o
                0x0000000008000ae6                HAL_SYSTICK_IRQHandler
 .text.DMA_SetConfig
                0x0000000008000aee       0x22 obj/stm32f1xx_hal_dma.o
 .text.HAL_DMA_Init
                0x0000000008000b10      0x138 obj/stm32f1xx_hal_dma.o
                0x0000000008000b10                HAL_DMA_Init
 .text.HAL_DMA_Start_IT
                0x0000000008000c48       0x80 obj/stm32f1xx_hal_dma.o
                0x0000000008000c48                HAL_DMA_Start_IT
 .text.HAL_DMA_IRQHandler
                0x0000000008000cc8      0x270 obj/stm32f1xx_hal_dma.o
                0x0000000008000cc8                HAL_DMA_IRQHandler
 .text.HAL_GPIO_Init
                0x0000000008000f38      0x318 obj/stm32f1xx_hal_gpio.o
                0x0000000008000f38                HAL_GPIO_Init
 .text.HAL_GPIO_ReadPin
                0x0000000008001250       0x28 obj/stm32f1xx_hal_gpio.o
                0x0000000008001250                HAL_GPIO_ReadPin
 .text.HAL_GPIO_WritePin
                0x0000000008001278       0x38 obj/stm32f1xx_hal_gpio.o
                0x0000000008001278                HAL_GPIO_WritePin
 .text.I2C_Configure_Speed
                0x00000000080012b0       0x50 obj/stm32f1xx_hal_i2c.o
 .text.I2C_IsAcknowledgeFailed
                0x0000000008001300       0x2a obj/stm32f1xx_hal_i2c.o
 .text.I2C_WaitOnFlagUntilTimeout
                0x000000000800132a       0xc0 obj/stm32f1xx_hal_i2c.o
 .text.I2C_WaitOnMasterAddressFlagUntilTimeout
                0x00000000080013ea       0x92 obj/stm32f1xx_hal_i2c.o
 .text.I2C_MasterRequestWrite
                0x000000000800147c       0x8c obj/stm32f1xx_hal_i2c.o
 .text.I2C_MasterRequestRead
                0x0000000008001508       0xe8 obj/stm32f1xx_hal_i2c.o
 .text.I2C_WaitOnTXEFlagUntilTimeout
                0x00000000080015f0       0x50 obj/stm32f1xx_hal_i2c.o
 .text.I2C_WaitOnBTFFlagUntilTimeout
                0x0000000008001640       0x50 obj/stm32f1xx_hal_i2c.o
 .text.I2C_WaitOnRXNEFlagUntilTimeout
                0x0000000008001690       0x60 obj/stm32f1xx_hal_i2c.o
 .text.HAL_I2C_Init
                0x00000000080016f0      0x188 obj/stm32f1xx_hal_i2c.o
                0x00000000080016f0                HAL_I2C_Init
 .text.HAL_I2C_Master_Transmit
                0x0000000008001878      0x130 obj/stm32f1xx_hal_i2c.o
                0x0000000008001878                HAL_I2C_Master_Transmit
 .text.HAL_I2C_Master_Receive
                0x00000000080019a8      0x228 obj/stm32f1xx_hal_i2c.o
                0x00000000080019a8                HAL_I2C_Master_Receive
 .text.HAL_IWDG_MspInit
                0x0000000008001bd0        0x2 obj/stm32f1xx_hal_iwdg.o
                0x0000000008001bd0                HAL_IWDG_MspInit
 *fill*         0x0000000008001bd2        0x2 
 .text.HAL_IWDG_Init
                0x0000000008001bd4       0xa0 obj/stm32f1xx_hal_iwdg.o
                0x0000000008001bd4                HAL_IWDG_Init
 .text.HAL_IWDG_Start
                0x0000000008001c74       0x2a obj/stm32f1xx_hal_iwdg.o
                0x0000000008001c74                HAL_IWDG_Start
 .text.HAL_IWDG_Refresh
                0x0000000008001c9e       0x4c obj/stm32f1xx_hal_iwdg.o
                0x0000000008001c9e                HAL_IWDG_Refresh
 *fill*         0x0000000008001cea        0x2 
 .text.HAL_RCC_OscConfig
                0x0000000008001cec      0x728 obj/stm32f1xx_hal_rcc.o
                0x0000000008001cec                HAL_RCC_OscConfig
 .text.HAL_RCC_GetSysClockFreq
                0x0000000008002414       0x8c obj/stm32f1xx_hal_rcc.o
                0x0000000008002414                HAL_RCC_GetSysClockFreq
 .text.HAL_RCC_ClockConfig
                0x00000000080024a0      0x2a0 obj/stm32f1xx_hal_rcc.o
                0x00000000080024a0                HAL_RCC_ClockConfig
 .text.HAL_RCC_GetHCLKFreq
                0x0000000008002740        0xc obj/stm32f1xx_hal_rcc.o
                0x0000000008002740                HAL_RCC_GetHCLKFreq
 .text.HAL_RCC_GetPCLK1Freq
                0x000000000800274c       0x2c obj/stm32f1xx_hal_rcc.o
                0x000000000800274c                HAL_RCC_GetPCLK1Freq
 .text.HAL_RCC_GetPCLK2Freq
                0x0000000008002778       0x2c obj/stm32f1xx_hal_rcc.o
                0x0000000008002778                HAL_RCC_GetPCLK2Freq
 .text.HAL_RCCEx_PeriphCLKConfig
                0x00000000080027a4      0x1a4 obj/stm32f1xx_hal_rcc_ex.o
                0x00000000080027a4                HAL_RCCEx_PeriphCLKConfig
 .text.HAL_TIM_PeriodElapsedCallback
                0x0000000008002948        0x2 obj/stm32f1xx_hal_tim.o
                0x0000000008002948                HAL_TIM_PeriodElapsedCallback
 .text.HAL_TIM_OC_DelayElapsedCallback
                0x000000000800294a        0x2 obj/stm32f1xx_hal_tim.o
                0x000000000800294a                HAL_TIM_OC_DelayElapsedCallback
 .text.HAL_TIM_IC_CaptureCallback
                0x000000000800294c        0x2 obj/stm32f1xx_hal_tim.o
                0x000000000800294c                HAL_TIM_IC_CaptureCallback
 .text.HAL_TIM_PWM_PulseFinishedCallback
                0x000000000800294e        0x2 obj/stm32f1xx_hal_tim.o
                0x000000000800294e                HAL_TIM_PWM_PulseFinishedCallback
 .text.HAL_TIM_TriggerCallback
                0x0000000008002950        0x2 obj/stm32f1xx_hal_tim.o
                0x0000000008002950                HAL_TIM_TriggerCallback
 .text.HAL_TIM_IRQHandler
                0x0000000008002952      0x17a obj/stm32f1xx_hal_tim.o
                0x0000000008002952                HAL_TIM_IRQHandler
 .text.HAL_TIMEx_CommutationCallback
                0x0000000008002acc        0x2 obj/stm32f1xx_hal_tim_ex.o
                0x0000000008002acc                HAL_TIMEx_CommutationCallback
 .text.HAL_TIMEx_BreakCallback
                0x0000000008002ace        0x2 obj/stm32f1xx_hal_tim_ex.o
                0x0000000008002ace                HAL_TIMEx_BreakCallback
 .text.UART_Transmit_IT
                0x0000000008002ad0       0x6c obj/stm32f1xx_hal_uart.o
 .text.UART_SetConfig
                0x0000000008002b3c      0x214 obj/stm32f1xx_hal_uart.o
 .text.HAL_UART_Init
                0x0000000008002d50       0xf8 obj/stm32f1xx_hal_uart.o
                0x0000000008002d50                HAL_UART_Init
 .text.HAL_UART_Transmit_DMA
                0x0000000008002e48       0xa0 obj/stm32f1xx_hal_uart.o
                0x0000000008002e48                HAL_UART_Transmit_DMA
 .text.UART_DMATransmitCplt
                0x0000000008002ee8       0x30 obj/stm32f1xx_hal_uart.o
 .text.UART_EndTransmit_IT
                0x0000000008002f18       0x2c obj/stm32f1xx_hal_uart.o
 .text.HAL_UART_TxHalfCpltCallback
                0x0000000008002f44        0x2 obj/stm32f1xx_hal_uart.o
                0x0000000008002f44                HAL_UART_TxHalfCpltCallback
 .text.UART_DMATxHalfCplt
                0x0000000008002f46        0xa obj/stm32f1xx_hal_uart.o
 .text.UART_Receive_IT
                0x0000000008002f50       0xb6 obj/stm32f1xx_hal_uart.o
 .text.HAL_UART_ErrorCallback
                0x0000000008003006        0x2 obj/stm32f1xx_hal_uart.o
                0x0000000008003006                HAL_UART_ErrorCallback
 .text.UART_DMAError
                0x0000000008003008       0x1e obj/stm32f1xx_hal_uart.o
 .text.HAL_UART_IRQHandler
                0x0000000008003026       0xca obj/stm32f1xx_hal_uart.o
                0x0000000008003026                HAL_UART_IRQHandler
 .text.MW_SetGPIOPin
                0x00000000080030f0        0xc obj/MW_GPIO.o
                0x00000000080030f0                MW_SetGPIOPin
 .text.MW_SetGPIOMode
                0x00000000080030fc        0xc obj/MW_GPIO.o
                0x00000000080030fc                MW_SetGPIOMode
 .text.MW_SetGPIOPull
                0x0000000008003108        0xc obj/MW_GPIO.o
                0x0000000008003108                MW_SetGPIOPull
 .text.MW_SetGPIOSpeed
                0x0000000008003114        0xc obj/MW_GPIO.o
                0x0000000008003114                MW_SetGPIOSpeed
 .text.MW_GPIOInit
                0x0000000008003120       0x2c obj/MW_GPIO.o
                0x0000000008003120                MW_GPIOInit
 .text.MW_GPIOWrite
                0x000000000800314c       0x30 obj/MW_GPIO.o
                0x000000000800314c                MW_GPIOWrite
 .text.MW_GPIORead
                0x000000000800317c       0x2c obj/MW_GPIO.o
                0x000000000800317c                MW_GPIORead
 .text.MW_SetI2CClockSpeed
                0x00000000080031a8       0x24 obj/MW_I2C.o
                0x00000000080031a8                MW_SetI2CClockSpeed
 .text.MW_I2CInit
                0x00000000080031cc       0x1c obj/MW_I2C.o
                0x00000000080031cc                MW_I2CInit
 .text.MW_I2C1Transmit
                0x00000000080031e8       0x28 obj/MW_I2C.o
                0x00000000080031e8                MW_I2C1Transmit
 .text.MW_I2C1Receive
                0x0000000008003210       0x28 obj/MW_I2C.o
                0x0000000008003210                MW_I2C1Receive
 .text.MW_SetIWDGPrescaler
                0x0000000008003238        0xc obj/MW_IWDG.o
                0x0000000008003238                MW_SetIWDGPrescaler
 .text.MW_SetIWDGReload
                0x0000000008003244        0xc obj/MW_IWDG.o
                0x0000000008003244                MW_SetIWDGReload
 .text.MW_IWDGInit
                0x0000000008003250       0x1c obj/MW_IWDG.o
                0x0000000008003250                MW_IWDGInit
 .text.MW_IWDGClr
                0x000000000800326c       0x10 obj/MW_IWDG.o
                0x000000000800326c                MW_IWDGClr
 .text.TIM1_UP_IRQHandler
                0x000000000800327c       0x10 obj/MW_TIM.o
                0x000000000800327c                TIM1_UP_IRQHandler
 .text.TIM2_IRQHandler
                0x000000000800328c       0x10 obj/MW_TIM.o
                0x000000000800328c                TIM2_IRQHandler
 .text.MW_USARTSetBaudRate
                0x000000000800329c       0x28 obj/MW_USART.o
                0x000000000800329c                MW_USARTSetBaudRate
 .text.MW_USARTInit
                0x00000000080032c4       0x1c obj/MW_USART.o
                0x00000000080032c4                MW_USARTInit
 .text.MW_USART2Transmit
                0x00000000080032e0       0x1c obj/MW_USART.o
                0x00000000080032e0                MW_USART2Transmit
 .text._xprintf
                0x00000000080032fc       0x1c obj/message.o
 .text.MW_waitForMessageTransitionComplete
                0x0000000008003318       0x3c obj/message.o
                0x0000000008003318                MW_waitForMessageTransitionComplete
 .text.flush    0x0000000008003354       0x40 obj/message.o
                0x0000000008003354                flush
 .text.MW_printf
                0x0000000008003394       0x44 obj/message.o
                0x0000000008003394                MW_printf
 .text._msg     0x00000000080033d8       0x4c obj/message.o
                0x00000000080033d8                _msg
 .text.MW_messageTransitionCompletedCallBack
                0x0000000008003424        0xc obj/message.o
                0x0000000008003424                MW_messageTransitionCompletedCallBack
 .text.xputc    0x0000000008003430       0x38 obj/xprintf.o
                0x0000000008003430                xputc
 .text.xputs    0x0000000008003468       0x14 obj/xprintf.o
                0x0000000008003468                xputs
 .text.xvprintf
                0x000000000800347c      0x1fa obj/xprintf.o
                0x000000000800347c                xvprintf
 *fill*         0x0000000008003676        0x2 
 .text.DD_I2C1Send
                0x0000000008003678       0x38 obj/DD_Gene.o
                0x0000000008003678                DD_I2C1Send
 .text.DD_I2C1Receive
                0x00000000080036b0       0x38 obj/DD_Gene.o
                0x00000000080036b0                DD_I2C1Receive
 .text.DD_doTasks
                0x00000000080036e8       0x44 obj/DD_Gene.o
                0x00000000080036e8                DD_doTasks
 .text.DD_print
                0x000000000800372c       0x20 obj/DD_Gene.o
                0x000000000800372c                DD_print
 .text.DD_initialize
                0x000000000800374c       0x20 obj/DD_Gene.o
                0x000000000800374c                DD_initialize
 .text.DD_send2MD
                0x000000000800376c       0x28 obj/DD_MD.o
                0x000000000800376c                DD_send2MD
 .text.DD_receive2MD
                0x0000000008003794        0xe obj/DD_MD.o
                0x0000000008003794                DD_receive2MD
 *fill*         0x00000000080037a2        0x2 
 .text.DD_MDHandPrint
                0x00000000080037a4       0x54 obj/DD_MD.o
                0x00000000080037a4                DD_MDHandPrint
 .text.SY_I2CConnTest
                0x00000000080037f8        0x4 obj/SystemTaskManager.o
 .text.SY_clockInit
                0x00000000080037fc       0xcc obj/SystemTaskManager.o
 .text.SY_GPIOInit
                0x00000000080038c8       0x94 obj/SystemTaskManager.o
 .text.SY_init  0x000000000800395c       0x88 obj/SystemTaskManager.o
 .text.SY_doAppTasks
                0x00000000080039e4        0x8 obj/SystemTaskManager.o
 .text.SY_doDevDriverTasks
                0x00000000080039ec        0x8 obj/SystemTaskManager.o
 .text.main     0x00000000080039f4      0x140 obj/SystemTaskManager.o
                0x00000000080039f4                main
 .text.SY_wait  0x0000000008003b34       0x2c obj/SystemTaskManager.o
                0x0000000008003b34                SY_wait
 .text.HAL_UART_RxCpltCallback
                0x0000000008003b60        0x2 obj/SystemTaskManager.o
                0x0000000008003b60                HAL_UART_RxCpltCallback
 .text.HAL_UART_TxCpltCallback
                0x0000000008003b62        0x8 obj/SystemTaskManager.o
                0x0000000008003b62                HAL_UART_TxCpltCallback
 *fill*         0x0000000008003b6a        0x2 
 .text.Reset_Handler
                0x0000000008003b6c       0x48 obj/startup.o
                0x0000000008003b6c                Reset_Handler
 .text.Default_Handler
                0x0000000008003bb4        0x2 obj/startup.o
                0x0000000008003bb4                USBWakeUp_IRQHandler
                0x0000000008003bb4                EXTI2_IRQHandler
                0x0000000008003bb4                TIM1_CC_IRQHandler
                0x0000000008003bb4                PVD_IRQHandler
                0x0000000008003bb4                EXTI3_IRQHandler
                0x0000000008003bb4                EXTI0_IRQHandler
                0x0000000008003bb4                I2C2_EV_IRQHandler
                0x0000000008003bb4                ADC1_2_IRQHandler
                0x0000000008003bb4                SPI1_IRQHandler
                0x0000000008003bb4                TAMPER_IRQHandler
                0x0000000008003bb4                RTC_IRQHandler
                0x0000000008003bb4                CAN1_RX1_IRQHandler
                0x0000000008003bb4                TIM4_IRQHandler
                0x0000000008003bb4                I2C1_EV_IRQHandler
                0x0000000008003bb4                TIM3_IRQHandler
                0x0000000008003bb4                RCC_IRQHandler
                0x0000000008003bb4                TIM1_TRG_COM_IRQHandler
                0x0000000008003bb4                DMA1_Channel1_IRQHandler
                0x0000000008003bb4                Default_Handler
                0x0000000008003bb4                EXTI15_10_IRQHandler
                0x0000000008003bb4                EXTI9_5_IRQHandler
                0x0000000008003bb4                SPI2_IRQHandler
                0x0000000008003bb4                EXTI4_IRQHandler
                0x0000000008003bb4                USB_LP_CAN1_RX0_IRQHandler
                0x0000000008003bb4                USB_HP_CAN1_TX_IRQHandler
                0x0000000008003bb4                WWDG_IRQHandler
                0x0000000008003bb4                TIM1_BRK_IRQHandler
                0x0000000008003bb4                EXTI1_IRQHandler
                0x0000000008003bb4                I2C2_ER_IRQHandler
                0x0000000008003bb4                CAN1_SCE_IRQHandler
                0x0000000008003bb4                FLASH_IRQHandler
                0x0000000008003bb4                USART1_IRQHandler
                0x0000000008003bb4                I2C1_ER_IRQHandler
                0x0000000008003bb4                RTC_Alarm_IRQHandler
 *fill*         0x0000000008003bb6        0x2 
 .text.__libc_init_array
                0x0000000008003bb8       0x48 /usr/local/Cellar/gcc-arm-none-eabi/20180627/bin/../lib/gcc/arm-none-eabi/7.3.1/../../../../arm-none-eabi/lib/thumb/v7-m/libc_nano.a(lib_a-init.o)
                0x0000000008003bb8                __libc_init_array
 .text.memcpy   0x0000000008003c00       0x16 /usr/local/Cellar/gcc-arm-none-eabi/20180627/bin/../lib/gcc/arm-none-eabi/7.3.1/../../../../arm-none-eabi/lib/thumb/v7-m/libc_nano.a(lib_a-memcpy-stub.o)
                0x0000000008003c00                memcpy
 *(.glue_7)
 .glue_7        0x0000000008003c16        0x0 linker stubs
 *(.glue_7t)
 .glue_7t       0x0000000008003c16        0x0 linker stubs
 *(.eh_frame)
 *fill*         0x0000000008003c16        0x2 
 .eh_frame      0x0000000008003c18        0x0 /usr/local/Cellar/gcc-arm-none-eabi/20180627/bin/../lib/gcc/arm-none-eabi/7.3.1/thumb/v7-m/crtbegin.o
 *(.init)
 .init          0x0000000008003c18        0x4 /usr/local/Cellar/gcc-arm-none-eabi/20180627/bin/../lib/gcc/arm-none-eabi/7.3.1/thumb/v7-m/crti.o
                0x0000000008003c18                _init
 .init          0x0000000008003c1c        0x8 /usr/local/Cellar/gcc-arm-none-eabi/20180627/bin/../lib/gcc/arm-none-eabi/7.3.1/thumb/v7-m/crtn.o
 *(.fini)
 .fini          0x0000000008003c24        0x4 /usr/local/Cellar/gcc-arm-none-eabi/20180627/bin/../lib/gcc/arm-none-eabi/7.3.1/thumb/v7-m/crti.o
                0x0000000008003c24                _fini
 .fini          0x0000000008003c28        0x8 /usr/local/Cellar/gcc-arm-none-eabi/20180627/bin/../lib/gcc/arm-none-eabi/7.3.1/thumb/v7-m/crtn.o
                0x0000000008003c30                . = ALIGN (0x4)
                0x0000000008003c30                _etext = .

.vfp11_veneer   0x0000000008003c30        0x0
 .vfp11_veneer  0x0000000008003c30        0x0 linker stubs

.v4_bx          0x0000000008003c30        0x0
 .v4_bx         0x0000000008003c30        0x0 linker stubs

.iplt           0x0000000008003c30        0x0
 .iplt          0x0000000008003c30        0x0 /usr/local/Cellar/gcc-arm-none-eabi/20180627/bin/../lib/gcc/arm-none-eabi/7.3.1/thumb/v7-m/crtbegin.o

.rodata         0x0000000008003c30      0x5bc
                0x0000000008003c30                . = ALIGN (0x4)
 *(.rodata)
 .rodata        0x0000000008003c30       0x12 obj/stm32f1xx_hal_rcc.o
 *(.rodata*)
 *fill*         0x0000000008003c42        0x2 
 .rodata.appTask.str1.4
                0x0000000008003c44        0x4 obj/app.o
 .rodata.defaultad
                0x0000000008003c48      0x144 obj/constManager.o
 .rodata.AHBPrescTable
                0x0000000008003d8c       0x10 obj/system_stm32f1xx.o
                0x0000000008003d8c                AHBPrescTable
 .rodata.APBPrescTable
                0x0000000008003d9c        0x8 obj/system_stm32f1xx.o
                0x0000000008003d9c                APBPrescTable
 .rodata.HAL_NVIC_SetPriorityGrouping.str1.4
                0x0000000008003da4       0x38 obj/stm32f1xx_hal_cortex.o
 .rodata.HAL_DMA_Init.str1.4
                0x0000000008003ddc       0x35 obj/stm32f1xx_hal_dma.o
 *fill*         0x0000000008003e11        0x3 
 .rodata.HAL_GPIO_Init.str1.4
                0x0000000008003e14       0x36 obj/stm32f1xx_hal_gpio.o
 *fill*         0x0000000008003e4a        0x2 
 .rodata.HAL_I2C_Init.str1.4
                0x0000000008003e4c       0x35 obj/stm32f1xx_hal_i2c.o
 *fill*         0x0000000008003e81        0x3 
 .rodata.HAL_IWDG_Init.str1.4
                0x0000000008003e84       0x36 obj/stm32f1xx_hal_iwdg.o
 *fill*         0x0000000008003eba        0x2 
 .rodata.HAL_RCC_OscConfig.str1.4
                0x0000000008003ebc       0x35 obj/stm32f1xx_hal_rcc.o
 *fill*         0x0000000008003ef1        0x3 
 .rodata.HAL_RCCEx_PeriphCLKConfig.str1.4
                0x0000000008003ef4       0x38 obj/stm32f1xx_hal_rcc_ex.o
 .rodata.UART_SetConfig.str1.4
                0x0000000008003f2c       0x36 obj/stm32f1xx_hal_uart.o
 *fill*         0x0000000008003f62        0x2 
 .rodata.MW_GPIOInit.str1.4
                0x0000000008003f64       0x28 obj/MW_GPIO.o
 .rodata.gpioid
                0x0000000008003f8c       0x10 obj/MW_GPIO.o
 .rodata.MW_SetI2CClockSpeed.str1.4
                0x0000000008003f9c       0x26 obj/MW_I2C.o
 *fill*         0x0000000008003fc2        0x2 
 .rodata.i2cid  0x0000000008003fc4        0x8 obj/MW_I2C.o
 .rodata.MW_USARTSetBaudRate.str1.4
                0x0000000008003fcc       0x29 obj/MW_USART.o
 *fill*         0x0000000008003ff5        0x3 
 .rodata.uartid
                0x0000000008003ff8        0xc obj/MW_USART.o
 .rodata._msg.str1.4
                0x0000000008004004       0x12 obj/message.o
 *fill*         0x0000000008004016        0x2 
 .rodata.DD_I2C1Receive.str1.4
                0x0000000008004018       0x37 obj/DD_Gene.o
 *fill*         0x000000000800404f        0x1 
 .rodata.DD_I2C1Send.str1.4
                0x0000000008004050       0x3c obj/DD_Gene.o
 .rodata.__FUNCTION__.8009
                0x000000000800408c        0xc obj/DD_Gene.o
 .rodata.__FUNCTION__.8023
                0x0000000008004098        0xf obj/DD_Gene.o
 *fill*         0x00000000080040a7        0x1 
 .rodata.DD_MDHandPrint.str1.4
                0x00000000080040a8       0x39 obj/DD_MD.o
 *fill*         0x00000000080040e1        0x3 
 .rodata.SY_clockInit.str1.4
                0x00000000080040e4       0x3e obj/SystemTaskManager.o
                                         0x42 (size before relaxing)
 *fill*         0x0000000008004122        0x2 
 .rodata.SY_init.str1.4
                0x0000000008004124       0x2d obj/SystemTaskManager.o
 *fill*         0x0000000008004151        0x3 
 .rodata.__FUNCTION__.8115
                0x0000000008004154        0x5 obj/SystemTaskManager.o
 *fill*         0x0000000008004159        0x3 
 .rodata.__FUNCTION__.8145
                0x000000000800415c        0x8 obj/SystemTaskManager.o
 .rodata.__FUNCTION__.8152
                0x0000000008004164        0xd obj/SystemTaskManager.o
 *fill*         0x0000000008004171        0x3 
 .rodata.main.str1.4
                0x0000000008004174       0x78 obj/SystemTaskManager.o
                                         0x80 (size before relaxing)
                0x00000000080041ec                . = ALIGN (0x4)

.rel.dyn        0x00000000080041ec        0x0
 .rel.iplt      0x00000000080041ec        0x0 /usr/local/Cellar/gcc-arm-none-eabi/20180627/bin/../lib/gcc/arm-none-eabi/7.3.1/thumb/v7-m/crtbegin.o

.ARM.extab
 *(.ARM.extab* .gnu.linkonce.armextab.*)

.ARM            0x00000000080041ec        0x0
                0x00000000080041ec                __exidx_start = .
 *(.ARM.exidx*)
                0x00000000080041ec                __exidx_end = .

.preinit_array  0x00000000080041ec        0x0
                0x00000000080041ec                PROVIDE (__preinit_array_start = .)
 *(.preinit_array*)
                0x00000000080041ec                PROVIDE (__preinit_array_end = .)

.init_array     0x00000000080041ec        0x4
                0x00000000080041ec                PROVIDE (__init_array_start = .)
 *(SORT_BY_NAME(.init_array.*))
 *(.init_array*)
 .init_array    0x00000000080041ec        0x4 /usr/local/Cellar/gcc-arm-none-eabi/20180627/bin/../lib/gcc/arm-none-eabi/7.3.1/thumb/v7-m/crtbegin.o
                0x00000000080041f0                PROVIDE (__init_array_end = .)

.fini_array     0x00000000080041f0        0x4
                [!provide]                        PROVIDE (__fini_array_start = .)
 *(SORT_BY_NAME(.fini_array.*))
 *(.fini_array*)
 .fini_array    0x00000000080041f0        0x4 /usr/local/Cellar/gcc-arm-none-eabi/20180627/bin/../lib/gcc/arm-none-eabi/7.3.1/thumb/v7-m/crtbegin.o
                [!provide]                        PROVIDE (__fini_array_end = .)
                0x00000000080041f4                _sidata = LOADADDR (.data)

.data           0x0000000020000000      0x1d8 load address 0x00000000080041f4
                0x0000000020000000                . = ALIGN (0x4)
                0x0000000020000000                _sdata = .
 *(.data)
 *(.data*)
 .data.read_enable.8580
                0x0000000020000000        0x1 obj/app.o
 *fill*         0x0000000020000001        0x3 
 .data.editlist
                0x0000000020000004       0x24 obj/constManager.o
                0x0000000020000004                editlist
 .data.g_md_h   0x0000000020000028       0x24 obj/deviceDefinition.o
                0x0000000020000028                g_md_h
 .data.SystemCoreClock
                0x000000002000004c        0x4 obj/system_stm32f1xx.o
                0x000000002000004c                SystemCoreClock
 .data.hi2c1    0x0000000020000050       0x3c obj/MW_I2C.o
 .data.hi2c2    0x000000002000008c       0x3c obj/MW_I2C.o
                0x000000002000008c                hi2c2
 .data.hiwdg    0x00000000200000c8       0x10 obj/MW_IWDG.o
 .data.htim1    0x00000000200000d8       0x3c obj/MW_TIM.o
 .data.huart1   0x0000000020000114       0x40 obj/MW_USART.o
                0x0000000020000114                huart1
 .data.huart2   0x0000000020000154       0x40 obj/MW_USART.o
                0x0000000020000154                huart2
 .data.huart3   0x0000000020000194       0x40 obj/MW_USART.o
                0x0000000020000194                huart3
 .data.had_completed
                0x00000000200001d4        0x1 obj/message.o
                0x00000000200001d8                . = ALIGN (0x4)
 *fill*         0x00000000200001d5        0x3 
                0x00000000200001d8                _edata = .

.igot.plt       0x00000000200001d8        0x0 load address 0x00000000080043cc
 .igot.plt      0x00000000200001d8        0x0 /usr/local/Cellar/gcc-arm-none-eabi/20180627/bin/../lib/gcc/arm-none-eabi/7.3.1/thumb/v7-m/crtbegin.o
                0x00000000200001d8                . = ALIGN (0x4)

.bss            0x00000000200001d8      0x720 load address 0x00000000080043cc
                0x00000000200001d8                _sbss = .
                0x00000000200001d8                __bss_start__ = _sbss
 *(.bss)
 .bss           0x00000000200001d8       0x1c /usr/local/Cellar/gcc-arm-none-eabi/20180627/bin/../lib/gcc/arm-none-eabi/7.3.1/thumb/v7-m/crtbegin.o
 *(.bss*)
 .bss.recent_read_bit.8579
                0x00000000200001f4        0x4 obj/app.o
 .bss.win_medal.8568
                0x00000000200001f8        0x4 obj/app.o
 .bss.g_adjust  0x00000000200001fc      0x144 obj/constManager.o
                0x00000000200001fc                g_adjust
 .bss.g_c_data  0x0000000020000340       0x48 obj/constManager.o
                0x0000000020000340                g_c_data
 .bss.hdma_irx.7389
                0x0000000020000388       0x38 obj/msp.o
 .bss.hdma_itx.7388
                0x00000000200003c0       0x38 obj/msp.o
 .bss.hdma_rx.7428
                0x00000000200003f8       0x38 obj/msp.o
 .bss.hdma_rx.7432
                0x0000000020000430       0x38 obj/msp.o
 .bss.hdma_tx.7427
                0x0000000020000468       0x38 obj/msp.o
 .bss.hdma_tx.7433
                0x00000000200004a0       0x38 obj/msp.o
 .bss.uwTick    0x00000000200004d8        0x4 obj/stm32f1xx_hal.o
 .bss.GPIO_InitStruct
                0x00000000200004dc       0x10 obj/MW_GPIO.o
 .bss.buff      0x00000000200004ec      0x400 obj/message.o
 .bss.outptr    0x00000000200008ec        0x4 obj/xprintf.o
                0x00000000200008ec                outptr
 .bss.xfunc_out
                0x00000000200008f0        0x4 obj/xprintf.o
                0x00000000200008f0                xfunc_out
 .bss.g_SY_system_counter
                0x00000000200008f4        0x4 obj/SystemTaskManager.o
                0x00000000200008f4                g_SY_system_counter
 *(COMMON)
                0x00000000200008f8                . = ALIGN (0x4)
                0x00000000200008f8                _ebss = .
                0x00000000200008f8                __bss_end__ = _ebss

._user_heap_stack
                0x00000000200008f8      0x600 load address 0x00000000080043cc
                0x00000000200008f8                . = ALIGN (0x8)
                [!provide]                        PROVIDE (end = .)
                [!provide]                        PROVIDE (_end = .)
                0x0000000020000af8                . = (. + _Min_Heap_Size)
 *fill*         0x00000000200008f8      0x200 
                0x0000000020000ef8                . = (. + _Min_Stack_Size)
 *fill*         0x0000000020000af8      0x400 
                0x0000000020000ef8                . = ALIGN (0x8)

/DISCARD/
 libc.a(*)
 libm.a(*)
 libgcc.a(*)

.ARM.attributes
                0x0000000000000000       0x29
 *(.ARM.attributes)
 .ARM.attributes
                0x0000000000000000       0x1d /usr/local/Cellar/gcc-arm-none-eabi/20180627/bin/../lib/gcc/arm-none-eabi/7.3.1/thumb/v7-m/crti.o
 .ARM.attributes
                0x000000000000001d       0x2d /usr/local/Cellar/gcc-arm-none-eabi/20180627/bin/../lib/gcc/arm-none-eabi/7.3.1/thumb/v7-m/crtbegin.o
 .ARM.attributes
                0x000000000000004a       0x33 obj/app.o
 .ARM.attributes
                0x000000000000007d       0x33 obj/assert.o
 .ARM.attributes
                0x00000000000000b0       0x33 obj/constManager.o
 .ARM.attributes
                0x00000000000000e3       0x33 obj/deviceDefinition.o
 .ARM.attributes
                0x0000000000000116       0x33 obj/msp.o
 .ARM.attributes
                0x0000000000000149       0x33 obj/stm32f1xx_it.o
 .ARM.attributes
                0x000000000000017c       0x33 obj/system_stm32f1xx.o
 .ARM.attributes
                0x00000000000001af       0x33 obj/stm32f1xx_hal.o
 .ARM.attributes
                0x00000000000001e2       0x33 obj/stm32f1xx_hal_cortex.o
 .ARM.attributes
                0x0000000000000215       0x33 obj/stm32f1xx_hal_dma.o
 .ARM.attributes
                0x0000000000000248       0x33 obj/stm32f1xx_hal_gpio.o
 .ARM.attributes
                0x000000000000027b       0x33 obj/stm32f1xx_hal_i2c.o
 .ARM.attributes
                0x00000000000002ae       0x33 obj/stm32f1xx_hal_iwdg.o
 .ARM.attributes
                0x00000000000002e1       0x33 obj/stm32f1xx_hal_rcc.o
 .ARM.attributes
                0x0000000000000314       0x33 obj/stm32f1xx_hal_rcc_ex.o
 .ARM.attributes
                0x0000000000000347       0x33 obj/stm32f1xx_hal_tim.o
 .ARM.attributes
                0x000000000000037a       0x33 obj/stm32f1xx_hal_tim_ex.o
 .ARM.attributes
                0x00000000000003ad       0x33 obj/stm32f1xx_hal_uart.o
 .ARM.attributes
                0x00000000000003e0       0x33 obj/MW_GPIO.o
 .ARM.attributes
                0x0000000000000413       0x33 obj/MW_I2C.o
 .ARM.attributes
                0x0000000000000446       0x33 obj/MW_IWDG.o
 .ARM.attributes
                0x0000000000000479       0x33 obj/MW_TIM.o
 .ARM.attributes
                0x00000000000004ac       0x33 obj/MW_USART.o
 .ARM.attributes
                0x00000000000004df       0x33 obj/message.o
 .ARM.attributes
                0x0000000000000512       0x33 obj/xprintf.o
 .ARM.attributes
                0x0000000000000545       0x33 obj/DD_Gene.o
 .ARM.attributes
                0x0000000000000578       0x33 obj/DD_MD.o
 .ARM.attributes
                0x00000000000005ab       0x33 obj/SystemTaskManager.o
 .ARM.attributes
                0x00000000000005de       0x21 obj/startup.o
 .ARM.attributes
                0x00000000000005ff       0x2d /usr/local/Cellar/gcc-arm-none-eabi/20180627/bin/../lib/gcc/arm-none-eabi/7.3.1/../../../../arm-none-eabi/lib/thumb/v7-m/libc_nano.a(lib_a-init.o)
 .ARM.attributes
                0x000000000000062c       0x2d /usr/local/Cellar/gcc-arm-none-eabi/20180627/bin/../lib/gcc/arm-none-eabi/7.3.1/../../../../arm-none-eabi/lib/thumb/v7-m/libc_nano.a(lib_a-memcpy-stub.o)
 .ARM.attributes
                0x0000000000000659       0x1d /usr/local/Cellar/gcc-arm-none-eabi/20180627/bin/../lib/gcc/arm-none-eabi/7.3.1/thumb/v7-m/crtn.o
OUTPUT(bin/Test.elf elf32-littlearm)

.debug_info     0x0000000000000000    0x25c71
 .debug_info    0x0000000000000000      0xdd6 obj/app.o
 .debug_info    0x0000000000000dd6      0x967 obj/assert.o
 .debug_info    0x000000000000173d     0x18c8 obj/constManager.o
 .debug_info    0x0000000000003005      0xa75 obj/deviceDefinition.o
 .debug_info    0x0000000000003a7a     0x2433 obj/msp.o
 .debug_info    0x0000000000005ead     0x11b9 obj/stm32f1xx_it.o
 .debug_info    0x0000000000007066      0x3ec obj/system_stm32f1xx.o
 .debug_info    0x0000000000007452      0xf0e obj/stm32f1xx_hal.o
 .debug_info    0x0000000000008360     0x1550 obj/stm32f1xx_hal_cortex.o
 .debug_info    0x00000000000098b0      0xffa obj/stm32f1xx_hal_dma.o
 .debug_info    0x000000000000a8aa     0x1080 obj/stm32f1xx_hal_gpio.o
 .debug_info    0x000000000000b92a     0x34cf obj/stm32f1xx_hal_i2c.o
 .debug_info    0x000000000000edf9      0xc15 obj/stm32f1xx_hal_iwdg.o
 .debug_info    0x000000000000fa0e     0x1d94 obj/stm32f1xx_hal_rcc.o
 .debug_info    0x00000000000117a2      0xe68 obj/stm32f1xx_hal_rcc_ex.o
 .debug_info    0x000000000001260a     0x4b8a obj/stm32f1xx_hal_tim.o
 .debug_info    0x0000000000017194     0x2002 obj/stm32f1xx_hal_tim_ex.o
 .debug_info    0x0000000000019196     0x1c43 obj/stm32f1xx_hal_uart.o
 .debug_info    0x000000000001add9      0xd24 obj/MW_GPIO.o
 .debug_info    0x000000000001bafd     0x10be obj/MW_I2C.o
 .debug_info    0x000000000001cbbb      0xba9 obj/MW_IWDG.o
 .debug_info    0x000000000001d764     0x1360 obj/MW_TIM.o
 .debug_info    0x000000000001eac4     0x110f obj/MW_USART.o
 .debug_info    0x000000000001fbd3     0x1088 obj/message.o
 .debug_info    0x0000000000020c5b     0x1373 obj/xprintf.o
 .debug_info    0x0000000000021fce     0x1319 obj/DD_Gene.o
 .debug_info    0x00000000000232e7      0xb47 obj/DD_MD.o
 .debug_info    0x0000000000023e2e     0x1e43 obj/SystemTaskManager.o

.debug_abbrev   0x0000000000000000     0x4c04
 .debug_abbrev  0x0000000000000000      0x2aa obj/app.o
 .debug_abbrev  0x00000000000002aa      0x1c0 obj/assert.o
 .debug_abbrev  0x000000000000046a      0x337 obj/constManager.o
 .debug_abbrev  0x00000000000007a1      0x1c9 obj/deviceDefinition.o
 .debug_abbrev  0x000000000000096a      0x2bc obj/msp.o
 .debug_abbrev  0x0000000000000c26      0x21f obj/stm32f1xx_it.o
 .debug_abbrev  0x0000000000000e45      0x134 obj/system_stm32f1xx.o
 .debug_abbrev  0x0000000000000f79      0x338 obj/stm32f1xx_hal.o
 .debug_abbrev  0x00000000000012b1      0x3ac obj/stm32f1xx_hal_cortex.o
 .debug_abbrev  0x000000000000165d      0x2d4 obj/stm32f1xx_hal_dma.o
 .debug_abbrev  0x0000000000001931      0x2de obj/stm32f1xx_hal_gpio.o
 .debug_abbrev  0x0000000000001c0f      0x2f0 obj/stm32f1xx_hal_i2c.o
 .debug_abbrev  0x0000000000001eff      0x299 obj/stm32f1xx_hal_iwdg.o
 .debug_abbrev  0x0000000000002198      0x33a obj/stm32f1xx_hal_rcc.o
 .debug_abbrev  0x00000000000024d2      0x339 obj/stm32f1xx_hal_rcc_ex.o
 .debug_abbrev  0x000000000000280b      0x2ef obj/stm32f1xx_hal_tim.o
 .debug_abbrev  0x0000000000002afa      0x2e0 obj/stm32f1xx_hal_tim_ex.o
 .debug_abbrev  0x0000000000002dda      0x2fd obj/stm32f1xx_hal_uart.o
 .debug_abbrev  0x00000000000030d7      0x278 obj/MW_GPIO.o
 .debug_abbrev  0x000000000000334f      0x27d obj/MW_I2C.o
 .debug_abbrev  0x00000000000035cc      0x25c obj/MW_IWDG.o
 .debug_abbrev  0x0000000000003828      0x27c obj/MW_TIM.o
 .debug_abbrev  0x0000000000003aa4      0x274 obj/MW_USART.o
 .debug_abbrev  0x0000000000003d18      0x2e2 obj/message.o
 .debug_abbrev  0x0000000000003ffa      0x35b obj/xprintf.o
 .debug_abbrev  0x0000000000004355      0x2aa obj/DD_Gene.o
 .debug_abbrev  0x00000000000045ff      0x267 obj/DD_MD.o
 .debug_abbrev  0x0000000000004866      0x39e obj/SystemTaskManager.o

.debug_loc      0x0000000000000000     0xb2ef
 .debug_loc     0x0000000000000000      0x2bb obj/app.o
 .debug_loc     0x00000000000002bb      0x371 obj/constManager.o
 .debug_loc     0x000000000000062c      0x3ac obj/msp.o
 .debug_loc     0x00000000000009d8       0xdf obj/system_stm32f1xx.o
 .debug_loc     0x0000000000000ab7       0x81 obj/stm32f1xx_hal.o
 .debug_loc     0x0000000000000b38      0x6db obj/stm32f1xx_hal_cortex.o
 .debug_loc     0x0000000000001213      0x4fc obj/stm32f1xx_hal_dma.o
 .debug_loc     0x000000000000170f      0x571 obj/stm32f1xx_hal_gpio.o
 .debug_loc     0x0000000000001c80     0x2d80 obj/stm32f1xx_hal_i2c.o
 .debug_loc     0x0000000000004a00      0x10d obj/stm32f1xx_hal_iwdg.o
 .debug_loc     0x0000000000004b0d      0x91b obj/stm32f1xx_hal_rcc.o
 .debug_loc     0x0000000000005428      0x333 obj/stm32f1xx_hal_rcc_ex.o
 .debug_loc     0x000000000000575b     0x2704 obj/stm32f1xx_hal_tim.o
 .debug_loc     0x0000000000007e5f      0xade obj/stm32f1xx_hal_tim_ex.o
 .debug_loc     0x000000000000893d     0x116d obj/stm32f1xx_hal_uart.o
 .debug_loc     0x0000000000009aaa      0x1ca obj/MW_GPIO.o
 .debug_loc     0x0000000000009c74      0x2dd obj/MW_I2C.o
 .debug_loc     0x0000000000009f51      0x2b8 obj/MW_TIM.o
 .debug_loc     0x000000000000a209      0x1fa obj/MW_USART.o
 .debug_loc     0x000000000000a403       0xb5 obj/message.o
 .debug_loc     0x000000000000a4b8      0x907 obj/xprintf.o
 .debug_loc     0x000000000000adbf      0x29e obj/DD_Gene.o
 .debug_loc     0x000000000000b05d       0x80 obj/DD_MD.o
 .debug_loc     0x000000000000b0dd      0x212 obj/SystemTaskManager.o

.debug_aranges  0x0000000000000000     0x10d8
 .debug_aranges
                0x0000000000000000       0x38 obj/app.o
 .debug_aranges
                0x0000000000000038       0x20 obj/assert.o
 .debug_aranges
                0x0000000000000058       0x88 obj/constManager.o
 .debug_aranges
                0x00000000000000e0       0x18 obj/deviceDefinition.o
 .debug_aranges
                0x00000000000000f8       0x88 obj/msp.o
 .debug_aranges
                0x0000000000000180       0xa0 obj/stm32f1xx_it.o
 .debug_aranges
                0x0000000000000220       0x28 obj/system_stm32f1xx.o
 .debug_aranges
                0x0000000000000248       0xb0 obj/stm32f1xx_hal.o
 .debug_aranges
                0x00000000000002f8       0x90 obj/stm32f1xx_hal_cortex.o
 .debug_aranges
                0x0000000000000388       0x68 obj/stm32f1xx_hal_dma.o
 .debug_aranges
                0x00000000000003f0       0x58 obj/stm32f1xx_hal_gpio.o
 .debug_aranges
                0x0000000000000448      0x218 obj/stm32f1xx_hal_i2c.o
 .debug_aranges
                0x0000000000000660       0x40 obj/stm32f1xx_hal_iwdg.o
 .debug_aranges
                0x00000000000006a0       0x88 obj/stm32f1xx_hal_rcc.o
 .debug_aranges
                0x0000000000000728       0x30 obj/stm32f1xx_hal_rcc_ex.o
 .debug_aranges
                0x0000000000000758      0x368 obj/stm32f1xx_hal_tim.o
 .debug_aranges
                0x0000000000000ac0      0x138 obj/stm32f1xx_hal_tim_ex.o
 .debug_aranges
                0x0000000000000bf8      0x150 obj/stm32f1xx_hal_uart.o
 .debug_aranges
                0x0000000000000d48       0x58 obj/MW_GPIO.o
 .debug_aranges
                0x0000000000000da0       0x60 obj/MW_I2C.o
 .debug_aranges
                0x0000000000000e00       0x40 obj/MW_IWDG.o
 .debug_aranges
                0x0000000000000e40       0x80 obj/MW_TIM.o
 .debug_aranges
                0x0000000000000ec0       0x68 obj/MW_USART.o
 .debug_aranges
                0x0000000000000f28       0x48 obj/message.o
 .debug_aranges
                0x0000000000000f70       0x70 obj/xprintf.o
 .debug_aranges
                0x0000000000000fe0       0x50 obj/DD_Gene.o
 .debug_aranges
                0x0000000000001030       0x30 obj/DD_MD.o
 .debug_aranges
                0x0000000000001060       0x78 obj/SystemTaskManager.o

.debug_ranges   0x0000000000000000      0xfa0
 .debug_ranges  0x0000000000000000       0x28 obj/app.o
 .debug_ranges  0x0000000000000028       0x10 obj/assert.o
 .debug_ranges  0x0000000000000038       0xa8 obj/constManager.o
 .debug_ranges  0x00000000000000e0       0x78 obj/msp.o
 .debug_ranges  0x0000000000000158       0x90 obj/stm32f1xx_it.o
 .debug_ranges  0x00000000000001e8       0x18 obj/system_stm32f1xx.o
 .debug_ranges  0x0000000000000200       0xa0 obj/stm32f1xx_hal.o
 .debug_ranges  0x00000000000002a0       0xe0 obj/stm32f1xx_hal_cortex.o
 .debug_ranges  0x0000000000000380       0x58 obj/stm32f1xx_hal_dma.o
 .debug_ranges  0x00000000000003d8       0x48 obj/stm32f1xx_hal_gpio.o
 .debug_ranges  0x0000000000000420      0x208 obj/stm32f1xx_hal_i2c.o
 .debug_ranges  0x0000000000000628       0x30 obj/stm32f1xx_hal_iwdg.o
 .debug_ranges  0x0000000000000658       0x78 obj/stm32f1xx_hal_rcc.o
 .debug_ranges  0x00000000000006d0       0x20 obj/stm32f1xx_hal_rcc_ex.o
 .debug_ranges  0x00000000000006f0      0x358 obj/stm32f1xx_hal_tim.o
 .debug_ranges  0x0000000000000a48      0x128 obj/stm32f1xx_hal_tim_ex.o
 .debug_ranges  0x0000000000000b70      0x140 obj/stm32f1xx_hal_uart.o
 .debug_ranges  0x0000000000000cb0       0x48 obj/MW_GPIO.o
 .debug_ranges  0x0000000000000cf8       0x50 obj/MW_I2C.o
 .debug_ranges  0x0000000000000d48       0x30 obj/MW_IWDG.o
 .debug_ranges  0x0000000000000d78       0x70 obj/MW_TIM.o
 .debug_ranges  0x0000000000000de8       0x58 obj/MW_USART.o
 .debug_ranges  0x0000000000000e40       0x38 obj/message.o
 .debug_ranges  0x0000000000000e78       0x60 obj/xprintf.o
 .debug_ranges  0x0000000000000ed8       0x40 obj/DD_Gene.o
 .debug_ranges  0x0000000000000f18       0x20 obj/DD_MD.o
 .debug_ranges  0x0000000000000f38       0x68 obj/SystemTaskManager.o

.debug_macro    0x0000000000000000    0x15685
 .debug_macro   0x0000000000000000      0x435 obj/app.o
 .debug_macro   0x0000000000000435      0xab4 obj/app.o
 .debug_macro   0x0000000000000ee9       0x6a obj/app.o
 .debug_macro   0x0000000000000f53       0x22 obj/app.o
 .debug_macro   0x0000000000000f75       0x8e obj/app.o
 .debug_macro   0x0000000000001003       0x51 obj/app.o
 .debug_macro   0x0000000000001054       0xef obj/app.o
 .debug_macro   0x0000000000001143       0x6a obj/app.o
 .debug_macro   0x00000000000011ad      0x1df obj/app.o
 .debug_macro   0x000000000000138c       0x16 obj/app.o
 .debug_macro   0x00000000000013a2       0x40 obj/app.o
 .debug_macro   0x00000000000013e2       0x10 obj/app.o
 .debug_macro   0x00000000000013f2       0x16 obj/app.o
 .debug_macro   0x0000000000001408      0x1b1 obj/app.o
 .debug_macro   0x00000000000015b9       0x2e obj/app.o
 .debug_macro   0x00000000000015e7       0x22 obj/app.o
 .debug_macro   0x0000000000001609       0x3a obj/app.o
 .debug_macro   0x0000000000001643       0x34 obj/app.o
 .debug_macro   0x0000000000001677      0xb8e obj/app.o
 .debug_macro   0x0000000000002205     0x69eb obj/app.o
 .debug_macro   0x0000000000008bf0       0x43 obj/app.o
 .debug_macro   0x0000000000008c33     0x3383 obj/app.o
 .debug_macro   0x000000000000bfb6       0x5e obj/app.o
 .debug_macro   0x000000000000c014       0x18 obj/app.o
 .debug_macro   0x000000000000c02c       0x35 obj/app.o
 .debug_macro   0x000000000000c061       0x34 obj/app.o
 .debug_macro   0x000000000000c095       0x16 obj/app.o
 .debug_macro   0x000000000000c0ab       0x97 obj/app.o
 .debug_macro   0x000000000000c142      0x353 obj/app.o
 .debug_macro   0x000000000000c495       0xf6 obj/app.o
 .debug_macro   0x000000000000c58b       0x10 obj/app.o
 .debug_macro   0x000000000000c59b       0x58 obj/app.o
 .debug_macro   0x000000000000c5f3       0x1f obj/app.o
 .debug_macro   0x000000000000c612       0x43 obj/app.o
 .debug_macro   0x000000000000c655       0x20 obj/app.o
 .debug_macro   0x000000000000c675      0x18e obj/app.o
 .debug_macro   0x000000000000c803       0x10 obj/app.o
 .debug_macro   0x000000000000c813       0x1c obj/app.o
 .debug_macro   0x000000000000c82f       0x52 obj/app.o
 .debug_macro   0x000000000000c881       0x40 obj/app.o
 .debug_macro   0x000000000000c8c1       0x10 obj/app.o
 .debug_macro   0x000000000000c8d1       0x40 obj/app.o
 .debug_macro   0x000000000000c911       0xd7 obj/app.o
 .debug_macro   0x000000000000c9e8       0x1c obj/app.o
 .debug_macro   0x000000000000ca04       0x3d obj/app.o
 .debug_macro   0x000000000000ca41       0x16 obj/app.o
 .debug_macro   0x000000000000ca57      0x16f obj/app.o
 .debug_macro   0x000000000000cbc6       0x57 obj/app.o
 .debug_macro   0x000000000000cc1d      0x778 obj/app.o
 .debug_macro   0x000000000000d395      0x28b obj/app.o
 .debug_macro   0x000000000000d620      0x141 obj/app.o
 .debug_macro   0x000000000000d761      0x197 obj/app.o
 .debug_macro   0x000000000000d8f8      0x1ae obj/app.o
 .debug_macro   0x000000000000daa6       0x2d obj/app.o
 .debug_macro   0x000000000000dad3       0x3c obj/app.o
 .debug_macro   0x000000000000db0f       0x57 obj/app.o
 .debug_macro   0x000000000000db66      0x46a obj/app.o
 .debug_macro   0x000000000000dfd0      0x1b5 obj/app.o
 .debug_macro   0x000000000000e185       0x8c obj/app.o
 .debug_macro   0x000000000000e211      0x242 obj/app.o
 .debug_macro   0x000000000000e453      0x225 obj/app.o
 .debug_macro   0x000000000000e678       0x99 obj/app.o
 .debug_macro   0x000000000000e711      0x143 obj/app.o
 .debug_macro   0x000000000000e854      0x1f4 obj/app.o
 .debug_macro   0x000000000000ea48      0x83e obj/app.o
 .debug_macro   0x000000000000f286       0x11 obj/app.o
 .debug_macro   0x000000000000f297      0x256 obj/app.o
 .debug_macro   0x000000000000f4ed       0x7c obj/app.o
 .debug_macro   0x000000000000f569       0x16 obj/app.o
 .debug_macro   0x000000000000f57f       0x35 obj/app.o
 .debug_macro   0x000000000000f5b4       0x16 obj/app.o
 .debug_macro   0x000000000000f5ca       0x29 obj/app.o
 .debug_macro   0x000000000000f5f3       0x16 obj/app.o
 .debug_macro   0x000000000000f609      0x100 obj/app.o
 .debug_macro   0x000000000000f709       0x2e obj/app.o
 .debug_macro   0x000000000000f737       0x22 obj/app.o
 .debug_macro   0x000000000000f759      0x1e1 obj/app.o
 .debug_macro   0x000000000000f93a       0x28 obj/app.o
 .debug_macro   0x000000000000f962       0x34 obj/app.o
 .debug_macro   0x000000000000f996      0x325 obj/assert.o
 .debug_macro   0x000000000000fcbb       0x34 obj/assert.o
 .debug_macro   0x000000000000fcef      0x3b2 obj/constManager.o
 .debug_macro   0x00000000000100a1       0x58 obj/constManager.o
 .debug_macro   0x00000000000100f9       0x94 obj/constManager.o
 .debug_macro   0x000000000001018d       0x57 obj/constManager.o
 .debug_macro   0x00000000000101e4      0x10b obj/constManager.o
 .debug_macro   0x00000000000102ef       0x10 obj/constManager.o
 .debug_macro   0x00000000000102ff       0x1c obj/constManager.o
 .debug_macro   0x000000000001031b       0x28 obj/constManager.o
 .debug_macro   0x0000000000010343      0x3ea obj/deviceDefinition.o
 .debug_macro   0x000000000001072d      0x325 obj/msp.o
 .debug_macro   0x0000000000010a52      0x369 obj/stm32f1xx_it.o
 .debug_macro   0x0000000000010dbb       0x10 obj/stm32f1xx_it.o
 .debug_macro   0x0000000000010dcb       0xd1 obj/system_stm32f1xx.o
 .debug_macro   0x0000000000010e9c      0x349 obj/stm32f1xx_hal.o
 .debug_macro   0x00000000000111e5      0x325 obj/stm32f1xx_hal_cortex.o
 .debug_macro   0x000000000001150a      0x32b obj/stm32f1xx_hal_dma.o
 .debug_macro   0x0000000000011835      0x395 obj/stm32f1xx_hal_gpio.o
 .debug_macro   0x0000000000011bca      0x33b obj/stm32f1xx_hal_i2c.o
 .debug_macro   0x0000000000011f05      0x32b obj/stm32f1xx_hal_iwdg.o
 .debug_macro   0x0000000000012230      0x349 obj/stm32f1xx_hal_rcc.o
 .debug_macro   0x0000000000012579      0x325 obj/stm32f1xx_hal_rcc_ex.o
 .debug_macro   0x000000000001289e      0x326 obj/stm32f1xx_hal_tim.o
 .debug_macro   0x0000000000012bc4      0x325 obj/stm32f1xx_hal_tim_ex.o
 .debug_macro   0x0000000000012ee9      0x326 obj/stm32f1xx_hal_uart.o
 .debug_macro   0x000000000001320f      0x334 obj/MW_GPIO.o
 .debug_macro   0x0000000000013543       0x22 obj/MW_GPIO.o
 .debug_macro   0x0000000000013565      0x372 obj/MW_I2C.o
 .debug_macro   0x00000000000138d7      0x363 obj/MW_IWDG.o
 .debug_macro   0x0000000000013c3a      0x368 obj/MW_TIM.o
 .debug_macro   0x0000000000013fa2       0x16 obj/MW_TIM.o
 .debug_macro   0x0000000000013fb8      0x369 obj/MW_USART.o
 .debug_macro   0x0000000000014321      0x3a1 obj/message.o
 .debug_macro   0x00000000000146c2       0x22 obj/message.o
 .debug_macro   0x00000000000146e4       0x58 obj/message.o
 .debug_macro   0x000000000001473c       0x22 obj/message.o
 .debug_macro   0x000000000001475e      0x33d obj/xprintf.o
 .debug_macro   0x0000000000014a9b      0x3ed obj/DD_Gene.o
 .debug_macro   0x0000000000014e88       0x10 obj/DD_Gene.o
 .debug_macro   0x0000000000014e98      0x3db obj/DD_MD.o
 .debug_macro   0x0000000000015273      0x412 obj/SystemTaskManager.o

.debug_line     0x0000000000000000    0x14815
 .debug_line    0x0000000000000000      0xd3a obj/app.o
 .debug_line    0x0000000000000d3a      0x715 obj/assert.o
 .debug_line    0x000000000000144f      0xbac obj/constManager.o
 .debug_line    0x0000000000001ffb      0xb33 obj/deviceDefinition.o
 .debug_line    0x0000000000002b2e      0x96a obj/msp.o
 .debug_line    0x0000000000003498      0x9ce obj/stm32f1xx_it.o
 .debug_line    0x0000000000003e66      0x32f obj/system_stm32f1xx.o
 .debug_line    0x0000000000004195      0x896 obj/stm32f1xx_hal.o
 .debug_line    0x0000000000004a2b      0x92d obj/stm32f1xx_hal_cortex.o
 .debug_line    0x0000000000005358      0xbc4 obj/stm32f1xx_hal_dma.o
 .debug_line    0x0000000000005f1c      0x9e0 obj/stm32f1xx_hal_gpio.o
 .debug_line    0x00000000000068fc     0x17ed obj/stm32f1xx_hal_i2c.o
 .debug_line    0x00000000000080e9      0x7f4 obj/stm32f1xx_hal_iwdg.o
 .debug_line    0x00000000000088dd      0xd89 obj/stm32f1xx_hal_rcc.o
 .debug_line    0x0000000000009666      0x891 obj/stm32f1xx_hal_rcc_ex.o
 .debug_line    0x0000000000009ef7     0x26e8 obj/stm32f1xx_hal_tim.o
 .debug_line    0x000000000000c5df     0x108e obj/stm32f1xx_hal_tim_ex.o
 .debug_line    0x000000000000d66d      0xf29 obj/stm32f1xx_hal_uart.o
 .debug_line    0x000000000000e596      0x7f1 obj/MW_GPIO.o
 .debug_line    0x000000000000ed87      0x864 obj/MW_I2C.o
 .debug_line    0x000000000000f5eb      0x7f9 obj/MW_IWDG.o
 .debug_line    0x000000000000fde4      0x8e6 obj/MW_TIM.o
 .debug_line    0x00000000000106ca      0x86d obj/MW_USART.o
 .debug_line    0x0000000000010f37      0x974 obj/message.o
 .debug_line    0x00000000000118ab      0xa16 obj/xprintf.o
 .debug_line    0x00000000000122c1      0xc17 obj/DD_Gene.o
 .debug_line    0x0000000000012ed8      0xb0e obj/DD_MD.o
 .debug_line    0x00000000000139e6      0xe2f obj/SystemTaskManager.o

.debug_str      0x0000000000000000    0x6c8e7
 .debug_str     0x0000000000000000    0x67724 obj/app.o
                                      0x67b51 (size before relaxing)
 .debug_str     0x0000000000067724       0x1f obj/assert.o
                                      0x663a9 (size before relaxing)
 .debug_str     0x0000000000067743      0xa55 obj/constManager.o
                                      0x677ed (size before relaxing)
 .debug_str     0x0000000000068198       0x1b obj/deviceDefinition.o
                                      0x66980 (size before relaxing)
 .debug_str     0x00000000000681b3      0xd22 obj/msp.o
                                      0x6724e (size before relaxing)
 .debug_str     0x0000000000068ed5      0x2ac obj/stm32f1xx_it.o
                                      0x66d32 (size before relaxing)
 .debug_str     0x0000000000069181       0xb6 obj/system_stm32f1xx.o
                                      0x2e28c (size before relaxing)
 .debug_str     0x0000000000069237      0x2ee obj/stm32f1xx_hal.o
                                      0x66aab (size before relaxing)
 .debug_str     0x0000000000069525      0x226 obj/stm32f1xx_hal_cortex.o
                                      0x66aa5 (size before relaxing)
 .debug_str     0x000000000006974b      0x151 obj/stm32f1xx_hal_dma.o
                                      0x66725 (size before relaxing)
 .debug_str     0x000000000006989c      0x3d1 obj/stm32f1xx_hal_gpio.o
                                      0x6689c (size before relaxing)
 .debug_str     0x0000000000069c6d      0x6ec obj/stm32f1xx_hal_i2c.o
                                      0x66edc (size before relaxing)
 .debug_str     0x000000000006a359      0x162 obj/stm32f1xx_hal_iwdg.o
                                      0x66596 (size before relaxing)
 .debug_str     0x000000000006a4bb      0x39e obj/stm32f1xx_hal_rcc.o
                                      0x668c9 (size before relaxing)
 .debug_str     0x000000000006a859      0x128 obj/stm32f1xx_hal_rcc_ex.o
                                      0x665c8 (size before relaxing)
 .debug_str     0x000000000006a981      0xcb2 obj/stm32f1xx_hal_tim.o
                                      0x6751d (size before relaxing)
 .debug_str     0x000000000006b633      0x4a9 obj/stm32f1xx_hal_tim_ex.o
                                      0x66db7 (size before relaxing)
 .debug_str     0x000000000006badc      0x34b obj/stm32f1xx_hal_uart.o
                                      0x66b78 (size before relaxing)
 .debug_str     0x000000000006be27       0x9b obj/MW_GPIO.o
                                      0x6665c (size before relaxing)
 .debug_str     0x000000000006bec2       0xff obj/MW_I2C.o
                                      0x66a9c (size before relaxing)
 .debug_str     0x000000000006bfc1       0x72 obj/MW_IWDG.o
                                      0x66667 (size before relaxing)
 .debug_str     0x000000000006c033      0x29a obj/MW_TIM.o
                                      0x66bf0 (size before relaxing)
 .debug_str     0x000000000006c2cd      0x111 obj/MW_USART.o
                                      0x669f5 (size before relaxing)
 .debug_str     0x000000000006c3de      0x282 obj/message.o
                                      0x66dab (size before relaxing)
 .debug_str     0x000000000006c660       0x77 obj/xprintf.o
                                      0x66a22 (size before relaxing)
 .debug_str     0x000000000006c6d7       0xb0 obj/DD_Gene.o
                                      0x66dc5 (size before relaxing)
 .debug_str     0x000000000006c787       0x37 obj/DD_MD.o
                                      0x6689b (size before relaxing)
 .debug_str     0x000000000006c7be      0x129 obj/SystemTaskManager.o
                                      0x67a13 (size before relaxing)

.comment        0x0000000000000000       0x7f
 .comment       0x0000000000000000       0x7f obj/app.o
                                         0x80 (size before relaxing)
 .comment       0x000000000000007f       0x80 obj/assert.o
 .comment       0x000000000000007f       0x80 obj/constManager.o
 .comment       0x000000000000007f       0x80 obj/deviceDefinition.o
 .comment       0x000000000000007f       0x80 obj/msp.o
 .comment       0x000000000000007f       0x80 obj/stm32f1xx_it.o
 .comment       0x000000000000007f       0x80 obj/system_stm32f1xx.o
 .comment       0x000000000000007f       0x80 obj/stm32f1xx_hal.o
 .comment       0x000000000000007f       0x80 obj/stm32f1xx_hal_cortex.o
 .comment       0x000000000000007f       0x80 obj/stm32f1xx_hal_dma.o
 .comment       0x000000000000007f       0x80 obj/stm32f1xx_hal_gpio.o
 .comment       0x000000000000007f       0x80 obj/stm32f1xx_hal_i2c.o
 .comment       0x000000000000007f       0x80 obj/stm32f1xx_hal_iwdg.o
 .comment       0x000000000000007f       0x80 obj/stm32f1xx_hal_rcc.o
 .comment       0x000000000000007f       0x80 obj/stm32f1xx_hal_rcc_ex.o
 .comment       0x000000000000007f       0x80 obj/stm32f1xx_hal_tim.o
 .comment       0x000000000000007f       0x80 obj/stm32f1xx_hal_tim_ex.o
 .comment       0x000000000000007f       0x80 obj/stm32f1xx_hal_uart.o
 .comment       0x000000000000007f       0x80 obj/MW_GPIO.o
 .comment       0x000000000000007f       0x80 obj/MW_I2C.o
 .comment       0x000000000000007f       0x80 obj/MW_IWDG.o
 .comment       0x000000000000007f       0x80 obj/MW_TIM.o
 .comment       0x000000000000007f       0x80 obj/MW_USART.o
 .comment       0x000000000000007f       0x80 obj/message.o
 .comment       0x000000000000007f       0x80 obj/xprintf.o
 .comment       0x000000000000007f       0x80 obj/DD_Gene.o
 .comment       0x000000000000007f       0x80 obj/DD_MD.o
 .comment       0x000000000000007f       0x80 obj/SystemTaskManager.o

.debug_frame    0x0000000000000000     0x2fe8
 .debug_frame   0x0000000000000000       0x80 obj/app.o
 .debug_frame   0x0000000000000080       0x20 obj/assert.o
 .debug_frame   0x00000000000000a0      0x18c obj/constManager.o
 .debug_frame   0x000000000000022c      0x198 obj/msp.o
 .debug_frame   0x00000000000003c4      0x168 obj/stm32f1xx_it.o
 .debug_frame   0x000000000000052c       0x30 obj/system_stm32f1xx.o
 .debug_frame   0x000000000000055c      0x168 obj/stm32f1xx_hal.o
 .debug_frame   0x00000000000006c4      0x144 obj/stm32f1xx_hal_cortex.o
 .debug_frame   0x0000000000000808      0x124 obj/stm32f1xx_hal_dma.o
 .debug_frame   0x000000000000092c       0xfc obj/stm32f1xx_hal_gpio.o
 .debug_frame   0x0000000000000a28      0x750 obj/stm32f1xx_hal_i2c.o
 .debug_frame   0x0000000000001178       0x80 obj/stm32f1xx_hal_iwdg.o
 .debug_frame   0x00000000000011f8      0x170 obj/stm32f1xx_hal_rcc.o
 .debug_frame   0x0000000000001368       0x6c obj/stm32f1xx_hal_rcc_ex.o
 .debug_frame   0x00000000000013d4      0xa8c obj/stm32f1xx_hal_tim.o
 .debug_frame   0x0000000000001e60      0x3c0 obj/stm32f1xx_hal_tim_ex.o
 .debug_frame   0x0000000000002220      0x3a0 obj/stm32f1xx_hal_uart.o
 .debug_frame   0x00000000000025c0       0xbc obj/MW_GPIO.o
 .debug_frame   0x000000000000267c       0xec obj/MW_I2C.o
 .debug_frame   0x0000000000002768       0x78 obj/MW_IWDG.o
 .debug_frame   0x00000000000027e0      0x164 obj/MW_TIM.o
 .debug_frame   0x0000000000002944      0x11c obj/MW_USART.o
 .debug_frame   0x0000000000002a60       0xfc obj/message.o
 .debug_frame   0x0000000000002b5c      0x1a0 obj/xprintf.o
 .debug_frame   0x0000000000002cfc       0xf0 obj/DD_Gene.o
 .debug_frame   0x0000000000002dec       0x64 obj/DD_MD.o
 .debug_frame   0x0000000000002e50      0x144 obj/SystemTaskManager.o
 .debug_frame   0x0000000000002f94       0x2c /usr/local/Cellar/gcc-arm-none-eabi/20180627/bin/../lib/gcc/arm-none-eabi/7.3.1/../../../../arm-none-eabi/lib/thumb/v7-m/libc_nano.a(lib_a-init.o)
 .debug_frame   0x0000000000002fc0       0x28 /usr/local/Cellar/gcc-arm-none-eabi/20180627/bin/../lib/gcc/arm-none-eabi/7.3.1/../../../../arm-none-eabi/lib/thumb/v7-m/libc_nano.a(lib_a-memcpy-stub.o)

Cross Reference Table

Symbol                                            File
ADC1_2_IRQHandler                                 obj/startup.o
ADC_ConversionStop_Disable                        obj/stm32f1xx_hal_adc.o
                                                  obj/stm32f1xx_hal_adc_ex.o
ADC_DMAConvCplt                                   obj/stm32f1xx_hal_adc.o
                                                  obj/stm32f1xx_hal_adc_ex.o
ADC_DMAError                                      obj/stm32f1xx_hal_adc.o
                                                  obj/stm32f1xx_hal_adc_ex.o
ADC_DMAHalfConvCplt                               obj/stm32f1xx_hal_adc.o
                                                  obj/stm32f1xx_hal_adc_ex.o
ADC_Enable                                        obj/stm32f1xx_hal_adc.o
                                                  obj/stm32f1xx_hal_adc_ex.o
AHBPrescTable                                     obj/system_stm32f1xx.o
                                                  obj/stm32f1xx_hal_rcc.o
APBPrescTable                                     obj/system_stm32f1xx.o
                                                  obj/stm32f1xx_hal_rcc.o
BusFault_Handler                                  obj/stm32f1xx_it.o
CAN1_RX1_IRQHandler                               obj/startup.o
CAN1_SCE_IRQHandler                               obj/startup.o
DD_ABHandPrint                                    obj/DD_AB.o
DD_I2C1Receive                                    obj/DD_Gene.o
                                                  obj/DD_SV.o
                                                  obj/DD_MD.o
DD_I2C1Send                                       obj/DD_Gene.o
                                                  obj/DD_SV.o
                                                  obj/DD_MD.o
                                                  obj/DD_LD.o
                                                  obj/DD_AB.o
DD_I2C2Receive                                    obj/DD_Gene.o
                                                  obj/DD_SS.o
DD_I2C2Send                                       obj/DD_Gene.o
                                                  obj/DD_SS.o
DD_InitEncoder1                                   obj/DD_ENCODER.o
DD_InitEncoder2                                   obj/DD_ENCODER.o
DD_LDHandPrint                                    obj/DD_LD.o
DD_MDHandPrint                                    obj/DD_MD.o
                                                  obj/DD_Gene.o
DD_RCGetLX                                        obj/DD_RC.o
DD_RCGetLY                                        obj/DD_RC.o
DD_RCGetRX                                        obj/DD_RC.o
DD_RCGetRY                                        obj/DD_RC.o
DD_RCInit                                         obj/DD_RC.o
DD_RCPrint                                        obj/DD_RC.o
                                                  obj/constManager.o
DD_RCTask                                         obj/DD_RC.o
DD_RC_element                                     obj/DD_RC.o
DD_SSHandPrint                                    obj/DD_SS.o
DD_SSPullReceiveRequest                           obj/DD_SS.o
DD_SSPutReceiveRequest                            obj/DD_SS.o
DD_doTasks                                        obj/DD_Gene.o
                                                  obj/SystemTaskManager.o
DD_encoder1Get_int32                              obj/DD_ENCODER.o
DD_encoder1reset                                  obj/DD_ENCODER.o
DD_encoder1update                                 obj/DD_ENCODER.o
DD_encoder2Get_int32                              obj/DD_ENCODER.o
DD_encoder2reset                                  obj/DD_ENCODER.o
DD_encoder2update                                 obj/DD_ENCODER.o
DD_encoderprint                                   obj/DD_ENCODER.o
DD_initialize                                     obj/DD_Gene.o
                                                  obj/SystemTaskManager.o
DD_print                                          obj/DD_Gene.o
                                                  obj/SystemTaskManager.o
DD_receive2MD                                     obj/DD_MD.o
                                                  obj/DD_Gene.o
DD_receive2SS                                     obj/DD_SS.o
                                                  obj/SystemTaskManager.o
DD_send2AB                                        obj/DD_AB.o
DD_send2LD                                        obj/DD_LD.o
DD_send2MD                                        obj/DD_MD.o
                                                  obj/DD_Gene.o
DMA1_Channel1_IRQHandler                          obj/startup.o
DMA1_Channel2_IRQHandler                          obj/stm32f1xx_it.o
DMA1_Channel3_IRQHandler                          obj/stm32f1xx_it.o
DMA1_Channel4_IRQHandler                          obj/stm32f1xx_it.o
DMA1_Channel5_IRQHandler                          obj/stm32f1xx_it.o
DMA1_Channel6_IRQHandler                          obj/stm32f1xx_it.o
DMA1_Channel7_IRQHandler                          obj/stm32f1xx_it.o
DebugMon_Handler                                  obj/stm32f1xx_it.o
Default_Handler                                   obj/startup.o
EXTI0_IRQHandler                                  obj/startup.o
EXTI15_10_IRQHandler                              obj/startup.o
EXTI1_IRQHandler                                  obj/startup.o
EXTI2_IRQHandler                                  obj/startup.o
EXTI3_IRQHandler                                  obj/startup.o
EXTI4_IRQHandler                                  obj/startup.o
EXTI9_5_IRQHandler                                obj/startup.o
Empty_Check                                       obj/DD_SS.o
Error_Handler                                     obj/msp.o
FLASH_IRQHandler                                  obj/startup.o
FLASH_PageErase                                   obj/stm32f1xx_hal_flash_ex.o
                                                  obj/stm32f1xx_hal_flash.o
FLASH_WaitForLastOperation                        obj/stm32f1xx_hal_flash.o
                                                  obj/stm32f1xx_hal_flash_ex.o
HAL_ADCEx_Calibration_Start                       obj/stm32f1xx_hal_adc_ex.o
HAL_ADCEx_InjectedConfigChannel                   obj/stm32f1xx_hal_adc_ex.o
HAL_ADCEx_InjectedConvCpltCallback                obj/stm32f1xx_hal_adc_ex.o
                                                  obj/stm32f1xx_hal_adc.o
HAL_ADCEx_InjectedGetValue                        obj/stm32f1xx_hal_adc_ex.o
HAL_ADCEx_InjectedPollForConversion               obj/stm32f1xx_hal_adc_ex.o
HAL_ADCEx_InjectedStart                           obj/stm32f1xx_hal_adc_ex.o
HAL_ADCEx_InjectedStart_IT                        obj/stm32f1xx_hal_adc_ex.o
HAL_ADCEx_InjectedStop                            obj/stm32f1xx_hal_adc_ex.o
HAL_ADCEx_InjectedStop_IT                         obj/stm32f1xx_hal_adc_ex.o
HAL_ADCEx_MultiModeConfigChannel                  obj/stm32f1xx_hal_adc_ex.o
HAL_ADCEx_MultiModeGetValue                       obj/stm32f1xx_hal_adc_ex.o
HAL_ADCEx_MultiModeStart_DMA                      obj/stm32f1xx_hal_adc_ex.o
HAL_ADCEx_MultiModeStop_DMA                       obj/stm32f1xx_hal_adc_ex.o
HAL_ADC_AnalogWDGConfig                           obj/stm32f1xx_hal_adc.o
HAL_ADC_ConfigChannel                             obj/stm32f1xx_hal_adc.o
HAL_ADC_ConvCpltCallback                          obj/stm32f1xx_hal_adc.o
HAL_ADC_ConvHalfCpltCallback                      obj/stm32f1xx_hal_adc.o
HAL_ADC_DeInit                                    obj/stm32f1xx_hal_adc.o
HAL_ADC_ErrorCallback                             obj/stm32f1xx_hal_adc.o
HAL_ADC_GetError                                  obj/stm32f1xx_hal_adc.o
HAL_ADC_GetState                                  obj/stm32f1xx_hal_adc.o
HAL_ADC_GetValue                                  obj/stm32f1xx_hal_adc.o
HAL_ADC_IRQHandler                                obj/stm32f1xx_hal_adc.o
HAL_ADC_Init                                      obj/stm32f1xx_hal_adc.o
HAL_ADC_LevelOutOfWindowCallback                  obj/stm32f1xx_hal_adc.o
HAL_ADC_MspDeInit                                 obj/msp.o
HAL_ADC_MspInit                                   obj/msp.o
HAL_ADC_PollForConversion                         obj/stm32f1xx_hal_adc.o
HAL_ADC_PollForEvent                              obj/stm32f1xx_hal_adc.o
HAL_ADC_Start                                     obj/stm32f1xx_hal_adc.o
HAL_ADC_Start_DMA                                 obj/stm32f1xx_hal_adc.o
HAL_ADC_Start_IT                                  obj/stm32f1xx_hal_adc.o
HAL_ADC_Stop                                      obj/stm32f1xx_hal_adc.o
HAL_ADC_Stop_DMA                                  obj/stm32f1xx_hal_adc.o
HAL_ADC_Stop_IT                                   obj/stm32f1xx_hal_adc.o
HAL_DBGMCU_DisableDBGSleepMode                    obj/stm32f1xx_hal.o
HAL_DBGMCU_DisableDBGStandbyMode                  obj/stm32f1xx_hal.o
HAL_DBGMCU_DisableDBGStopMode                     obj/stm32f1xx_hal.o
HAL_DBGMCU_EnableDBGSleepMode                     obj/stm32f1xx_hal.o
HAL_DBGMCU_EnableDBGStandbyMode                   obj/stm32f1xx_hal.o
HAL_DBGMCU_EnableDBGStopMode                      obj/stm32f1xx_hal.o
HAL_DMA_Abort                                     obj/stm32f1xx_hal_dma.o
                                                  obj/stm32f1xx_hal_uart.o
                                                  obj/stm32f1xx_hal_tim.o
                                                  obj/stm32f1xx_hal_spi.o
                                                  obj/stm32f1xx_hal_adc_ex.o
                                                  obj/stm32f1xx_hal_adc.o
HAL_DMA_DeInit                                    obj/stm32f1xx_hal_dma.o
HAL_DMA_GetError                                  obj/stm32f1xx_hal_dma.o
HAL_DMA_GetState                                  obj/stm32f1xx_hal_dma.o
HAL_DMA_IRQHandler                                obj/stm32f1xx_hal_dma.o
                                                  obj/stm32f1xx_it.o
HAL_DMA_Init                                      obj/stm32f1xx_hal_dma.o
                                                  obj/msp.o
HAL_DMA_PollForTransfer                           obj/stm32f1xx_hal_dma.o
HAL_DMA_Start                                     obj/stm32f1xx_hal_dma.o
HAL_DMA_Start_IT                                  obj/stm32f1xx_hal_dma.o
                                                  obj/stm32f1xx_hal_uart.o
                                                  obj/stm32f1xx_hal_tim_ex.o
                                                  obj/stm32f1xx_hal_tim.o
                                                  obj/stm32f1xx_hal_spi.o
                                                  obj/stm32f1xx_hal_i2c.o
                                                  obj/stm32f1xx_hal_adc_ex.o
                                                  obj/stm32f1xx_hal_adc.o
HAL_DeInit                                        obj/stm32f1xx_hal.o
HAL_Delay                                         obj/stm32f1xx_hal.o
                                                  obj/DD_SV.o
                                                  obj/stm32f1xx_hal_rcc.o
HAL_FLASHEx_Erase                                 obj/stm32f1xx_hal_flash_ex.o
                                                  obj/MW_flash.o
HAL_FLASHEx_Erase_IT                              obj/stm32f1xx_hal_flash_ex.o
HAL_FLASHEx_OBErase                               obj/stm32f1xx_hal_flash_ex.o
HAL_FLASHEx_OBGetConfig                           obj/stm32f1xx_hal_flash_ex.o
HAL_FLASHEx_OBGetUserData                         obj/stm32f1xx_hal_flash_ex.o
HAL_FLASHEx_OBProgram                             obj/stm32f1xx_hal_flash_ex.o
HAL_FLASH_EndOfOperationCallback                  obj/stm32f1xx_hal_flash.o
HAL_FLASH_GetError                                obj/stm32f1xx_hal_flash.o
HAL_FLASH_IRQHandler                              obj/stm32f1xx_hal_flash.o
HAL_FLASH_Lock                                    obj/stm32f1xx_hal_flash.o
                                                  obj/MW_flash.o
HAL_FLASH_OB_Launch                               obj/stm32f1xx_hal_flash.o
HAL_FLASH_OB_Lock                                 obj/stm32f1xx_hal_flash.o
HAL_FLASH_OB_Unlock                               obj/stm32f1xx_hal_flash.o
HAL_FLASH_OperationErrorCallback                  obj/stm32f1xx_hal_flash.o
HAL_FLASH_Program                                 obj/stm32f1xx_hal_flash.o
                                                  obj/MW_flash.o
HAL_FLASH_Program_IT                              obj/stm32f1xx_hal_flash.o
HAL_FLASH_Unlock                                  obj/stm32f1xx_hal_flash.o
                                                  obj/MW_flash.o
HAL_GPIOEx_ConfigEventout                         obj/stm32f1xx_hal_gpio_ex.o
HAL_GPIOEx_DisableEventout                        obj/stm32f1xx_hal_gpio_ex.o
HAL_GPIOEx_EnableEventout                         obj/stm32f1xx_hal_gpio_ex.o
HAL_GPIO_DeInit                                   obj/stm32f1xx_hal_gpio.o
                                                  obj/msp.o
HAL_GPIO_EXTI_Callback                            obj/stm32f1xx_hal_gpio.o
HAL_GPIO_EXTI_IRQHandler                          obj/stm32f1xx_hal_gpio.o
HAL_GPIO_Init                                     obj/stm32f1xx_hal_gpio.o
                                                  obj/MW_GPIO.o
                                                  obj/stm32f1xx_hal_rcc.o
                                                  obj/msp.o
HAL_GPIO_LockPin                                  obj/stm32f1xx_hal_gpio.o
HAL_GPIO_ReadPin                                  obj/stm32f1xx_hal_gpio.o
                                                  obj/MW_GPIO.o
HAL_GPIO_TogglePin                                obj/stm32f1xx_hal_gpio.o
                                                  obj/MW_GPIO.o
HAL_GPIO_WritePin                                 obj/stm32f1xx_hal_gpio.o
                                                  obj/MW_GPIO.o
HAL_GetDEVID                                      obj/stm32f1xx_hal.o
HAL_GetHalVersion                                 obj/stm32f1xx_hal.o
HAL_GetREVID                                      obj/stm32f1xx_hal.o
HAL_GetTick                                       obj/stm32f1xx_hal.o
                                                  obj/stm32f1xx_hal_uart.o
                                                  obj/stm32f1xx_hal_spi.o
                                                  obj/stm32f1xx_hal_rcc_ex.o
                                                  obj/stm32f1xx_hal_rcc.o
                                                  obj/stm32f1xx_hal_iwdg.o
                                                  obj/stm32f1xx_hal_i2c.o
                                                  obj/stm32f1xx_hal_flash.o
                                                  obj/stm32f1xx_hal_dma.o
                                                  obj/stm32f1xx_hal_adc_ex.o
                                                  obj/stm32f1xx_hal_adc.o
HAL_HalfDuplex_EnableReceiver                     obj/stm32f1xx_hal_uart.o
HAL_HalfDuplex_EnableTransmitter                  obj/stm32f1xx_hal_uart.o
HAL_HalfDuplex_Init                               obj/stm32f1xx_hal_uart.o
HAL_I2C_DeInit                                    obj/stm32f1xx_hal_i2c.o
                                                  obj/MW_I2C.o
HAL_I2C_ER_IRQHandler                             obj/stm32f1xx_hal_i2c.o
HAL_I2C_EV_IRQHandler                             obj/stm32f1xx_hal_i2c.o
HAL_I2C_ErrorCallback                             obj/stm32f1xx_hal_i2c.o
HAL_I2C_GetError                                  obj/stm32f1xx_hal_i2c.o
HAL_I2C_GetState                                  obj/stm32f1xx_hal_i2c.o
HAL_I2C_Init                                      obj/stm32f1xx_hal_i2c.o
                                                  obj/MW_I2C.o
HAL_I2C_IsDeviceReady                             obj/stm32f1xx_hal_i2c.o
HAL_I2C_MasterRxCpltCallback                      obj/SystemTaskManager.o
                                                  obj/stm32f1xx_hal_i2c.o
HAL_I2C_MasterTxCpltCallback                      obj/SystemTaskManager.o
                                                  obj/stm32f1xx_hal_i2c.o
HAL_I2C_Master_Receive                            obj/stm32f1xx_hal_i2c.o
                                                  obj/MW_I2C.o
HAL_I2C_Master_Receive_DMA                        obj/stm32f1xx_hal_i2c.o
                                                  obj/MW_I2C.o
HAL_I2C_Master_Receive_IT                         obj/stm32f1xx_hal_i2c.o
HAL_I2C_Master_Transmit                           obj/stm32f1xx_hal_i2c.o
                                                  obj/MW_I2C.o
HAL_I2C_Master_Transmit_DMA                       obj/stm32f1xx_hal_i2c.o
                                                  obj/MW_I2C.o
HAL_I2C_Master_Transmit_IT                        obj/stm32f1xx_hal_i2c.o
HAL_I2C_MemRxCpltCallback                         obj/stm32f1xx_hal_i2c.o
HAL_I2C_MemTxCpltCallback                         obj/stm32f1xx_hal_i2c.o
HAL_I2C_Mem_Read                                  obj/stm32f1xx_hal_i2c.o
HAL_I2C_Mem_Read_DMA                              obj/stm32f1xx_hal_i2c.o
HAL_I2C_Mem_Read_IT                               obj/stm32f1xx_hal_i2c.o
HAL_I2C_Mem_Write                                 obj/stm32f1xx_hal_i2c.o
HAL_I2C_Mem_Write_DMA                             obj/stm32f1xx_hal_i2c.o
HAL_I2C_Mem_Write_IT                              obj/stm32f1xx_hal_i2c.o
HAL_I2C_MspDeInit                                 obj/msp.o
HAL_I2C_MspInit                                   obj/msp.o
HAL_I2C_SlaveRxCpltCallback                       obj/stm32f1xx_hal_i2c.o
HAL_I2C_SlaveTxCpltCallback                       obj/stm32f1xx_hal_i2c.o
HAL_I2C_Slave_Receive                             obj/stm32f1xx_hal_i2c.o
HAL_I2C_Slave_Receive_DMA                         obj/stm32f1xx_hal_i2c.o
HAL_I2C_Slave_Receive_IT                          obj/stm32f1xx_hal_i2c.o
HAL_I2C_Slave_Transmit                            obj/stm32f1xx_hal_i2c.o
HAL_I2C_Slave_Transmit_DMA                        obj/stm32f1xx_hal_i2c.o
HAL_I2C_Slave_Transmit_IT                         obj/stm32f1xx_hal_i2c.o
HAL_IWDG_GetState                                 obj/stm32f1xx_hal_iwdg.o
                                                  obj/MW_IWDG.o
HAL_IWDG_Init                                     obj/stm32f1xx_hal_iwdg.o
                                                  obj/MW_IWDG.o
HAL_IWDG_MspInit                                  obj/stm32f1xx_hal_iwdg.o
HAL_IWDG_Refresh                                  obj/stm32f1xx_hal_iwdg.o
                                                  obj/MW_IWDG.o
HAL_IWDG_Start                                    obj/stm32f1xx_hal_iwdg.o
                                                  obj/MW_IWDG.o
HAL_IncTick                                       obj/stm32f1xx_hal.o
                                                  obj/stm32f1xx_it.o
HAL_Init                                          obj/stm32f1xx_hal.o
                                                  obj/SystemTaskManager.o
HAL_InitTick                                      obj/stm32f1xx_hal.o
                                                  obj/stm32f1xx_hal_rcc.o
HAL_LIN_Init                                      obj/stm32f1xx_hal_uart.o
HAL_LIN_SendBreak                                 obj/stm32f1xx_hal_uart.o
HAL_MspDeInit                                     obj/stm32f1xx_hal.o
HAL_MspInit                                       obj/msp.o
HAL_MultiProcessor_EnterMuteMode                  obj/stm32f1xx_hal_uart.o
HAL_MultiProcessor_ExitMuteMode                   obj/stm32f1xx_hal_uart.o
HAL_MultiProcessor_Init                           obj/stm32f1xx_hal_uart.o
HAL_NVIC_ClearPendingIRQ                          obj/stm32f1xx_hal_cortex.o
HAL_NVIC_DisableIRQ                               obj/stm32f1xx_hal_cortex.o
                                                  obj/msp.o
HAL_NVIC_EnableIRQ                                obj/stm32f1xx_hal_cortex.o
                                                  obj/msp.o
HAL_NVIC_GetActive                                obj/stm32f1xx_hal_cortex.o
HAL_NVIC_GetPendingIRQ                            obj/stm32f1xx_hal_cortex.o
HAL_NVIC_GetPriority                              obj/stm32f1xx_hal_cortex.o
HAL_NVIC_GetPriorityGrouping                      obj/stm32f1xx_hal_cortex.o
HAL_NVIC_SetPendingIRQ                            obj/stm32f1xx_hal_cortex.o
HAL_NVIC_SetPriority                              obj/stm32f1xx_hal_cortex.o
                                                  obj/SystemTaskManager.o
                                                  obj/stm32f1xx_hal.o
                                                  obj/msp.o
HAL_NVIC_SetPriorityGrouping                      obj/stm32f1xx_hal_cortex.o
                                                  obj/stm32f1xx_hal.o
                                                  obj/msp.o
HAL_NVIC_SystemReset                              obj/stm32f1xx_hal_cortex.o
                                                  obj/stm32f1xx_hal_flash.o
HAL_PWR_ConfigPVD                                 obj/stm32f1xx_hal_pwr.o
HAL_PWR_DeInit                                    obj/stm32f1xx_hal_pwr.o
HAL_PWR_DisableBkUpAccess                         obj/stm32f1xx_hal_pwr.o
HAL_PWR_DisablePVD                                obj/stm32f1xx_hal_pwr.o
HAL_PWR_DisableSEVOnPend                          obj/stm32f1xx_hal_pwr.o
HAL_PWR_DisableSleepOnExit                        obj/stm32f1xx_hal_pwr.o
HAL_PWR_DisableWakeUpPin                          obj/stm32f1xx_hal_pwr.o
HAL_PWR_EnableBkUpAccess                          obj/stm32f1xx_hal_pwr.o
HAL_PWR_EnablePVD                                 obj/stm32f1xx_hal_pwr.o
HAL_PWR_EnableSEVOnPend                           obj/stm32f1xx_hal_pwr.o
HAL_PWR_EnableSleepOnExit                         obj/stm32f1xx_hal_pwr.o
HAL_PWR_EnableWakeUpPin                           obj/stm32f1xx_hal_pwr.o
HAL_PWR_EnterSLEEPMode                            obj/stm32f1xx_hal_pwr.o
HAL_PWR_EnterSTANDBYMode                          obj/stm32f1xx_hal_pwr.o
HAL_PWR_EnterSTOPMode                             obj/stm32f1xx_hal_pwr.o
HAL_PWR_PVDCallback                               obj/stm32f1xx_hal_pwr.o
HAL_PWR_PVD_IRQHandler                            obj/stm32f1xx_hal_pwr.o
HAL_RCCEx_GetPeriphCLKConfig                      obj/stm32f1xx_hal_rcc_ex.o
HAL_RCCEx_GetPeriphCLKFreq                        obj/stm32f1xx_hal_rcc_ex.o
                                                  obj/stm32f1xx_hal_adc_ex.o
                                                  obj/stm32f1xx_hal_adc.o
HAL_RCCEx_PeriphCLKConfig                         obj/stm32f1xx_hal_rcc_ex.o
                                                  obj/SystemTaskManager.o
HAL_RCC_CSSCallback                               obj/stm32f1xx_hal_rcc.o
HAL_RCC_ClockConfig                               obj/stm32f1xx_hal_rcc.o
                                                  obj/SystemTaskManager.o
HAL_RCC_DeInit                                    obj/stm32f1xx_hal_rcc.o
HAL_RCC_DisableCSS                                obj/stm32f1xx_hal_rcc.o
HAL_RCC_EnableCSS                                 obj/stm32f1xx_hal_rcc.o
HAL_RCC_GetClockConfig                            obj/stm32f1xx_hal_rcc.o
HAL_RCC_GetHCLKFreq                               obj/stm32f1xx_hal_rcc.o
                                                  obj/SystemTaskManager.o
                                                  obj/stm32f1xx_hal.o
HAL_RCC_GetOscConfig                              obj/stm32f1xx_hal_rcc.o
HAL_RCC_GetPCLK1Freq                              obj/stm32f1xx_hal_rcc.o
                                                  obj/stm32f1xx_hal_uart.o
                                                  obj/stm32f1xx_hal_i2c.o
HAL_RCC_GetPCLK2Freq                              obj/stm32f1xx_hal_rcc.o
                                                  obj/stm32f1xx_hal_uart.o
                                                  obj/stm32f1xx_hal_rcc_ex.o
HAL_RCC_GetSysClockFreq                           obj/stm32f1xx_hal_rcc.o
HAL_RCC_MCOConfig                                 obj/stm32f1xx_hal_rcc.o
HAL_RCC_NMI_IRQHandler                            obj/stm32f1xx_hal_rcc.o
HAL_RCC_OscConfig                                 obj/stm32f1xx_hal_rcc.o
                                                  obj/SystemTaskManager.o
HAL_ResumeTick                                    obj/stm32f1xx_hal.o
HAL_SPI_DMAPause                                  obj/stm32f1xx_hal_spi.o
HAL_SPI_DMAResume                                 obj/stm32f1xx_hal_spi.o
HAL_SPI_DMAStop                                   obj/stm32f1xx_hal_spi.o
HAL_SPI_DeInit                                    obj/stm32f1xx_hal_spi.o
HAL_SPI_ErrorCallback                             obj/stm32f1xx_hal_spi.o
HAL_SPI_GetError                                  obj/stm32f1xx_hal_spi.o
HAL_SPI_GetState                                  obj/stm32f1xx_hal_spi.o
HAL_SPI_IRQHandler                                obj/stm32f1xx_hal_spi.o
HAL_SPI_Init                                      obj/stm32f1xx_hal_spi_ex.o
                                                  obj/stm32f1xx_hal_spi.o
HAL_SPI_MspDeInit                                 obj/msp.o