Archive member included to satisfy reference by file (symbol)

/usr/local/Cellar/gcc-arm-none-eabi/20180627/bin/../lib/gcc/arm-none-eabi/7.3.1/../../../../arm-none-eabi/lib/thumb/v7-m/libc_nano.a(lib_a-exit.o)
                              /usr/local/Cellar/gcc-arm-none-eabi/20180627/bin/../lib/gcc/arm-none-eabi/7.3.1/../../../../arm-none-eabi/lib/thumb/v7-m/crt0.o (exit)
/usr/local/Cellar/gcc-arm-none-eabi/20180627/bin/../lib/gcc/arm-none-eabi/7.3.1/../../../../arm-none-eabi/lib/thumb/v7-m/libc_nano.a(lib_a-impure.o)
                              /usr/local/Cellar/gcc-arm-none-eabi/20180627/bin/../lib/gcc/arm-none-eabi/7.3.1/../../../../arm-none-eabi/lib/thumb/v7-m/libc_nano.a(lib_a-exit.o) (_global_impure_ptr)
/usr/local/Cellar/gcc-arm-none-eabi/20180627/bin/../lib/gcc/arm-none-eabi/7.3.1/../../../../arm-none-eabi/lib/thumb/v7-m/libc_nano.a(lib_a-init.o)
                              /usr/local/Cellar/gcc-arm-none-eabi/20180627/bin/../lib/gcc/arm-none-eabi/7.3.1/../../../../arm-none-eabi/lib/thumb/v7-m/crt0.o (__libc_init_array)
/usr/local/Cellar/gcc-arm-none-eabi/20180627/bin/../lib/gcc/arm-none-eabi/7.3.1/../../../../arm-none-eabi/lib/thumb/v7-m/libc_nano.a(lib_a-memcpy-stub.o)
                              obj/constManager.o (memcpy)
/usr/local/Cellar/gcc-arm-none-eabi/20180627/bin/../lib/gcc/arm-none-eabi/7.3.1/../../../../arm-none-eabi/lib/thumb/v7-m/libc_nano.a(lib_a-memset.o)
                              /usr/local/Cellar/gcc-arm-none-eabi/20180627/bin/../lib/gcc/arm-none-eabi/7.3.1/../../../../arm-none-eabi/lib/thumb/v7-m/crt0.o (memset)

Discarded input sections

 .text          0x0000000000000000        0x0 /usr/local/Cellar/gcc-arm-none-eabi/20180627/bin/../lib/gcc/arm-none-eabi/7.3.1/thumb/v7-m/crti.o
 .data          0x0000000000000000        0x0 /usr/local/Cellar/gcc-arm-none-eabi/20180627/bin/../lib/gcc/arm-none-eabi/7.3.1/thumb/v7-m/crti.o
 .bss           0x0000000000000000        0x0 /usr/local/Cellar/gcc-arm-none-eabi/20180627/bin/../lib/gcc/arm-none-eabi/7.3.1/thumb/v7-m/crti.o
 .data          0x0000000000000000        0x4 /usr/local/Cellar/gcc-arm-none-eabi/20180627/bin/../lib/gcc/arm-none-eabi/7.3.1/thumb/v7-m/crtbegin.o
 .text          0x0000000000000000       0x74 /usr/local/Cellar/gcc-arm-none-eabi/20180627/bin/../lib/gcc/arm-none-eabi/7.3.1/../../../../arm-none-eabi/lib/thumb/v7-m/crt0.o
 .data          0x0000000000000000        0x0 /usr/local/Cellar/gcc-arm-none-eabi/20180627/bin/../lib/gcc/arm-none-eabi/7.3.1/../../../../arm-none-eabi/lib/thumb/v7-m/crt0.o
 .bss           0x0000000000000000        0x0 /usr/local/Cellar/gcc-arm-none-eabi/20180627/bin/../lib/gcc/arm-none-eabi/7.3.1/../../../../arm-none-eabi/lib/thumb/v7-m/crt0.o
 .ARM.extab     0x0000000000000000        0x0 /usr/local/Cellar/gcc-arm-none-eabi/20180627/bin/../lib/gcc/arm-none-eabi/7.3.1/../../../../arm-none-eabi/lib/thumb/v7-m/crt0.o
 .ARM.exidx     0x0000000000000000        0x8 /usr/local/Cellar/gcc-arm-none-eabi/20180627/bin/../lib/gcc/arm-none-eabi/7.3.1/../../../../arm-none-eabi/lib/thumb/v7-m/crt0.o
 .ARM.attributes
                0x0000000000000000       0x1b /usr/local/Cellar/gcc-arm-none-eabi/20180627/bin/../lib/gcc/arm-none-eabi/7.3.1/../../../../arm-none-eabi/lib/thumb/v7-m/crt0.o
 .group         0x0000000000000000        0xc obj/app.o
 .group         0x0000000000000000        0xc obj/app.o
 .group         0x0000000000000000        0xc obj/app.o
 .group         0x0000000000000000        0xc obj/app.o
 .group         0x0000000000000000        0xc obj/app.o
 .group         0x0000000000000000        0xc obj/app.o
 .group         0x0000000000000000        0xc obj/app.o
 .group         0x0000000000000000        0xc obj/app.o
 .group         0x0000000000000000        0xc obj/app.o
 .group         0x0000000000000000        0xc obj/app.o
 .group         0x0000000000000000        0xc obj/app.o
 .group         0x0000000000000000        0xc obj/app.o
 .group         0x0000000000000000        0xc obj/app.o
 .group         0x0000000000000000        0xc obj/app.o
 .group         0x0000000000000000        0xc obj/app.o
 .group         0x0000000000000000        0xc obj/app.o
 .group         0x0000000000000000        0xc obj/app.o
 .group         0x0000000000000000        0xc obj/app.o
 .group         0x0000000000000000        0xc obj/app.o
 .group         0x0000000000000000        0xc obj/app.o
 .group         0x0000000000000000        0xc obj/app.o
 .group         0x0000000000000000        0xc obj/app.o
 .group         0x0000000000000000        0xc obj/app.o
 .group         0x0000000000000000        0xc obj/app.o
 .group         0x0000000000000000        0xc obj/app.o
 .group         0x0000000000000000        0xc obj/app.o
 .group         0x0000000000000000        0xc obj/app.o
 .group         0x0000000000000000        0xc obj/app.o
 .group         0x0000000000000000        0xc obj/app.o
 .group         0x0000000000000000        0xc obj/app.o
 .group         0x0000000000000000        0xc obj/app.o
[...]
Memory Configuration

Name             Origin             Length             Attributes
FLASH            0x0000000008000000 0x000000000001fc00 xr
RAM              0x0000000020000000 0x0000000000005000 xrw
*default*        0x0000000000000000 0xffffffffffffffff

Linker script and memory map

LOAD /usr/local/Cellar/gcc-arm-none-eabi/20180627/bin/../lib/gcc/arm-none-eabi/7.3.1/thumb/v7-m/crti.o
LOAD /usr/local/Cellar/gcc-arm-none-eabi/20180627/bin/../lib/gcc/arm-none-eabi/7.3.1/thumb/v7-m/crtbegin.o
LOAD /usr/local/Cellar/gcc-arm-none-eabi/20180627/bin/../lib/gcc/arm-none-eabi/7.3.1/../../../../arm-none-eabi/lib/thumb/v7-m/crt0.o
LOAD obj/app.o
LOAD obj/assert.o
LOAD obj/constManager.o
LOAD obj/deviceDefinition.o
LOAD obj/msp.o
LOAD obj/stm32f1xx_it.o
LOAD obj/system_stm32f1xx.o
LOAD obj/trapezoid_ctrl.o
LOAD obj/stm32f1xx_hal.o
LOAD obj/stm32f1xx_hal_adc.o
LOAD obj/stm32f1xx_hal_adc_ex.o
LOAD obj/stm32f1xx_hal_can.o
LOAD obj/stm32f1xx_hal_cec.o
LOAD obj/stm32f1xx_hal_cortex.o
LOAD obj/stm32f1xx_hal_crc.o
LOAD obj/stm32f1xx_hal_dac.o
LOAD obj/stm32f1xx_hal_dac_ex.o
LOAD obj/stm32f1xx_hal_dma.o
LOAD obj/stm32f1xx_hal_eth.o
LOAD obj/stm32f1xx_hal_flash.o
LOAD obj/stm32f1xx_hal_flash_ex.o
LOAD obj/stm32f1xx_hal_gpio.o
LOAD obj/stm32f1xx_hal_gpio_ex.o
LOAD obj/stm32f1xx_hal_hcd.o
LOAD obj/stm32f1xx_hal_i2c.o
LOAD obj/stm32f1xx_hal_i2s.o
LOAD obj/stm32f1xx_hal_irda.o
LOAD obj/stm32f1xx_hal_iwdg.o
LOAD obj/stm32f1xx_hal_nand.o
LOAD obj/stm32f1xx_hal_nor.o
LOAD obj/stm32f1xx_hal_pccard.o
LOAD obj/stm32f1xx_hal_pcd.o
LOAD obj/stm32f1xx_hal_pcd_ex.o
LOAD obj/stm32f1xx_hal_pwr.o
LOAD obj/stm32f1xx_hal_rcc.o
LOAD obj/stm32f1xx_hal_rcc_ex.o
LOAD obj/stm32f1xx_hal_rtc.o
LOAD obj/stm32f1xx_hal_rtc_ex.o
LOAD obj/stm32f1xx_hal_sd.o
LOAD obj/stm32f1xx_hal_smartcard.o
LOAD obj/stm32f1xx_hal_spi.o
LOAD obj/stm32f1xx_hal_spi_ex.o
LOAD obj/stm32f1xx_hal_sram.o
LOAD obj/stm32f1xx_hal_tim.o
LOAD obj/stm32f1xx_hal_tim_ex.o
LOAD obj/stm32f1xx_hal_uart.o
LOAD obj/stm32f1xx_hal_usart.o
LOAD obj/stm32f1xx_hal_wwdg.o
LOAD obj/stm32f1xx_ll_fsmc.o
LOAD obj/stm32f1xx_ll_sdmmc.o
LOAD obj/stm32f1xx_ll_usb.o
LOAD obj/MW_ENCODER.o
LOAD obj/MW_GPIO.o
LOAD obj/MW_I2C.o
LOAD obj/MW_IWDG.o
LOAD obj/MW_TIM.o
LOAD obj/MW_USART.o
LOAD obj/MW_flash.o
LOAD obj/message.o
LOAD obj/xprintf.o
LOAD obj/DD_AB.o
LOAD obj/DD_ENCODER.o
LOAD obj/DD_Gene.o
LOAD obj/DD_LD.o
LOAD obj/DD_MD.o
LOAD obj/DD_RC.o
LOAD obj/DD_SS.o
LOAD obj/DD_SV.o
LOAD obj/SystemTaskManager.o
LOAD obj/startup.o
START GROUP
LOAD /usr/local/Cellar/gcc-arm-none-eabi/20180627/bin/../lib/gcc/arm-none-eabi/7.3.1/thumb/v7-m/libgcc.a
LOAD /usr/local/Cellar/gcc-arm-none-eabi/20180627/bin/../lib/gcc/arm-none-eabi/7.3.1/../../../../arm-none-eabi/lib/thumb/v7-m/libm.a
END GROUP
START GROUP
LOAD /usr/local/Cellar/gcc-arm-none-eabi/20180627/bin/../lib/gcc/arm-none-eabi/7.3.1/thumb/v7-m/libgcc.a
LOAD /usr/local/Cellar/gcc-arm-none-eabi/20180627/bin/../lib/gcc/arm-none-eabi/7.3.1/../../../../arm-none-eabi/lib/thumb/v7-m/libc_nano.a
END GROUP
START GROUP
LOAD /usr/local/Cellar/gcc-arm-none-eabi/20180627/bin/../lib/gcc/arm-none-eabi/7.3.1/thumb/v7-m/libgcc.a
LOAD /usr/local/Cellar/gcc-arm-none-eabi/20180627/bin/../lib/gcc/arm-none-eabi/7.3.1/../../../../arm-none-eabi/lib/thumb/v7-m/libc_nano.a
END GROUP
LOAD /usr/local/Cellar/gcc-arm-none-eabi/20180627/bin/../lib/gcc/arm-none-eabi/7.3.1/thumb/v7-m/crtend.o
LOAD /usr/local/Cellar/gcc-arm-none-eabi/20180627/bin/../lib/gcc/arm-none-eabi/7.3.1/thumb/v7-m/crtn.o
                0x0000000020005000                _estack = 0x20005000
                0x0000000000000200                _Min_Heap_Size = 0x200
                0x0000000000000400                _Min_Stack_Size = 0x400

.isr_vector     0x0000000008000000      0x10c
                0x0000000008000000                . = ALIGN (0x4)
 *(.isr_vector)
 .isr_vector    0x0000000008000000      0x10c obj/startup.o
                0x0000000008000000                g_pfnVectors
                0x000000000800010c                . = ALIGN (0x4)

.text           0x000000000800010c     0x2c44
                0x000000000800010c                . = ALIGN (0x4)
 *(.text)
 .text          0x000000000800010c       0x40 /usr/local/Cellar/gcc-arm-none-eabi/20180627/bin/../lib/gcc/arm-none-eabi/7.3.1/thumb/v7-m/crtbegin.o
 *(.text*)
 .text.appInit  0x000000000800014c        0xa obj/app.o
                0x000000000800014c                appInit
 .text.assert_failed
                0x0000000008000156        0x2 obj/assert.o
                0x0000000008000156                assert_failed
 .text.reloadDefault
                0x0000000008000158       0x18 obj/constManager.o
 .text.load     0x0000000008000170       0x40 obj/constManager.o
 .text.ad_init  0x00000000080001b0        0xc obj/constManager.o
                0x00000000080001b0                ad_init
 .text.HAL_MspInit
                0x00000000080001bc       0x7c obj/msp.o
                0x00000000080001bc                HAL_MspInit
 .text.HAL_UART_MspInit
                0x0000000008000238      0x268 obj/msp.o
                0x0000000008000238                HAL_UART_MspInit
 .text.NMI_Handler
                0x00000000080004a0        0x2 obj/stm32f1xx_it.o
                0x00000000080004a0                NMI_Handler
 .text.HardFault_Handler
                0x00000000080004a2        0x2 obj/stm32f1xx_it.o
                0x00000000080004a2                HardFault_Handler
 .text.MemManage_Handler
                0x00000000080004a4        0x2 obj/stm32f1xx_it.o
                0x00000000080004a4                MemManage_Handler
 .text.BusFault_Handler
                0x00000000080004a6        0x2 obj/stm32f1xx_it.o
                0x00000000080004a6                BusFault_Handler
 .text.UsageFault_Handler
                0x00000000080004a8        0x2 obj/stm32f1xx_it.o
                0x00000000080004a8                UsageFault_Handler
 .text.SVC_Handler
                0x00000000080004aa        0x2 obj/stm32f1xx_it.o
                0x00000000080004aa                SVC_Handler
 .text.DebugMon_Handler
                0x00000000080004ac        0x2 obj/stm32f1xx_it.o
                0x00000000080004ac                DebugMon_Handler
 .text.PendSV_Handler
                0x00000000080004ae        0x2 obj/stm32f1xx_it.o
                0x00000000080004ae                PendSV_Handler
 .text.SysTick_Handler
                0x00000000080004b0       0x18 obj/stm32f1xx_it.o
                0x00000000080004b0                SysTick_Handler
 .text.DMA1_Channel6_IRQHandler
                0x00000000080004c8       0x10 obj/stm32f1xx_it.o
                0x00000000080004c8                DMA1_Channel6_IRQHandler
 .text.DMA1_Channel7_IRQHandler
                0x00000000080004d8       0x10 obj/stm32f1xx_it.o
                0x00000000080004d8                DMA1_Channel7_IRQHandler
 .text.DMA1_Channel2_IRQHandler
                0x00000000080004e8       0x10 obj/stm32f1xx_it.o
                0x00000000080004e8                DMA1_Channel2_IRQHandler
 .text.DMA1_Channel3_IRQHandler
                0x00000000080004f8       0x10 obj/stm32f1xx_it.o
                0x00000000080004f8                DMA1_Channel3_IRQHandler
 .text.USART3_IRQHandler
                0x0000000008000508       0x10 obj/stm32f1xx_it.o
                0x0000000008000508                USART3_IRQHandler
 .text.USART2_IRQHandler
                0x0000000008000518       0x10 obj/stm32f1xx_it.o
                0x0000000008000518                USART2_IRQHandler
 .text.DMA1_Channel4_IRQHandler
                0x0000000008000528       0x10 obj/stm32f1xx_it.o
                0x0000000008000528                DMA1_Channel4_IRQHandler
 .text.DMA1_Channel5_IRQHandler
                0x0000000008000538       0x10 obj/stm32f1xx_it.o
                0x0000000008000538                DMA1_Channel5_IRQHandler
 .text.SystemInit
                0x0000000008000548       0x4c obj/system_stm32f1xx.o
                0x0000000008000548                SystemInit
 .text.HAL_InitTick
                0x0000000008000594       0x28 obj/stm32f1xx_hal.o
                0x0000000008000594                HAL_InitTick
 .text.HAL_Init
                0x00000000080005bc       0x24 obj/stm32f1xx_hal.o
                0x00000000080005bc                HAL_Init
 .text.HAL_IncTick
                0x00000000080005e0       0x10 obj/stm32f1xx_hal.o
                0x00000000080005e0                HAL_IncTick
 .text.HAL_GetTick
                0x00000000080005f0        0xc obj/stm32f1xx_hal.o
                0x00000000080005f0                HAL_GetTick
 .text.HAL_Delay
                0x00000000080005fc       0x1c obj/stm32f1xx_hal.o
                0x00000000080005fc                HAL_Delay
 .text.HAL_NVIC_SetPriorityGrouping
                0x0000000008000618       0x3c obj/stm32f1xx_hal_cortex.o
                0x0000000008000618                HAL_NVIC_SetPriorityGrouping
 .text.HAL_NVIC_SetPriority
                0x0000000008000654       0x8c obj/stm32f1xx_hal_cortex.o
                0x0000000008000654                HAL_NVIC_SetPriority
 .text.HAL_NVIC_EnableIRQ
                0x00000000080006e0       0x2c obj/stm32f1xx_hal_cortex.o
                0x00000000080006e0                HAL_NVIC_EnableIRQ
 .text.HAL_SYSTICK_Config
                0x000000000800070c       0x2c obj/stm32f1xx_hal_cortex.o
                0x000000000800070c                HAL_SYSTICK_Config
 .text.HAL_SYSTICK_CLKSourceConfig
                0x0000000008000738       0x3c obj/stm32f1xx_hal_cortex.o
                0x0000000008000738                HAL_SYSTICK_CLKSourceConfig
 .text.HAL_SYSTICK_Callback
                0x0000000008000774        0x2 obj/stm32f1xx_hal_cortex.o
                0x0000000008000774                HAL_SYSTICK_Callback
 .text.HAL_SYSTICK_IRQHandler
                0x0000000008000776        0x8 obj/stm32f1xx_hal_cortex.o
                0x0000000008000776                HAL_SYSTICK_IRQHandler
 .text.DMA_SetConfig
                0x000000000800077e       0x22 obj/stm32f1xx_hal_dma.o
 .text.HAL_DMA_Init
                0x00000000080007a0      0x138 obj/stm32f1xx_hal_dma.o
                0x00000000080007a0                HAL_DMA_Init
 .text.HAL_DMA_Start_IT
                0x00000000080008d8       0x80 obj/stm32f1xx_hal_dma.o
                0x00000000080008d8                HAL_DMA_Start_IT
 .text.HAL_DMA_IRQHandler
                0x0000000008000958      0x270 obj/stm32f1xx_hal_dma.o
                0x0000000008000958                HAL_DMA_IRQHandler
 .text.HAL_GPIO_Init
                0x0000000008000bc8      0x318 obj/stm32f1xx_hal_gpio.o
                0x0000000008000bc8                HAL_GPIO_Init
 .text.HAL_GPIO_ReadPin
                0x0000000008000ee0       0x28 obj/stm32f1xx_hal_gpio.o
                0x0000000008000ee0                HAL_GPIO_ReadPin
 .text.HAL_GPIO_WritePin
                0x0000000008000f08       0x38 obj/stm32f1xx_hal_gpio.o
                0x0000000008000f08                HAL_GPIO_WritePin
 .text.HAL_IWDG_MspInit
                0x0000000008000f40        0x2 obj/stm32f1xx_hal_iwdg.o
                0x0000000008000f40                HAL_IWDG_MspInit
 *fill*         0x0000000008000f42        0x2 
 .text.HAL_IWDG_Init
                0x0000000008000f44       0xa0 obj/stm32f1xx_hal_iwdg.o
                0x0000000008000f44                HAL_IWDG_Init
 .text.HAL_IWDG_Start
                0x0000000008000fe4       0x2a obj/stm32f1xx_hal_iwdg.o
                0x0000000008000fe4                HAL_IWDG_Start
 .text.HAL_IWDG_Refresh
                0x000000000800100e       0x4c obj/stm32f1xx_hal_iwdg.o
                0x000000000800100e                HAL_IWDG_Refresh
 *fill*         0x000000000800105a        0x2 
 .text.HAL_RCC_OscConfig
                0x000000000800105c      0x728 obj/stm32f1xx_hal_rcc.o
                0x000000000800105c                HAL_RCC_OscConfig
 .text.HAL_RCC_GetSysClockFreq
                0x0000000008001784       0x8c obj/stm32f1xx_hal_rcc.o
                0x0000000008001784                HAL_RCC_GetSysClockFreq
 .text.HAL_RCC_ClockConfig
                0x0000000008001810      0x2a0 obj/stm32f1xx_hal_rcc.o
                0x0000000008001810                HAL_RCC_ClockConfig
 .text.HAL_RCC_GetHCLKFreq
                0x0000000008001ab0        0xc obj/stm32f1xx_hal_rcc.o
                0x0000000008001ab0                HAL_RCC_GetHCLKFreq
 .text.HAL_RCC_GetPCLK1Freq
                0x0000000008001abc       0x2c obj/stm32f1xx_hal_rcc.o
                0x0000000008001abc                HAL_RCC_GetPCLK1Freq
 .text.HAL_RCC_GetPCLK2Freq
                0x0000000008001ae8       0x2c obj/stm32f1xx_hal_rcc.o
                0x0000000008001ae8                HAL_RCC_GetPCLK2Freq
 .text.HAL_RCCEx_PeriphCLKConfig
                0x0000000008001b14      0x1a4 obj/stm32f1xx_hal_rcc_ex.o
                0x0000000008001b14                HAL_RCCEx_PeriphCLKConfig
 .text.HAL_TIM_PeriodElapsedCallback
                0x0000000008001cb8        0x2 obj/stm32f1xx_hal_tim.o
                0x0000000008001cb8                HAL_TIM_PeriodElapsedCallback
 .text.HAL_TIM_OC_DelayElapsedCallback
                0x0000000008001cba        0x2 obj/stm32f1xx_hal_tim.o
                0x0000000008001cba                HAL_TIM_OC_DelayElapsedCallback
 .text.HAL_TIM_IC_CaptureCallback
                0x0000000008001cbc        0x2 obj/stm32f1xx_hal_tim.o
                0x0000000008001cbc                HAL_TIM_IC_CaptureCallback
 .text.HAL_TIM_PWM_PulseFinishedCallback
                0x0000000008001cbe        0x2 obj/stm32f1xx_hal_tim.o
                0x0000000008001cbe                HAL_TIM_PWM_PulseFinishedCallback
 .text.HAL_TIM_TriggerCallback
                0x0000000008001cc0        0x2 obj/stm32f1xx_hal_tim.o
                0x0000000008001cc0                HAL_TIM_TriggerCallback
 .text.HAL_TIM_IRQHandler
                0x0000000008001cc2      0x17a obj/stm32f1xx_hal_tim.o
                0x0000000008001cc2                HAL_TIM_IRQHandler
 .text.HAL_TIMEx_CommutationCallback
                0x0000000008001e3c        0x2 obj/stm32f1xx_hal_tim_ex.o
                0x0000000008001e3c                HAL_TIMEx_CommutationCallback
 .text.HAL_TIMEx_BreakCallback
                0x0000000008001e3e        0x2 obj/stm32f1xx_hal_tim_ex.o
                0x0000000008001e3e                HAL_TIMEx_BreakCallback
 .text.UART_Transmit_IT
                0x0000000008001e40       0x6c obj/stm32f1xx_hal_uart.o
 .text.UART_SetConfig
                0x0000000008001eac      0x214 obj/stm32f1xx_hal_uart.o
 .text.HAL_UART_Init
                0x00000000080020c0       0xf8 obj/stm32f1xx_hal_uart.o
                0x00000000080020c0                HAL_UART_Init
 .text.HAL_UART_Transmit_DMA
                0x00000000080021b8       0xa0 obj/stm32f1xx_hal_uart.o
                0x00000000080021b8                HAL_UART_Transmit_DMA
 .text.UART_DMATransmitCplt
                0x0000000008002258       0x30 obj/stm32f1xx_hal_uart.o
 .text.UART_EndTransmit_IT
                0x0000000008002288       0x2c obj/stm32f1xx_hal_uart.o
 .text.HAL_UART_TxHalfCpltCallback
                0x00000000080022b4        0x2 obj/stm32f1xx_hal_uart.o
                0x00000000080022b4                HAL_UART_TxHalfCpltCallback
 .text.UART_DMATxHalfCplt
                0x00000000080022b6        0xa obj/stm32f1xx_hal_uart.o
 .text.UART_Receive_IT
                0x00000000080022c0       0xb6 obj/stm32f1xx_hal_uart.o
 .text.HAL_UART_ErrorCallback
                0x0000000008002376        0x2 obj/stm32f1xx_hal_uart.o
                0x0000000008002376                HAL_UART_ErrorCallback
 .text.UART_DMAError
                0x0000000008002378       0x1e obj/stm32f1xx_hal_uart.o
 .text.HAL_UART_IRQHandler
                0x0000000008002396       0xca obj/stm32f1xx_hal_uart.o
                0x0000000008002396                HAL_UART_IRQHandler
 .text.MW_SetGPIOPin
                0x0000000008002460        0xc obj/MW_GPIO.o
                0x0000000008002460                MW_SetGPIOPin
 .text.MW_SetGPIOMode
                0x000000000800246c        0xc obj/MW_GPIO.o
                0x000000000800246c                MW_SetGPIOMode
 .text.MW_SetGPIOPull
                0x0000000008002478        0xc obj/MW_GPIO.o
                0x0000000008002478                MW_SetGPIOPull
 .text.MW_SetGPIOSpeed
                0x0000000008002484        0xc obj/MW_GPIO.o
                0x0000000008002484                MW_SetGPIOSpeed
 .text.MW_GPIOInit
                0x0000000008002490       0x2c obj/MW_GPIO.o
                0x0000000008002490                MW_GPIOInit
 .text.MW_GPIOWrite
                0x00000000080024bc       0x30 obj/MW_GPIO.o
                0x00000000080024bc                MW_GPIOWrite
 .text.MW_GPIORead
                0x00000000080024ec       0x2c obj/MW_GPIO.o
                0x00000000080024ec                MW_GPIORead
 .text.MW_SetIWDGPrescaler
                0x0000000008002518        0xc obj/MW_IWDG.o
                0x0000000008002518                MW_SetIWDGPrescaler
 .text.MW_SetIWDGReload
                0x0000000008002524        0xc obj/MW_IWDG.o
                0x0000000008002524                MW_SetIWDGReload
 .text.MW_IWDGInit
                0x0000000008002530       0x1c obj/MW_IWDG.o
                0x0000000008002530                MW_IWDGInit
 .text.MW_IWDGClr
                0x000000000800254c       0x10 obj/MW_IWDG.o
                0x000000000800254c                MW_IWDGClr
 .text.TIM1_UP_IRQHandler
                0x000000000800255c       0x10 obj/MW_TIM.o
                0x000000000800255c                TIM1_UP_IRQHandler
 .text.TIM2_IRQHandler
                0x000000000800256c       0x10 obj/MW_TIM.o
                0x000000000800256c                TIM2_IRQHandler
 .text.MW_USARTSetBaudRate
                0x000000000800257c       0x28 obj/MW_USART.o
                0x000000000800257c                MW_USARTSetBaudRate
 .text.MW_USARTInit
                0x00000000080025a4       0x1c obj/MW_USART.o
                0x00000000080025a4                MW_USARTInit
 .text.MW_USART2Transmit
                0x00000000080025c0       0x1c obj/MW_USART.o
                0x00000000080025c0                MW_USART2Transmit
 .text._xprintf
                0x00000000080025dc       0x1c obj/message.o
 .text.MW_waitForMessageTransitionComplete
                0x00000000080025f8       0x3c obj/message.o
                0x00000000080025f8                MW_waitForMessageTransitionComplete
 .text.flush    0x0000000008002634       0x40 obj/message.o
                0x0000000008002634                flush
 .text.MW_printf
                0x0000000008002674       0x44 obj/message.o
                0x0000000008002674                MW_printf
 .text._msg     0x00000000080026b8       0x4c obj/message.o
                0x00000000080026b8                _msg
 .text.MW_messageTransitionCompletedCallBack
                0x0000000008002704        0xc obj/message.o
                0x0000000008002704                MW_messageTransitionCompletedCallBack
 .text.xputc    0x0000000008002710       0x38 obj/xprintf.o
                0x0000000008002710                xputc
 .text.xputs    0x0000000008002748       0x14 obj/xprintf.o
                0x0000000008002748                xputs
 .text.xvprintf
                0x000000000800275c      0x1fa obj/xprintf.o
                0x000000000800275c                xvprintf
 .text.SY_I2CConnTest
                0x0000000008002956        0x4 obj/SystemTaskManager.o
 *fill*         0x000000000800295a        0x2 
 .text.SY_clockInit
                0x000000000800295c       0xcc obj/SystemTaskManager.o
 .text.SY_GPIOInit
                0x0000000008002a28       0x94 obj/SystemTaskManager.o
 .text.SY_init  0x0000000008002abc       0x80 obj/SystemTaskManager.o
 .text.main     0x0000000008002b3c      0x118 obj/SystemTaskManager.o
                0x0000000008002b3c                main
 .text.SY_wait  0x0000000008002c54       0x2c obj/SystemTaskManager.o
                0x0000000008002c54                SY_wait
 .text.HAL_UART_RxCpltCallback
                0x0000000008002c80        0x2 obj/SystemTaskManager.o
                0x0000000008002c80                HAL_UART_RxCpltCallback
 .text.HAL_UART_TxCpltCallback
                0x0000000008002c82        0x8 obj/SystemTaskManager.o
                0x0000000008002c82                HAL_UART_TxCpltCallback
 *fill*         0x0000000008002c8a        0x2 
 .text.Reset_Handler
                0x0000000008002c8c       0x48 obj/startup.o
                0x0000000008002c8c                Reset_Handler
 .text.Default_Handler
                0x0000000008002cd4        0x2 obj/startup.o
                0x0000000008002cd4                USBWakeUp_IRQHandler
                0x0000000008002cd4                EXTI2_IRQHandler
                0x0000000008002cd4                TIM1_CC_IRQHandler
                0x0000000008002cd4                PVD_IRQHandler
                0x0000000008002cd4                EXTI3_IRQHandler
                0x0000000008002cd4                EXTI0_IRQHandler
                0x0000000008002cd4                I2C2_EV_IRQHandler
                0x0000000008002cd4                ADC1_2_IRQHandler
                0x0000000008002cd4                SPI1_IRQHandler
                0x0000000008002cd4                TAMPER_IRQHandler
                0x0000000008002cd4                RTC_IRQHandler
                0x0000000008002cd4                CAN1_RX1_IRQHandler
                0x0000000008002cd4                TIM4_IRQHandler
                0x0000000008002cd4                I2C1_EV_IRQHandler
                0x0000000008002cd4                TIM3_IRQHandler
                0x0000000008002cd4                RCC_IRQHandler
                0x0000000008002cd4                TIM1_TRG_COM_IRQHandler
                0x0000000008002cd4                DMA1_Channel1_IRQHandler
                0x0000000008002cd4                Default_Handler
                0x0000000008002cd4                EXTI15_10_IRQHandler
                0x0000000008002cd4                EXTI9_5_IRQHandler
                0x0000000008002cd4                SPI2_IRQHandler
                0x0000000008002cd4                EXTI4_IRQHandler
                0x0000000008002cd4                USB_LP_CAN1_RX0_IRQHandler
                0x0000000008002cd4                USB_HP_CAN1_TX_IRQHandler
                0x0000000008002cd4                WWDG_IRQHandler
                0x0000000008002cd4                TIM1_BRK_IRQHandler
                0x0000000008002cd4                EXTI1_IRQHandler
                0x0000000008002cd4                I2C2_ER_IRQHandler
                0x0000000008002cd4                CAN1_SCE_IRQHandler
                0x0000000008002cd4                FLASH_IRQHandler
                0x0000000008002cd4                USART1_IRQHandler
                0x0000000008002cd4                I2C1_ER_IRQHandler
                0x0000000008002cd4                RTC_Alarm_IRQHandler
 *fill*         0x0000000008002cd6        0x2 
 .text.__libc_init_array
                0x0000000008002cd8       0x48 /usr/local/Cellar/gcc-arm-none-eabi/20180627/bin/../lib/gcc/arm-none-eabi/7.3.1/../../../../arm-none-eabi/lib/thumb/v7-m/libc_nano.a(lib_a-init.o)
                0x0000000008002cd8                __libc_init_array
 .text.memcpy   0x0000000008002d20       0x16 /usr/local/Cellar/gcc-arm-none-eabi/20180627/bin/../lib/gcc/arm-none-eabi/7.3.1/../../../../arm-none-eabi/lib/thumb/v7-m/libc_nano.a(lib_a-memcpy-stub.o)
                0x0000000008002d20                memcpy
 *(.glue_7)
 .glue_7        0x0000000008002d36        0x0 linker stubs
 *(.glue_7t)
 .glue_7t       0x0000000008002d36        0x0 linker stubs
 *(.eh_frame)
 *fill*         0x0000000008002d36        0x2 
 .eh_frame      0x0000000008002d38        0x0 /usr/local/Cellar/gcc-arm-none-eabi/20180627/bin/../lib/gcc/arm-none-eabi/7.3.1/thumb/v7-m/crtbegin.o
 *(.init)
 .init          0x0000000008002d38        0x4 /usr/local/Cellar/gcc-arm-none-eabi/20180627/bin/../lib/gcc/arm-none-eabi/7.3.1/thumb/v7-m/crti.o
                0x0000000008002d38                _init
 .init          0x0000000008002d3c        0x8 /usr/local/Cellar/gcc-arm-none-eabi/20180627/bin/../lib/gcc/arm-none-eabi/7.3.1/thumb/v7-m/crtn.o
 *(.fini)
 .fini          0x0000000008002d44        0x4 /usr/local/Cellar/gcc-arm-none-eabi/20180627/bin/../lib/gcc/arm-none-eabi/7.3.1/thumb/v7-m/crti.o
                0x0000000008002d44                _fini
 .fini          0x0000000008002d48        0x8 /usr/local/Cellar/gcc-arm-none-eabi/20180627/bin/../lib/gcc/arm-none-eabi/7.3.1/thumb/v7-m/crtn.o
                0x0000000008002d50                . = ALIGN (0x4)
                0x0000000008002d50                _etext = .

.vfp11_veneer   0x0000000008002d50        0x0
 .vfp11_veneer  0x0000000008002d50        0x0 linker stubs

.v4_bx          0x0000000008002d50        0x0
 .v4_bx         0x0000000008002d50        0x0 linker stubs

.iplt           0x0000000008002d50        0x0
 .iplt          0x0000000008002d50        0x0 /usr/local/Cellar/gcc-arm-none-eabi/20180627/bin/../lib/gcc/arm-none-eabi/7.3.1/thumb/v7-m/crtbegin.o

.rodata         0x0000000008002d50      0x46c
                0x0000000008002d50                . = ALIGN (0x4)
 *(.rodata)
 .rodata        0x0000000008002d50       0x12 obj/stm32f1xx_hal_rcc.o
 *(.rodata*)
 *fill*         0x0000000008002d62        0x2 
 .rodata.defaultad
                0x0000000008002d64      0x144 obj/constManager.o
 .rodata.AHBPrescTable
                0x0000000008002ea8       0x10 obj/system_stm32f1xx.o
                0x0000000008002ea8                AHBPrescTable
 .rodata.APBPrescTable
                0x0000000008002eb8        0x8 obj/system_stm32f1xx.o
                0x0000000008002eb8                APBPrescTable
 .rodata.HAL_NVIC_SetPriorityGrouping.str1.4
                0x0000000008002ec0       0x38 obj/stm32f1xx_hal_cortex.o
 .rodata.HAL_DMA_Init.str1.4
                0x0000000008002ef8       0x35 obj/stm32f1xx_hal_dma.o
 *fill*         0x0000000008002f2d        0x3 
 .rodata.HAL_GPIO_Init.str1.4
                0x0000000008002f30       0x36 obj/stm32f1xx_hal_gpio.o
 *fill*         0x0000000008002f66        0x2 
 .rodata.HAL_IWDG_Init.str1.4
                0x0000000008002f68       0x36 obj/stm32f1xx_hal_iwdg.o
 *fill*         0x0000000008002f9e        0x2 
 .rodata.HAL_RCC_OscConfig.str1.4
                0x0000000008002fa0       0x35 obj/stm32f1xx_hal_rcc.o
 *fill*         0x0000000008002fd5        0x3 
 .rodata.HAL_RCCEx_PeriphCLKConfig.str1.4
                0x0000000008002fd8       0x38 obj/stm32f1xx_hal_rcc_ex.o
 .rodata.UART_SetConfig.str1.4
                0x0000000008003010       0x36 obj/stm32f1xx_hal_uart.o
 *fill*         0x0000000008003046        0x2 
 .rodata.MW_GPIOInit.str1.4
                0x0000000008003048       0x28 obj/MW_GPIO.o
 .rodata.gpioid
                0x0000000008003070       0x10 obj/MW_GPIO.o
 .rodata.MW_USARTSetBaudRate.str1.4
                0x0000000008003080       0x29 obj/MW_USART.o
 *fill*         0x00000000080030a9        0x3 
 .rodata.uartid
                0x00000000080030ac        0xc obj/MW_USART.o
 .rodata._msg.str1.4
                0x00000000080030b8       0x12 obj/message.o
 *fill*         0x00000000080030ca        0x2 
 .rodata.SY_clockInit.str1.4
                0x00000000080030cc       0x42 obj/SystemTaskManager.o
 *fill*         0x000000000800310e        0x2 
 .rodata.SY_init.str1.4
                0x0000000008003110       0x2d obj/SystemTaskManager.o
 *fill*         0x000000000800313d        0x3 
 .rodata.__FUNCTION__.8112
                0x0000000008003140        0x5 obj/SystemTaskManager.o
 *fill*         0x0000000008003145        0x3 
 .rodata.__FUNCTION__.8139
                0x0000000008003148        0x8 obj/SystemTaskManager.o
 .rodata.__FUNCTION__.8146
                0x0000000008003150        0xd obj/SystemTaskManager.o
 *fill*         0x000000000800315d        0x3 
 .rodata.main.str1.4
                0x0000000008003160       0x5c obj/SystemTaskManager.o
                                         0x63 (size before relaxing)
                0x00000000080031bc                . = ALIGN (0x4)

.rel.dyn        0x00000000080031bc        0x0
 .rel.iplt      0x00000000080031bc        0x0 /usr/local/Cellar/gcc-arm-none-eabi/20180627/bin/../lib/gcc/arm-none-eabi/7.3.1/thumb/v7-m/crtbegin.o

.ARM.extab
 *(.ARM.extab* .gnu.linkonce.armextab.*)

.ARM            0x00000000080031bc        0x0
                0x00000000080031bc                __exidx_start = .
 *(.ARM.exidx*)
                0x00000000080031bc                __exidx_end = .

.preinit_array  0x00000000080031bc        0x0
                0x00000000080031bc                PROVIDE (__preinit_array_start = .)
 *(.preinit_array*)
                0x00000000080031bc                PROVIDE (__preinit_array_end = .)

.init_array     0x00000000080031bc        0x4
                0x00000000080031bc                PROVIDE (__init_array_start = .)
 *(SORT_BY_NAME(.init_array.*))
 *(.init_array*)
 .init_array    0x00000000080031bc        0x4 /usr/local/Cellar/gcc-arm-none-eabi/20180627/bin/../lib/gcc/arm-none-eabi/7.3.1/thumb/v7-m/crtbegin.o
                0x00000000080031c0                PROVIDE (__init_array_end = .)

.fini_array     0x00000000080031c0        0x4
                [!provide]                        PROVIDE (__fini_array_start = .)
 *(SORT_BY_NAME(.fini_array.*))
 *(.fini_array*)
 .fini_array    0x00000000080031c0        0x4 /usr/local/Cellar/gcc-arm-none-eabi/20180627/bin/../lib/gcc/arm-none-eabi/7.3.1/thumb/v7-m/crtbegin.o
                [!provide]                        PROVIDE (__fini_array_end = .)
                0x00000000080031c4                _sidata = LOADADDR (.data)

.data           0x0000000020000000      0x174 load address 0x00000000080031c4
                0x0000000020000000                . = ALIGN (0x4)
                0x0000000020000000                _sdata = .
 *(.data)
 *(.data*)
 .data.editlist
                0x0000000020000000       0x24 obj/constManager.o
                0x0000000020000000                editlist
 .data.SystemCoreClock
                0x0000000020000024        0x4 obj/system_stm32f1xx.o
                0x0000000020000024                SystemCoreClock
 .data.hi2c2    0x0000000020000028       0x3c obj/MW_I2C.o
                0x0000000020000028                hi2c2
 .data.hiwdg    0x0000000020000064       0x10 obj/MW_IWDG.o
 .data.htim1    0x0000000020000074       0x3c obj/MW_TIM.o
 .data.huart1   0x00000000200000b0       0x40 obj/MW_USART.o
                0x00000000200000b0                huart1
 .data.huart2   0x00000000200000f0       0x40 obj/MW_USART.o
                0x00000000200000f0                huart2
 .data.huart3   0x0000000020000130       0x40 obj/MW_USART.o
                0x0000000020000130                huart3
 .data.had_completed
                0x0000000020000170        0x1 obj/message.o
                0x0000000020000174                . = ALIGN (0x4)
 *fill*         0x0000000020000171        0x3 
                0x0000000020000174                _edata = .

.igot.plt       0x0000000020000174        0x0 load address 0x0000000008003338
 .igot.plt      0x0000000020000174        0x0 /usr/local/Cellar/gcc-arm-none-eabi/20180627/bin/../lib/gcc/arm-none-eabi/7.3.1/thumb/v7-m/crtbegin.o
                0x0000000020000174                . = ALIGN (0x4)

.bss            0x0000000020000174      0x6a8 load address 0x0000000008003338
                0x0000000020000174                _sbss = .
                0x0000000020000174                __bss_start__ = _sbss
 *(.bss)
 .bss           0x0000000020000174       0x1c /usr/local/Cellar/gcc-arm-none-eabi/20180627/bin/../lib/gcc/arm-none-eabi/7.3.1/thumb/v7-m/crtbegin.o
 *(.bss*)
 .bss.g_adjust  0x0000000020000190      0x144 obj/constManager.o
                0x0000000020000190                g_adjust
 .bss.g_c_data  0x00000000200002d4       0x48 obj/constManager.o
                0x00000000200002d4                g_c_data
 .bss.hdma_rx.7428
                0x000000002000031c       0x38 obj/msp.o
 .bss.hdma_rx.7432
                0x0000000020000354       0x38 obj/msp.o
 .bss.hdma_tx.7427
                0x000000002000038c       0x38 obj/msp.o
 .bss.hdma_tx.7433
                0x00000000200003c4       0x38 obj/msp.o
 .bss.uwTick    0x00000000200003fc        0x4 obj/stm32f1xx_hal.o
 .bss.GPIO_InitStruct
                0x0000000020000400       0x10 obj/MW_GPIO.o
 .bss.buff      0x0000000020000410      0x400 obj/message.o
 .bss.outptr    0x0000000020000810        0x4 obj/xprintf.o
                0x0000000020000810                outptr
 .bss.xfunc_out
                0x0000000020000814        0x4 obj/xprintf.o
                0x0000000020000814                xfunc_out
 .bss.g_SY_system_counter
                0x0000000020000818        0x4 obj/SystemTaskManager.o
                0x0000000020000818                g_SY_system_counter
 *(COMMON)
                0x000000002000081c                . = ALIGN (0x4)
                0x000000002000081c                _ebss = .
                0x000000002000081c                __bss_end__ = _ebss

._user_heap_stack
                0x000000002000081c      0x604 load address 0x0000000008003338
                0x0000000020000820                . = ALIGN (0x8)
 *fill*         0x000000002000081c        0x4 
                [!provide]                        PROVIDE (end = .)
                [!provide]                        PROVIDE (_end = .)
                0x0000000020000a20                . = (. + _Min_Heap_Size)
 *fill*         0x0000000020000820      0x200 
                0x0000000020000e20                . = (. + _Min_Stack_Size)
 *fill*         0x0000000020000a20      0x400 
                0x0000000020000e20                . = ALIGN (0x8)

/DISCARD/
 libc.a(*)
 libm.a(*)
 libgcc.a(*)

.ARM.attributes
                0x0000000000000000       0x29
 *(.ARM.attributes)
 .ARM.attributes
                0x0000000000000000       0x1d /usr/local/Cellar/gcc-arm-none-eabi/20180627/bin/../lib/gcc/arm-none-eabi/7.3.1/thumb/v7-m/crti.o
 .ARM.attributes
                0x000000000000001d       0x2d /usr/local/Cellar/gcc-arm-none-eabi/20180627/bin/../lib/gcc/arm-none-eabi/7.3.1/thumb/v7-m/crtbegin.o
 .ARM.attributes
                0x000000000000004a       0x33 obj/app.o
 .ARM.attributes
                0x000000000000007d       0x33 obj/assert.o
 .ARM.attributes
                0x00000000000000b0       0x33 obj/constManager.o
 .ARM.attributes
                0x00000000000000e3       0x33 obj/msp.o
 .ARM.attributes
                0x0000000000000116       0x33 obj/stm32f1xx_it.o
 .ARM.attributes
                0x0000000000000149       0x33 obj/system_stm32f1xx.o
 .ARM.attributes
                0x000000000000017c       0x33 obj/stm32f1xx_hal.o
 .ARM.attributes
                0x00000000000001af       0x33 obj/stm32f1xx_hal_cortex.o
 .ARM.attributes
                0x00000000000001e2       0x33 obj/stm32f1xx_hal_dma.o
 .ARM.attributes
                0x0000000000000215       0x33 obj/stm32f1xx_hal_gpio.o
 .ARM.attributes
                0x0000000000000248       0x33 obj/stm32f1xx_hal_iwdg.o
 .ARM.attributes
                0x000000000000027b       0x33 obj/stm32f1xx_hal_rcc.o
 .ARM.attributes
                0x00000000000002ae       0x33 obj/stm32f1xx_hal_rcc_ex.o
 .ARM.attributes
                0x00000000000002e1       0x33 obj/stm32f1xx_hal_tim.o
 .ARM.attributes
                0x0000000000000314       0x33 obj/stm32f1xx_hal_tim_ex.o
 .ARM.attributes
                0x0000000000000347       0x33 obj/stm32f1xx_hal_uart.o
 .ARM.attributes
                0x000000000000037a       0x33 obj/MW_GPIO.o
 .ARM.attributes
                0x00000000000003ad       0x33 obj/MW_I2C.o
 .ARM.attributes
                0x00000000000003e0       0x33 obj/MW_IWDG.o
 .ARM.attributes
                0x0000000000000413       0x33 obj/MW_TIM.o
 .ARM.attributes
                0x0000000000000446       0x33 obj/MW_USART.o
 .ARM.attributes
                0x0000000000000479       0x33 obj/message.o
 .ARM.attributes
                0x00000000000004ac       0x33 obj/xprintf.o
 .ARM.attributes
                0x00000000000004df       0x33 obj/SystemTaskManager.o
 .ARM.attributes
                0x0000000000000512       0x21 obj/startup.o
 .ARM.attributes
                0x0000000000000533       0x2d /usr/local/Cellar/gcc-arm-none-eabi/20180627/bin/../lib/gcc/arm-none-eabi/7.3.1/../../../../arm-none-eabi/lib/thumb/v7-m/libc_nano.a(lib_a-init.o)
 .ARM.attributes
                0x0000000000000560       0x2d /usr/local/Cellar/gcc-arm-none-eabi/20180627/bin/../lib/gcc/arm-none-eabi/7.3.1/../../../../arm-none-eabi/lib/thumb/v7-m/libc_nano.a(lib_a-memcpy-stub.o)
 .ARM.attributes
                0x000000000000058d       0x1d /usr/local/Cellar/gcc-arm-none-eabi/20180627/bin/../lib/gcc/arm-none-eabi/7.3.1/thumb/v7-m/crtn.o
OUTPUT(bin/Test.elf elf32-littlearm)

.debug_info     0x0000000000000000    0x1fc3a
 .debug_info    0x0000000000000000      0xc16 obj/app.o
 .debug_info    0x0000000000000c16      0x967 obj/assert.o
 .debug_info    0x000000000000157d     0x18c8 obj/constManager.o
 .debug_info    0x0000000000002e45     0x2433 obj/msp.o
 .debug_info    0x0000000000005278     0x11b9 obj/stm32f1xx_it.o
 .debug_info    0x0000000000006431      0x3ec obj/system_stm32f1xx.o
 .debug_info    0x000000000000681d      0xf0e obj/stm32f1xx_hal.o
 .debug_info    0x000000000000772b     0x1550 obj/stm32f1xx_hal_cortex.o
 .debug_info    0x0000000000008c7b      0xffa obj/stm32f1xx_hal_dma.o
 .debug_info    0x0000000000009c75     0x1080 obj/stm32f1xx_hal_gpio.o
 .debug_info    0x000000000000acf5      0xc15 obj/stm32f1xx_hal_iwdg.o
 .debug_info    0x000000000000b90a     0x1d94 obj/stm32f1xx_hal_rcc.o
 .debug_info    0x000000000000d69e      0xe68 obj/stm32f1xx_hal_rcc_ex.o
 .debug_info    0x000000000000e506     0x4b8a obj/stm32f1xx_hal_tim.o
 .debug_info    0x0000000000013090     0x2002 obj/stm32f1xx_hal_tim_ex.o
 .debug_info    0x0000000000015092     0x1c43 obj/stm32f1xx_hal_uart.o
 .debug_info    0x0000000000016cd5      0xd24 obj/MW_GPIO.o
 .debug_info    0x00000000000179f9     0x10be obj/MW_I2C.o
 .debug_info    0x0000000000018ab7      0xba9 obj/MW_IWDG.o
 .debug_info    0x0000000000019660     0x1360 obj/MW_TIM.o
 .debug_info    0x000000000001a9c0     0x110f obj/MW_USART.o
 .debug_info    0x000000000001bacf     0x1088 obj/message.o
 .debug_info    0x000000000001cb57     0x1373 obj/xprintf.o
 .debug_info    0x000000000001deca     0x1d70 obj/SystemTaskManager.o

.debug_abbrev   0x0000000000000000     0x41cb
 .debug_abbrev  0x0000000000000000      0x23b obj/app.o
 .debug_abbrev  0x000000000000023b      0x1c0 obj/assert.o
 .debug_abbrev  0x00000000000003fb      0x337 obj/constManager.o
 .debug_abbrev  0x0000000000000732      0x2bc obj/msp.o
 .debug_abbrev  0x00000000000009ee      0x21f obj/stm32f1xx_it.o
 .debug_abbrev  0x0000000000000c0d      0x134 obj/system_stm32f1xx.o
 .debug_abbrev  0x0000000000000d41      0x338 obj/stm32f1xx_hal.o
 .debug_abbrev  0x0000000000001079      0x3ac obj/stm32f1xx_hal_cortex.o
 .debug_abbrev  0x0000000000001425      0x2d4 obj/stm32f1xx_hal_dma.o
 .debug_abbrev  0x00000000000016f9      0x2de obj/stm32f1xx_hal_gpio.o
 .debug_abbrev  0x00000000000019d7      0x299 obj/stm32f1xx_hal_iwdg.o
 .debug_abbrev  0x0000000000001c70      0x33a obj/stm32f1xx_hal_rcc.o
 .debug_abbrev  0x0000000000001faa      0x339 obj/stm32f1xx_hal_rcc_ex.o
 .debug_abbrev  0x00000000000022e3      0x2ef obj/stm32f1xx_hal_tim.o
 .debug_abbrev  0x00000000000025d2      0x2e0 obj/stm32f1xx_hal_tim_ex.o
 .debug_abbrev  0x00000000000028b2      0x2fd obj/stm32f1xx_hal_uart.o
 .debug_abbrev  0x0000000000002baf      0x278 obj/MW_GPIO.o
 .debug_abbrev  0x0000000000002e27      0x27d obj/MW_I2C.o
 .debug_abbrev  0x00000000000030a4      0x25c obj/MW_IWDG.o
 .debug_abbrev  0x0000000000003300      0x27c obj/MW_TIM.o
 .debug_abbrev  0x000000000000357c      0x274 obj/MW_USART.o
 .debug_abbrev  0x00000000000037f0      0x2e2 obj/message.o
 .debug_abbrev  0x0000000000003ad2      0x35b obj/xprintf.o
 .debug_abbrev  0x0000000000003e2d      0x39e obj/SystemTaskManager.o

.debug_aranges  0x0000000000000000      0xe08
 .debug_aranges
                0x0000000000000000       0x28 obj/app.o
 .debug_aranges
                0x0000000000000028       0x20 obj/assert.o
 .debug_aranges
                0x0000000000000048       0x88 obj/constManager.o
 .debug_aranges
                0x00000000000000d0       0x88 obj/msp.o
 .debug_aranges
                0x0000000000000158       0xa0 obj/stm32f1xx_it.o
 .debug_aranges
                0x00000000000001f8       0x28 obj/system_stm32f1xx.o
 .debug_aranges
                0x0000000000000220       0xb0 obj/stm32f1xx_hal.o
 .debug_aranges
                0x00000000000002d0       0x90 obj/stm32f1xx_hal_cortex.o
 .debug_aranges
                0x0000000000000360       0x68 obj/stm32f1xx_hal_dma.o
 .debug_aranges
                0x00000000000003c8       0x58 obj/stm32f1xx_hal_gpio.o
 .debug_aranges
                0x0000000000000420       0x40 obj/stm32f1xx_hal_iwdg.o
 .debug_aranges
                0x0000000000000460       0x88 obj/stm32f1xx_hal_rcc.o
 .debug_aranges
                0x00000000000004e8       0x30 obj/stm32f1xx_hal_rcc_ex.o
 .debug_aranges
                0x0000000000000518      0x368 obj/stm32f1xx_hal_tim.o
 .debug_aranges
                0x0000000000000880      0x138 obj/stm32f1xx_hal_tim_ex.o
 .debug_aranges
                0x00000000000009b8      0x150 obj/stm32f1xx_hal_uart.o
 .debug_aranges
                0x0000000000000b08       0x58 obj/MW_GPIO.o
 .debug_aranges
                0x0000000000000b60       0x60 obj/MW_I2C.o
 .debug_aranges
                0x0000000000000bc0       0x40 obj/MW_IWDG.o
 .debug_aranges
                0x0000000000000c00       0x80 obj/MW_TIM.o
 .debug_aranges
                0x0000000000000c80       0x68 obj/MW_USART.o
 .debug_aranges
                0x0000000000000ce8       0x48 obj/message.o
 .debug_aranges
                0x0000000000000d30       0x70 obj/xprintf.o
 .debug_aranges
                0x0000000000000da0       0x68 obj/SystemTaskManager.o

.debug_ranges   0x0000000000000000      0xd18
 .debug_ranges  0x0000000000000000       0x18 obj/app.o
 .debug_ranges  0x0000000000000018       0x10 obj/assert.o
 .debug_ranges  0x0000000000000028       0xa8 obj/constManager.o
 .debug_ranges  0x00000000000000d0       0x78 obj/msp.o
 .debug_ranges  0x0000000000000148       0x90 obj/stm32f1xx_it.o
 .debug_ranges  0x00000000000001d8       0x18 obj/system_stm32f1xx.o
 .debug_ranges  0x00000000000001f0       0xa0 obj/stm32f1xx_hal.o
 .debug_ranges  0x0000000000000290       0xe0 obj/stm32f1xx_hal_cortex.o
 .debug_ranges  0x0000000000000370       0x58 obj/stm32f1xx_hal_dma.o
 .debug_ranges  0x00000000000003c8       0x48 obj/stm32f1xx_hal_gpio.o
 .debug_ranges  0x0000000000000410       0x30 obj/stm32f1xx_hal_iwdg.o
 .debug_ranges  0x0000000000000440       0x78 obj/stm32f1xx_hal_rcc.o
 .debug_ranges  0x00000000000004b8       0x20 obj/stm32f1xx_hal_rcc_ex.o
 .debug_ranges  0x00000000000004d8      0x358 obj/stm32f1xx_hal_tim.o
 .debug_ranges  0x0000000000000830      0x128 obj/stm32f1xx_hal_tim_ex.o
 .debug_ranges  0x0000000000000958      0x140 obj/stm32f1xx_hal_uart.o
 .debug_ranges  0x0000000000000a98       0x48 obj/MW_GPIO.o
 .debug_ranges  0x0000000000000ae0       0x50 obj/MW_I2C.o
 .debug_ranges  0x0000000000000b30       0x30 obj/MW_IWDG.o
 .debug_ranges  0x0000000000000b60       0x70 obj/MW_TIM.o
 .debug_ranges  0x0000000000000bd0       0x58 obj/MW_USART.o
 .debug_ranges  0x0000000000000c28       0x38 obj/message.o
 .debug_ranges  0x0000000000000c60       0x60 obj/xprintf.o
 .debug_ranges  0x0000000000000cc0       0x58 obj/SystemTaskManager.o

.debug_macro    0x0000000000000000    0x1477c
 .debug_macro   0x0000000000000000      0x43e obj/app.o
 .debug_macro   0x000000000000043e      0xab4 obj/app.o
 .debug_macro   0x0000000000000ef2       0x46 obj/app.o
 .debug_macro   0x0000000000000f38       0x22 obj/app.o
 .debug_macro   0x0000000000000f5a       0x8e obj/app.o
 .debug_macro   0x0000000000000fe8       0x51 obj/app.o
 .debug_macro   0x0000000000001039       0xef obj/app.o
 .debug_macro   0x0000000000001128       0x6a obj/app.o
 .debug_macro   0x0000000000001192      0x1df obj/app.o
 .debug_macro   0x0000000000001371       0x16 obj/app.o
 .debug_macro   0x0000000000001387       0x10 obj/app.o
 .debug_macro   0x0000000000001397       0x40 obj/app.o
 .debug_macro   0x00000000000013d7       0x10 obj/app.o
 .debug_macro   0x00000000000013e7       0x16 obj/app.o
 .debug_macro   0x00000000000013fd      0x1b1 obj/app.o
 .debug_macro   0x00000000000015ae       0x2e obj/app.o
 .debug_macro   0x00000000000015dc       0x22 obj/app.o
 .debug_macro   0x00000000000015fe       0x3a obj/app.o
 .debug_macro   0x0000000000001638       0x34 obj/app.o
 .debug_macro   0x000000000000166c      0xb8e obj/app.o
 .debug_macro   0x00000000000021fa     0x69eb obj/app.o
 .debug_macro   0x0000000000008be5       0x43 obj/app.o
 .debug_macro   0x0000000000008c28     0x3383 obj/app.o
 .debug_macro   0x000000000000bfab       0x5e obj/app.o
 .debug_macro   0x000000000000c009       0x18 obj/app.o
 .debug_macro   0x000000000000c021       0x35 obj/app.o
 .debug_macro   0x000000000000c056       0x34 obj/app.o
 .debug_macro   0x000000000000c08a       0x16 obj/app.o
 .debug_macro   0x000000000000c0a0       0x97 obj/app.o
 .debug_macro   0x000000000000c137      0x353 obj/app.o
 .debug_macro   0x000000000000c48a       0xf6 obj/app.o
 .debug_macro   0x000000000000c580       0x10 obj/app.o
 .debug_macro   0x000000000000c590       0x58 obj/app.o
 .debug_macro   0x000000000000c5e8       0x1f obj/app.o
 .debug_macro   0x000000000000c607       0x43 obj/app.o
 .debug_macro   0x000000000000c64a       0x20 obj/app.o
 .debug_macro   0x000000000000c66a      0x18e obj/app.o
 .debug_macro   0x000000000000c7f8       0x10 obj/app.o
 .debug_macro   0x000000000000c808       0x1c obj/app.o
 .debug_macro   0x000000000000c824       0x52 obj/app.o
 .debug_macro   0x000000000000c876       0x40 obj/app.o
 .debug_macro   0x000000000000c8b6       0x10 obj/app.o
 .debug_macro   0x000000000000c8c6       0x40 obj/app.o
 .debug_macro   0x000000000000c906       0xd7 obj/app.o
 .debug_macro   0x000000000000c9dd       0x1c obj/app.o
 .debug_macro   0x000000000000c9f9       0x3d obj/app.o
 .debug_macro   0x000000000000ca36       0x16 obj/app.o
 .debug_macro   0x000000000000ca4c      0x16f obj/app.o
 .debug_macro   0x000000000000cbbb       0x57 obj/app.o
 .debug_macro   0x000000000000cc12      0x778 obj/app.o
 .debug_macro   0x000000000000d38a      0x28b obj/app.o
 .debug_macro   0x000000000000d615      0x141 obj/app.o
 .debug_macro   0x000000000000d756      0x197 obj/app.o
 .debug_macro   0x000000000000d8ed      0x1ae obj/app.o
 .debug_macro   0x000000000000da9b       0x2d obj/app.o
 .debug_macro   0x000000000000dac8       0x3c obj/app.o
 .debug_macro   0x000000000000db04       0x57 obj/app.o
 .debug_macro   0x000000000000db5b      0x46a obj/app.o
 .debug_macro   0x000000000000dfc5      0x1b5 obj/app.o
 .debug_macro   0x000000000000e17a       0x8c obj/app.o
 .debug_macro   0x000000000000e206      0x242 obj/app.o
 .debug_macro   0x000000000000e448      0x225 obj/app.o
 .debug_macro   0x000000000000e66d       0x99 obj/app.o
 .debug_macro   0x000000000000e706      0x143 obj/app.o
 .debug_macro   0x000000000000e849      0x1f4 obj/app.o
 .debug_macro   0x000000000000ea3d      0x83e obj/app.o
 .debug_macro   0x000000000000f27b       0x11 obj/app.o
 .debug_macro   0x000000000000f28c      0x256 obj/app.o
 .debug_macro   0x000000000000f4e2       0x7c obj/app.o
 .debug_macro   0x000000000000f55e       0x16 obj/app.o
 .debug_macro   0x000000000000f574       0x35 obj/app.o
 .debug_macro   0x000000000000f5a9       0x16 obj/app.o
 .debug_macro   0x000000000000f5bf       0x29 obj/app.o
 .debug_macro   0x000000000000f5e8       0x16 obj/app.o
 .debug_macro   0x000000000000f5fe      0x100 obj/app.o
 .debug_macro   0x000000000000f6fe       0x2e obj/app.o
 .debug_macro   0x000000000000f72c       0x22 obj/app.o
 .debug_macro   0x000000000000f74e      0x1e1 obj/app.o
 .debug_macro   0x000000000000f92f       0x28 obj/app.o
 .debug_macro   0x000000000000f957       0x34 obj/app.o
 .debug_macro   0x000000000000f98b      0x325 obj/assert.o
 .debug_macro   0x000000000000fcb0       0x34 obj/assert.o
 .debug_macro   0x000000000000fce4      0x3b2 obj/constManager.o
 .debug_macro   0x0000000000010096       0x58 obj/constManager.o
 .debug_macro   0x00000000000100ee       0x94 obj/constManager.o
 .debug_macro   0x0000000000010182       0x57 obj/constManager.o
 .debug_macro   0x00000000000101d9      0x10b obj/constManager.o
 .debug_macro   0x00000000000102e4       0x10 obj/constManager.o
 .debug_macro   0x00000000000102f4       0x1c obj/constManager.o
 .debug_macro   0x0000000000010310       0x28 obj/constManager.o
 .debug_macro   0x0000000000010338      0x325 obj/msp.o
 .debug_macro   0x000000000001065d      0x369 obj/stm32f1xx_it.o
 .debug_macro   0x00000000000109c6       0x10 obj/stm32f1xx_it.o
 .debug_macro   0x00000000000109d6       0xd1 obj/system_stm32f1xx.o
 .debug_macro   0x0000000000010aa7      0x349 obj/stm32f1xx_hal.o
 .debug_macro   0x0000000000010df0      0x325 obj/stm32f1xx_hal_cortex.o
 .debug_macro   0x0000000000011115      0x32b obj/stm32f1xx_hal_dma.o
 .debug_macro   0x0000000000011440      0x395 obj/stm32f1xx_hal_gpio.o
 .debug_macro   0x00000000000117d5      0x32b obj/stm32f1xx_hal_iwdg.o
 .debug_macro   0x0000000000011b00      0x349 obj/stm32f1xx_hal_rcc.o
 .debug_macro   0x0000000000011e49      0x325 obj/stm32f1xx_hal_rcc_ex.o
 .debug_macro   0x000000000001216e      0x326 obj/stm32f1xx_hal_tim.o
 .debug_macro   0x0000000000012494      0x325 obj/stm32f1xx_hal_tim_ex.o
 .debug_macro   0x00000000000127b9      0x326 obj/stm32f1xx_hal_uart.o
 .debug_macro   0x0000000000012adf      0x334 obj/MW_GPIO.o
 .debug_macro   0x0000000000012e13       0x22 obj/MW_GPIO.o
 .debug_macro   0x0000000000012e35      0x372 obj/MW_I2C.o
 .debug_macro   0x00000000000131a7      0x363 obj/MW_IWDG.o
 .debug_macro   0x000000000001350a      0x368 obj/MW_TIM.o
 .debug_macro   0x0000000000013872       0x16 obj/MW_TIM.o
 .debug_macro   0x0000000000013888      0x369 obj/MW_USART.o
 .debug_macro   0x0000000000013bf1      0x3a1 obj/message.o
 .debug_macro   0x0000000000013f92       0x22 obj/message.o
 .debug_macro   0x0000000000013fb4       0x58 obj/message.o
 .debug_macro   0x000000000001400c       0x22 obj/message.o
 .debug_macro   0x000000000001402e      0x33d obj/xprintf.o
 .debug_macro   0x000000000001436b      0x411 obj/SystemTaskManager.o

.debug_line     0x0000000000000000    0x10d28
 .debug_line    0x0000000000000000      0xcb5 obj/app.o
 .debug_line    0x0000000000000cb5      0x715 obj/assert.o
 .debug_line    0x00000000000013ca      0xbac obj/constManager.o
 .debug_line    0x0000000000001f76      0x96a obj/msp.o
 .debug_line    0x00000000000028e0      0x9ce obj/stm32f1xx_it.o
 .debug_line    0x00000000000032ae      0x32f obj/system_stm32f1xx.o
 .debug_line    0x00000000000035dd      0x896 obj/stm32f1xx_hal.o
 .debug_line    0x0000000000003e73      0x92d obj/stm32f1xx_hal_cortex.o
 .debug_line    0x00000000000047a0      0xbc4 obj/stm32f1xx_hal_dma.o
 .debug_line    0x0000000000005364      0x9e0 obj/stm32f1xx_hal_gpio.o
 .debug_line    0x0000000000005d44      0x7f4 obj/stm32f1xx_hal_iwdg.o
 .debug_line    0x0000000000006538      0xd89 obj/stm32f1xx_hal_rcc.o
 .debug_line    0x00000000000072c1      0x891 obj/stm32f1xx_hal_rcc_ex.o
 .debug_line    0x0000000000007b52     0x26e8 obj/stm32f1xx_hal_tim.o
 .debug_line    0x000000000000a23a     0x108e obj/stm32f1xx_hal_tim_ex.o
 .debug_line    0x000000000000b2c8      0xf29 obj/stm32f1xx_hal_uart.o
 .debug_line    0x000000000000c1f1      0x7f1 obj/MW_GPIO.o
 .debug_line    0x000000000000c9e2      0x864 obj/MW_I2C.o
 .debug_line    0x000000000000d246      0x7f9 obj/MW_IWDG.o
 .debug_line    0x000000000000da3f      0x8e6 obj/MW_TIM.o
 .debug_line    0x000000000000e325      0x86d obj/MW_USART.o
 .debug_line    0x000000000000eb92      0x974 obj/message.o
 .debug_line    0x000000000000f506      0xa16 obj/xprintf.o
 .debug_line    0x000000000000ff1c      0xe0c obj/SystemTaskManager.o

.debug_str      0x0000000000000000    0x6c157
 .debug_str     0x0000000000000000    0x67687 obj/app.o
                                      0x67a98 (size before relaxing)
 .debug_str     0x0000000000067687       0x1f obj/assert.o
                                      0x663a9 (size before relaxing)
 .debug_str     0x00000000000676a6      0xa5f obj/constManager.o
                                      0x677ed (size before relaxing)
 .debug_str     0x0000000000068105      0xd22 obj/msp.o
                                      0x6724e (size before relaxing)
 .debug_str     0x0000000000068e27      0x2ac obj/stm32f1xx_it.o
                                      0x66d32 (size before relaxing)
 .debug_str     0x00000000000690d3       0xb6 obj/system_stm32f1xx.o
                                      0x2e28c (size before relaxing)
 .debug_str     0x0000000000069189      0x2ee obj/stm32f1xx_hal.o
                                      0x66aab (size before relaxing)
 .debug_str     0x0000000000069477      0x226 obj/stm32f1xx_hal_cortex.o
                                      0x66aa5 (size before relaxing)
 .debug_str     0x000000000006969d      0x151 obj/stm32f1xx_hal_dma.o
                                      0x66725 (size before relaxing)
 .debug_str     0x00000000000697ee      0x3d1 obj/stm32f1xx_hal_gpio.o
                                      0x6689c (size before relaxing)
 .debug_str     0x0000000000069bbf      0x162 obj/stm32f1xx_hal_iwdg.o
                                      0x66596 (size before relaxing)
 .debug_str     0x0000000000069d21      0x3b3 obj/stm32f1xx_hal_rcc.o
                                      0x668c9 (size before relaxing)
 .debug_str     0x000000000006a0d4      0x128 obj/stm32f1xx_hal_rcc_ex.o
                                      0x665c8 (size before relaxing)
 .debug_str     0x000000000006a1fc      0xcb8 obj/stm32f1xx_hal_tim.o
                                      0x6751d (size before relaxing)
 .debug_str     0x000000000006aeb4      0x4a9 obj/stm32f1xx_hal_tim_ex.o
                                      0x66db7 (size before relaxing)
 .debug_str     0x000000000006b35d      0x35b obj/stm32f1xx_hal_uart.o
                                      0x66b78 (size before relaxing)
 .debug_str     0x000000000006b6b8       0xc7 obj/MW_GPIO.o
                                      0x6665c (size before relaxing)
 .debug_str     0x000000000006b77f      0x181 obj/MW_I2C.o
                                      0x66a9c (size before relaxing)
 .debug_str     0x000000000006b900       0x72 obj/MW_IWDG.o
                                      0x66667 (size before relaxing)
 .debug_str     0x000000000006b972      0x29a obj/MW_TIM.o
                                      0x66bf0 (size before relaxing)
 .debug_str     0x000000000006bc0c      0x111 obj/MW_USART.o
                                      0x669f5 (size before relaxing)
 .debug_str     0x000000000006bd1d      0x282 obj/message.o
                                      0x66dab (size before relaxing)
 .debug_str     0x000000000006bf9f       0x77 obj/xprintf.o
                                      0x66a22 (size before relaxing)
 .debug_str     0x000000000006c016      0x141 obj/SystemTaskManager.o
                                      0x679a1 (size before relaxing)

.comment        0x0000000000000000       0x7f
 .comment       0x0000000000000000       0x7f obj/app.o
                                         0x80 (size before relaxing)
 .comment       0x000000000000007f       0x80 obj/assert.o
 .comment       0x000000000000007f       0x80 obj/constManager.o
 .comment       0x000000000000007f       0x80 obj/msp.o
 .comment       0x000000000000007f       0x80 obj/stm32f1xx_it.o
 .comment       0x000000000000007f       0x80 obj/system_stm32f1xx.o
 .comment       0x000000000000007f       0x80 obj/stm32f1xx_hal.o
 .comment       0x000000000000007f       0x80 obj/stm32f1xx_hal_cortex.o
 .comment       0x000000000000007f       0x80 obj/stm32f1xx_hal_dma.o
 .comment       0x000000000000007f       0x80 obj/stm32f1xx_hal_gpio.o
 .comment       0x000000000000007f       0x80 obj/stm32f1xx_hal_iwdg.o
 .comment       0x000000000000007f       0x80 obj/stm32f1xx_hal_rcc.o
 .comment       0x000000000000007f       0x80 obj/stm32f1xx_hal_rcc_ex.o
 .comment       0x000000000000007f       0x80 obj/stm32f1xx_hal_tim.o
 .comment       0x000000000000007f       0x80 obj/stm32f1xx_hal_tim_ex.o
 .comment       0x000000000000007f       0x80 obj/stm32f1xx_hal_uart.o
 .comment       0x000000000000007f       0x80 obj/MW_GPIO.o
 .comment       0x000000000000007f       0x80 obj/MW_I2C.o
 .comment       0x000000000000007f       0x80 obj/MW_IWDG.o
 .comment       0x000000000000007f       0x80 obj/MW_TIM.o
 .comment       0x000000000000007f       0x80 obj/MW_USART.o
 .comment       0x000000000000007f       0x80 obj/message.o
 .comment       0x000000000000007f       0x80 obj/xprintf.o
 .comment       0x000000000000007f       0x80 obj/SystemTaskManager.o

.debug_frame    0x0000000000000000     0x26cc
 .debug_frame   0x0000000000000000       0x38 obj/app.o
 .debug_frame   0x0000000000000038       0x20 obj/assert.o
 .debug_frame   0x0000000000000058      0x18c obj/constManager.o
 .debug_frame   0x00000000000001e4      0x198 obj/msp.o
 .debug_frame   0x000000000000037c      0x168 obj/stm32f1xx_it.o
 .debug_frame   0x00000000000004e4       0x30 obj/system_stm32f1xx.o
 .debug_frame   0x0000000000000514      0x168 obj/stm32f1xx_hal.o
 .debug_frame   0x000000000000067c      0x144 obj/stm32f1xx_hal_cortex.o
 .debug_frame   0x00000000000007c0      0x124 obj/stm32f1xx_hal_dma.o
 .debug_frame   0x00000000000008e4       0xfc obj/stm32f1xx_hal_gpio.o
 .debug_frame   0x00000000000009e0       0x80 obj/stm32f1xx_hal_iwdg.o
 .debug_frame   0x0000000000000a60      0x170 obj/stm32f1xx_hal_rcc.o
 .debug_frame   0x0000000000000bd0       0x6c obj/stm32f1xx_hal_rcc_ex.o
 .debug_frame   0x0000000000000c3c      0xa8c obj/stm32f1xx_hal_tim.o
 .debug_frame   0x00000000000016c8      0x3c0 obj/stm32f1xx_hal_tim_ex.o
 .debug_frame   0x0000000000001a88      0x3a0 obj/stm32f1xx_hal_uart.o
 .debug_frame   0x0000000000001e28       0xbc obj/MW_GPIO.o
 .debug_frame   0x0000000000001ee4       0xec obj/MW_I2C.o
 .debug_frame   0x0000000000001fd0       0x78 obj/MW_IWDG.o
 .debug_frame   0x0000000000002048      0x164 obj/MW_TIM.o
 .debug_frame   0x00000000000021ac      0x11c obj/MW_USART.o
 .debug_frame   0x00000000000022c8       0xfc obj/message.o
 .debug_frame   0x00000000000023c4      0x1a0 obj/xprintf.o
 .debug_frame   0x0000000000002564      0x114 obj/SystemTaskManager.o
 .debug_frame   0x0000000000002678       0x2c /usr/local/Cellar/gcc-arm-none-eabi/20180627/bin/../lib/gcc/arm-none-eabi/7.3.1/../../../../arm-none-eabi/lib/thumb/v7-m/libc_nano.a(lib_a-init.o)
 .debug_frame   0x00000000000026a4       0x28 /usr/local/Cellar/gcc-arm-none-eabi/20180627/bin/../lib/gcc/arm-none-eabi/7.3.1/../../../../arm-none-eabi/lib/thumb/v7-m/libc_nano.a(lib_a-memcpy-stub.o)

.debug_loc      0x0000000000000000     0x7f48
 .debug_loc     0x0000000000000000      0x371 obj/constManager.o
 .debug_loc     0x0000000000000371      0x3ac obj/msp.o
 .debug_loc     0x000000000000071d       0xdf obj/system_stm32f1xx.o
 .debug_loc     0x00000000000007fc       0x81 obj/stm32f1xx_hal.o
 .debug_loc     0x000000000000087d      0x6db obj/stm32f1xx_hal_cortex.o
 .debug_loc     0x0000000000000f58      0x4fc obj/stm32f1xx_hal_dma.o
 .debug_loc     0x0000000000001454      0x571 obj/stm32f1xx_hal_gpio.o
 .debug_loc     0x00000000000019c5      0x10d obj/stm32f1xx_hal_iwdg.o
 .debug_loc     0x0000000000001ad2      0x91b obj/stm32f1xx_hal_rcc.o
 .debug_loc     0x00000000000023ed      0x333 obj/stm32f1xx_hal_rcc_ex.o
 .debug_loc     0x0000000000002720     0x2704 obj/stm32f1xx_hal_tim.o
 .debug_loc     0x0000000000004e24      0xade obj/stm32f1xx_hal_tim_ex.o
 .debug_loc     0x0000000000005902     0x116d obj/stm32f1xx_hal_uart.o
 .debug_loc     0x0000000000006a6f      0x1ca obj/MW_GPIO.o
 .debug_loc     0x0000000000006c39      0x2dd obj/MW_I2C.o
 .debug_loc     0x0000000000006f16      0x2b8 obj/MW_TIM.o
 .debug_loc     0x00000000000071ce      0x1fa obj/MW_USART.o
 .debug_loc     0x00000000000073c8       0xb5 obj/message.o
 .debug_loc     0x000000000000747d      0x907 obj/xprintf.o
 .debug_loc     0x0000000000007d84      0x1c4 obj/SystemTaskManager.o

Cross Reference Table

Symbol                                            File
ADC1_2_IRQHandler                                 obj/startup.o
ADC_ConversionStop_Disable                        obj/stm32f1xx_hal_adc.o
                                                  obj/stm32f1xx_hal_adc_ex.o
ADC_DMAConvCplt                                   obj/stm32f1xx_hal_adc.o
                                                  obj/stm32f1xx_hal_adc_ex.o
ADC_DMAError                                      obj/stm32f1xx_hal_adc.o
                                                  obj/stm32f1xx_hal_adc_ex.o
ADC_DMAHalfConvCplt                               obj/stm32f1xx_hal_adc.o
                                                  obj/stm32f1xx_hal_adc_ex.o
ADC_Enable                                        obj/stm32f1xx_hal_adc.o
                                                  obj/stm32f1xx_hal_adc_ex.o
AHBPrescTable                                     obj/system_stm32f1xx.o
                                                  obj/stm32f1xx_hal_rcc.o
APBPrescTable                                     obj/system_stm32f1xx.o
                                                  obj/stm32f1xx_hal_rcc.o
BusFault_Handler                                  obj/stm32f1xx_it.o
CAN1_RX1_IRQHandler                               obj/startup.o
CAN1_SCE_IRQHandler                               obj/startup.o
DD_ABHandPrint                                    obj/DD_AB.o
DD_I2C1Receive                                    obj/DD_Gene.o
                                                  obj/DD_SV.o
DD_I2C1Send                                       obj/DD_Gene.o
                                                  obj/DD_SV.o
                                                  obj/DD_MD.o
                                                  obj/DD_LD.o
                                                  obj/DD_AB.o
DD_I2C2Receive                                    obj/DD_Gene.o
                                                  obj/DD_SS.o
DD_I2C2Send                                       obj/DD_Gene.o
                                                  obj/DD_SS.o
DD_InitEncoder1                                   obj/DD_ENCODER.o
DD_InitEncoder2                                   obj/DD_ENCODER.o
DD_LDHandPrint                                    obj/DD_LD.o
DD_MDHandPrint                                    obj/DD_MD.o
                                                  obj/DD_Gene.o
DD_RCGetLX                                        obj/DD_RC.o
DD_RCGetLY                                        obj/DD_RC.o
DD_RCGetRX                                        obj/DD_RC.o
DD_RCGetRY                                        obj/DD_RC.o
DD_RCInit                                         obj/DD_RC.o
DD_RCPrint                                        obj/DD_RC.o
                                                  obj/constManager.o
DD_RCTask                                         obj/DD_RC.o
DD_RC_element                                     obj/DD_RC.o
DD_SSHandPrint                                    obj/DD_SS.o
DD_SSPullReceiveRequest                           obj/DD_SS.o
DD_SSPutReceiveRequest                            obj/DD_SS.o
DD_doTasks                                        obj/DD_Gene.o
DD_encoder1Get_int32                              obj/DD_ENCODER.o
DD_encoder1reset                                  obj/DD_ENCODER.o
DD_encoder1update                                 obj/DD_ENCODER.o
DD_encoder2Get_int32                              obj/DD_ENCODER.o
DD_encoder2reset                                  obj/DD_ENCODER.o
DD_encoder2update                                 obj/DD_ENCODER.o
DD_encoderprint                                   obj/DD_ENCODER.o
DD_initialize                                     obj/DD_Gene.o
DD_print                                          obj/DD_Gene.o
DD_receive2SS                                     obj/DD_SS.o
                                                  obj/SystemTaskManager.o
DD_send2AB                                        obj/DD_AB.o
DD_send2LD                                        obj/DD_LD.o
DD_send2MD                                        obj/DD_MD.o
                                                  obj/DD_Gene.o
DMA1_Channel1_IRQHandler                          obj/startup.o
DMA1_Channel2_IRQHandler                          obj/stm32f1xx_it.o
DMA1_Channel3_IRQHandler                          obj/stm32f1xx_it.o
DMA1_Channel4_IRQHandler                          obj/stm32f1xx_it.o
DMA1_Channel5_IRQHandler                          obj/stm32f1xx_it.o
DMA1_Channel6_IRQHandler                          obj/stm32f1xx_it.o
DMA1_Channel7_IRQHandler                          obj/stm32f1xx_it.o
DebugMon_Handler                                  obj/stm32f1xx_it.o
Default_Handler                                   obj/startup.o
EXTI0_IRQHandler                                  obj/startup.o
EXTI15_10_IRQHandler                              obj/startup.o
EXTI1_IRQHandler                                  obj/startup.o
EXTI2_IRQHandler                                  obj/startup.o
EXTI3_IRQHandler                                  obj/startup.o
EXTI4_IRQHandler                                  obj/startup.o
EXTI9_5_IRQHandler                                obj/startup.o
Empty_Check                                       obj/DD_SS.o
Error_Handler                                     obj/msp.o
FLASH_IRQHandler                                  obj/startup.o
FLASH_PageErase                                   obj/stm32f1xx_hal_flash_ex.o
                                                  obj/stm32f1xx_hal_flash.o
FLASH_WaitForLastOperation                        obj/stm32f1xx_hal_flash.o
                                                  obj/stm32f1xx_hal_flash_ex.o
HAL_ADCEx_Calibration_Start                       obj/stm32f1xx_hal_adc_ex.o
HAL_ADCEx_InjectedConfigChannel                   obj/stm32f1xx_hal_adc_ex.o
HAL_ADCEx_InjectedConvCpltCallback                obj/stm32f1xx_hal_adc_ex.o
                                                  obj/stm32f1xx_hal_adc.o
HAL_ADCEx_InjectedGetValue                        obj/stm32f1xx_hal_adc_ex.o
HAL_ADCEx_InjectedPollForConversion               obj/stm32f1xx_hal_adc_ex.o
HAL_ADCEx_InjectedStart                           obj/stm32f1xx_hal_adc_ex.o
HAL_ADCEx_InjectedStart_IT                        obj/stm32f1xx_hal_adc_ex.o
HAL_ADCEx_InjectedStop                            obj/stm32f1xx_hal_adc_ex.o
HAL_ADCEx_InjectedStop_IT                         obj/stm32f1xx_hal_adc_ex.o
HAL_ADCEx_MultiModeConfigChannel                  obj/stm32f1xx_hal_adc_ex.o
HAL_ADCEx_MultiModeGetValue                       obj/stm32f1xx_hal_adc_ex.o
HAL_ADCEx_MultiModeStart_DMA                      obj/stm32f1xx_hal_adc_ex.o
HAL_ADCEx_MultiModeStop_DMA                       obj/stm32f1xx_hal_adc_ex.o
HAL_ADC_AnalogWDGConfig                           obj/stm32f1xx_hal_adc.o
HAL_ADC_ConfigChannel                             obj/stm32f1xx_hal_adc.o
HAL_ADC_ConvCpltCallback                          obj/stm32f1xx_hal_adc.o
HAL_ADC_ConvHalfCpltCallback                      obj/stm32f1xx_hal_adc.o
HAL_ADC_DeInit                                    obj/stm32f1xx_hal_adc.o
HAL_ADC_ErrorCallback                             obj/stm32f1xx_hal_adc.o
HAL_ADC_GetError                                  obj/stm32f1xx_hal_adc.o
HAL_ADC_GetState                                  obj/stm32f1xx_hal_adc.o
HAL_ADC_GetValue                                  obj/stm32f1xx_hal_adc.o
HAL_ADC_IRQHandler                                obj/stm32f1xx_hal_adc.o
HAL_ADC_Init                                      obj/stm32f1xx_hal_adc.o
HAL_ADC_LevelOutOfWindowCallback                  obj/stm32f1xx_hal_adc.o
HAL_ADC_MspDeInit                                 obj/msp.o
HAL_ADC_MspInit                                   obj/msp.o
HAL_ADC_PollForConversion                         obj/stm32f1xx_hal_adc.o
HAL_ADC_PollForEvent                              obj/stm32f1xx_hal_adc.o
HAL_ADC_Start                                     obj/stm32f1xx_hal_adc.o
HAL_ADC_Start_DMA                                 obj/stm32f1xx_hal_adc.o
HAL_ADC_Start_IT                                  obj/stm32f1xx_hal_adc.o
HAL_ADC_Stop                                      obj/stm32f1xx_hal_adc.o
HAL_ADC_Stop_DMA                                  obj/stm32f1xx_hal_adc.o
HAL_ADC_Stop_IT                                   obj/stm32f1xx_hal_adc.o
HAL_DBGMCU_DisableDBGSleepMode                    obj/stm32f1xx_hal.o
HAL_DBGMCU_DisableDBGStandbyMode                  obj/stm32f1xx_hal.o
HAL_DBGMCU_DisableDBGStopMode                     obj/stm32f1xx_hal.o
HAL_DBGMCU_EnableDBGSleepMode                     obj/stm32f1xx_hal.o
HAL_DBGMCU_EnableDBGStandbyMode                   obj/stm32f1xx_hal.o
HAL_DBGMCU_EnableDBGStopMode                      obj/stm32f1xx_hal.o
HAL_DMA_Abort                                     obj/stm32f1xx_hal_dma.o
                                                  obj/stm32f1xx_hal_uart.o
                                                  obj/stm32f1xx_hal_tim.o
                                                  obj/stm32f1xx_hal_spi.o
                                                  obj/stm32f1xx_hal_adc_ex.o
                                                  obj/stm32f1xx_hal_adc.o
HAL_DMA_DeInit                                    obj/stm32f1xx_hal_dma.o
HAL_DMA_GetError                                  obj/stm32f1xx_hal_dma.o
HAL_DMA_GetState                                  obj/stm32f1xx_hal_dma.o
HAL_DMA_IRQHandler                                obj/stm32f1xx_hal_dma.o
                                                  obj/stm32f1xx_it.o
HAL_DMA_Init                                      obj/stm32f1xx_hal_dma.o
                                                  obj/msp.o
HAL_DMA_PollForTransfer                           obj/stm32f1xx_hal_dma.o
HAL_DMA_Start                                     obj/stm32f1xx_hal_dma.o
HAL_DMA_Start_IT                                  obj/stm32f1xx_hal_dma.o
                                                  obj/stm32f1xx_hal_uart.o
                                                  obj/stm32f1xx_hal_tim_ex.o
                                                  obj/stm32f1xx_hal_tim.o
                                                  obj/stm32f1xx_hal_spi.o
                                                  obj/stm32f1xx_hal_i2c.o
                                                  obj/stm32f1xx_hal_adc_ex.o
                                                  obj/stm32f1xx_hal_adc.o
HAL_DeInit                                        obj/stm32f1xx_hal.o
HAL_Delay                                         obj/stm32f1xx_hal.o
                                                  obj/DD_SV.o
                                                  obj/stm32f1xx_hal_rcc.o
HAL_FLASHEx_Erase                                 obj/stm32f1xx_hal_flash_ex.o
                                                  obj/MW_flash.o
HAL_FLASHEx_Erase_IT                              obj/stm32f1xx_hal_flash_ex.o
HAL_FLASHEx_OBErase                               obj/stm32f1xx_hal_flash_ex.o
HAL_FLASHEx_OBGetConfig                           obj/stm32f1xx_hal_flash_ex.o
HAL_FLASHEx_OBGetUserData                         obj/stm32f1xx_hal_flash_ex.o
HAL_FLASHEx_OBProgram                             obj/stm32f1xx_hal_flash_ex.o
HAL_FLASH_EndOfOperationCallback                  obj/stm32f1xx_hal_flash.o
HAL_FLASH_GetError                                obj/stm32f1xx_hal_flash.o
HAL_FLASH_IRQHandler                              obj/stm32f1xx_hal_flash.o
HAL_FLASH_Lock                                    obj/stm32f1xx_hal_flash.o
                                                  obj/MW_flash.o
HAL_FLASH_OB_Launch                               obj/stm32f1xx_hal_flash.o
HAL_FLASH_OB_Lock                                 obj/stm32f1xx_hal_flash.o
HAL_FLASH_OB_Unlock                               obj/stm32f1xx_hal_flash.o
HAL_FLASH_OperationErrorCallback                  obj/stm32f1xx_hal_flash.o
HAL_FLASH_Program                                 obj/stm32f1xx_hal_flash.o
                                                  obj/MW_flash.o
HAL_FLASH_Program_IT                              obj/stm32f1xx_hal_flash.o
HAL_FLASH_Unlock                                  obj/stm32f1xx_hal_flash.o
                                                  obj/MW_flash.o
HAL_GPIOEx_ConfigEventout                         obj/stm32f1xx_hal_gpio_ex.o
HAL_GPIOEx_DisableEventout                        obj/stm32f1xx_hal_gpio_ex.o
HAL_GPIOEx_EnableEventout                         obj/stm32f1xx_hal_gpio_ex.o
HAL_GPIO_DeInit                                   obj/stm32f1xx_hal_gpio.o
                                                  obj/msp.o
HAL_GPIO_EXTI_Callback                            obj/stm32f1xx_hal_gpio.o
HAL_GPIO_EXTI_IRQHandler                          obj/stm32f1xx_hal_gpio.o
HAL_GPIO_Init                                     obj/stm32f1xx_hal_gpio.o
                                                  obj/MW_GPIO.o
                                                  obj/stm32f1xx_hal_rcc.o
                                                  obj/msp.o
HAL_GPIO_LockPin                                  obj/stm32f1xx_hal_gpio.o
HAL_GPIO_ReadPin                                  obj/stm32f1xx_hal_gpio.o
                                                  obj/MW_GPIO.o
HAL_GPIO_TogglePin                                obj/stm32f1xx_hal_gpio.o
                                                  obj/MW_GPIO.o
HAL_GPIO_WritePin                                 obj/stm32f1xx_hal_gpio.o
                                                  obj/MW_GPIO.o
HAL_GetDEVID                                      obj/stm32f1xx_hal.o
HAL_GetHalVersion                                 obj/stm32f1xx_hal.o
HAL_GetREVID                                      obj/stm32f1xx_hal.o
HAL_GetTick                                       obj/stm32f1xx_hal.o
                                                  obj/stm32f1xx_hal_uart.o
                                                  obj/stm32f1xx_hal_spi.o
                                                  obj/stm32f1xx_hal_rcc_ex.o
                                                  obj/stm32f1xx_hal_rcc.o
                                                  obj/stm32f1xx_hal_iwdg.o
                                                  obj/stm32f1xx_hal_i2c.o
                                                  obj/stm32f1xx_hal_flash.o
                                                  obj/stm32f1xx_hal_dma.o
                                                  obj/stm32f1xx_hal_adc_ex.o
                                                  obj/stm32f1xx_hal_adc.o
HAL_HalfDuplex_EnableReceiver                     obj/stm32f1xx_hal_uart.o
HAL_HalfDuplex_EnableTransmitter                  obj/stm32f1xx_hal_uart.o
HAL_HalfDuplex_Init                               obj/stm32f1xx_hal_uart.o
HAL_I2C_DeInit                                    obj/stm32f1xx_hal_i2c.o
                                                  obj/MW_I2C.o
HAL_I2C_ER_IRQHandler                             obj/stm32f1xx_hal_i2c.o
HAL_I2C_EV_IRQHandler                             obj/stm32f1xx_hal_i2c.o
HAL_I2C_ErrorCallback                             obj/stm32f1xx_hal_i2c.o
HAL_I2C_GetError                                  obj/stm32f1xx_hal_i2c.o
HAL_I2C_GetState                                  obj/stm32f1xx_hal_i2c.o
HAL_I2C_Init                                      obj/stm32f1xx_hal_i2c.o
                                                  obj/MW_I2C.o
HAL_I2C_IsDeviceReady                             obj/stm32f1xx_hal_i2c.o
HAL_I2C_MasterRxCpltCallback                      obj/SystemTaskManager.o
                                                  obj/stm32f1xx_hal_i2c.o
HAL_I2C_MasterTxCpltCallback                      obj/SystemTaskManager.o
                                                  obj/stm32f1xx_hal_i2c.o
HAL_I2C_Master_Receive                            obj/stm32f1xx_hal_i2c.o
                                                  obj/MW_I2C.o
HAL_I2C_Master_Receive_DMA                        obj/stm32f1xx_hal_i2c.o
                                                  obj/MW_I2C.o
HAL_I2C_Master_Receive_IT                         obj/stm32f1xx_hal_i2c.o
HAL_I2C_Master_Transmit                           obj/stm32f1xx_hal_i2c.o
                                                  obj/MW_I2C.o
HAL_I2C_Master_Transmit_DMA                       obj/stm32f1xx_hal_i2c.o
                                                  obj/MW_I2C.o
HAL_I2C_Master_Transmit_IT                        obj/stm32f1xx_hal_i2c.o
HAL_I2C_MemRxCpltCallback                         obj/stm32f1xx_hal_i2c.o
HAL_I2C_MemTxCpltCallback                         obj/stm32f1xx_hal_i2c.o
HAL_I2C_Mem_Read                                  obj/stm32f1xx_hal_i2c.o
HAL_I2C_Mem_Read_DMA                              obj/stm32f1xx_hal_i2c.o
HAL_I2C_Mem_Read_IT                               obj/stm32f1xx_hal_i2c.o
HAL_I2C_Mem_Write                                 obj/stm32f1xx_hal_i2c.o
HAL_I2C_Mem_Write_DMA                             obj/stm32f1xx_hal_i2c.o
HAL_I2C_Mem_Write_IT                              obj/stm32f1xx_hal_i2c.o
HAL_I2C_MspDeInit                                 obj/msp.o
HAL_I2C_MspInit                                   obj/msp.o
HAL_I2C_SlaveRxCpltCallback                       obj/stm32f1xx_hal_i2c.o
HAL_I2C_SlaveTxCpltCallback                       obj/stm32f1xx_hal_i2c.o
HAL_I2C_Slave_Receive                             obj/stm32f1xx_hal_i2c.o
HAL_I2C_Slave_Receive_DMA                         obj/stm32f1xx_hal_i2c.o
HAL_I2C_Slave_Receive_IT                          obj/stm32f1xx_hal_i2c.o
HAL_I2C_Slave_Transmit                            obj/stm32f1xx_hal_i2c.o
HAL_I2C_Slave_Transmit_DMA                        obj/stm32f1xx_hal_i2c.o
HAL_I2C_Slave_Transmit_IT                         obj/stm32f1xx_hal_i2c.o
HAL_IWDG_GetState                                 obj/stm32f1xx_hal_iwdg.o
                                                  obj/MW_IWDG.o
HAL_IWDG_Init                                     obj/stm32f1xx_hal_iwdg.o
                                                  obj/MW_IWDG.o
HAL_IWDG_MspInit                                  obj/stm32f1xx_hal_iwdg.o
HAL_IWDG_Refresh                                  obj/stm32f1xx_hal_iwdg.o
                                                  obj/MW_IWDG.o
HAL_IWDG_Start                                    obj/stm32f1xx_hal_iwdg.o
                                                  obj/MW_IWDG.o
HAL_IncTick                                       obj/stm32f1xx_hal.o
                                                  obj/stm32f1xx_it.o
HAL_Init                                          obj/stm32f1xx_hal.o
                                                  obj/SystemTaskManager.o
HAL_InitTick                                      obj/stm32f1xx_hal.o
                                                  obj/stm32f1xx_hal_rcc.o
HAL_LIN_Init                                      obj/stm32f1xx_hal_uart.o
HAL_LIN_SendBreak                                 obj/stm32f1xx_hal_uart.o
HAL_MspDeInit                                     obj/stm32f1xx_hal.o
HAL_MspInit                                       obj/msp.o
HAL_MultiProcessor_EnterMuteMode                  obj/stm32f1xx_hal_uart.o
HAL_MultiProcessor_ExitMuteMode                   obj/stm32f1xx_hal_uart.o
HAL_MultiProcessor_Init                           obj/stm32f1xx_hal_uart.o
HAL_NVIC_ClearPendingIRQ                          obj/stm32f1xx_hal_cortex.o
HAL_NVIC_DisableIRQ                               obj/stm32f1xx_hal_cortex.o
                                                  obj/msp.o
HAL_NVIC_EnableIRQ                                obj/stm32f1xx_hal_cortex.o
                                                  obj/msp.o
HAL_NVIC_GetActive                                obj/stm32f1xx_hal_cortex.o
HAL_NVIC_GetPendingIRQ                            obj/stm32f1xx_hal_cortex.o
HAL_NVIC_GetPriority                              obj/stm32f1xx_hal_cortex.o
HAL_NVIC_GetPriorityGrouping                      obj/stm32f1xx_hal_cortex.o
HAL_NVIC_SetPendingIRQ                            obj/stm32f1xx_hal_cortex.o
HAL_NVIC_SetPriority                              obj/stm32f1xx_hal_cortex.o
                                                  obj/SystemTaskManager.o
                                                  obj/stm32f1xx_hal.o
                                                  obj/msp.o
HAL_NVIC_SetPriorityGrouping                      obj/stm32f1xx_hal_cortex.o
                                                  obj/stm32f1xx_hal.o
                                                  obj/msp.o
HAL_NVIC_SystemReset                              obj/stm32f1xx_hal_cortex.o
                                                  obj/stm32f1xx_hal_flash.o
HAL_PWR_ConfigPVD                                 obj/stm32f1xx_hal_pwr.o
HAL_PWR_DeInit                                    obj/stm32f1xx_hal_pwr.o
HAL_PWR_DisableBkUpAccess                         obj/stm32f1xx_hal_pwr.o
HAL_PWR_DisablePVD                                obj/stm32f1xx_hal_pwr.o
HAL_PWR_DisableSEVOnPend                          obj/stm32f1xx_hal_pwr.o
HAL_PWR_DisableSleepOnExit                        obj/stm32f1xx_hal_pwr.o
HAL_PWR_DisableWakeUpPin                          obj/stm32f1xx_hal_pwr.o
HAL_PWR_EnableBkUpAccess                          obj/stm32f1xx_hal_pwr.o
HAL_PWR_EnablePVD                                 obj/stm32f1xx_hal_pwr.o
HAL_PWR_EnableSEVOnPend                           obj/stm32f1xx_hal_pwr.o
HAL_PWR_EnableSleepOnExit                         obj/stm32f1xx_hal_pwr.o
HAL_PWR_EnableWakeUpPin                           obj/stm32f1xx_hal_pwr.o
HAL_PWR_EnterSLEEPMode                            obj/stm32f1xx_hal_pwr.o
HAL_PWR_EnterSTANDBYMode                          obj/stm32f1xx_hal_pwr.o
HAL_PWR_EnterSTOPMode                             obj/stm32f1xx_hal_pwr.o
HAL_PWR_PVDCallback                               obj/stm32f1xx_hal_pwr.o
HAL_PWR_PVD_IRQHandler                            obj/stm32f1xx_hal_pwr.o
HAL_RCCEx_GetPeriphCLKConfig                      obj/stm32f1xx_hal_rcc_ex.o
HAL_RCCEx_GetPeriphCLKFreq                        obj/stm32f1xx_hal_rcc_ex.o
                                                  obj/stm32f1xx_hal_adc_ex.o
                                                  obj/stm32f1xx_hal_adc.o
HAL_RCCEx_PeriphCLKConfig                         obj/stm32f1xx_hal_rcc_ex.o
                                                  obj/SystemTaskManager.o
HAL_RCC_CSSCallback                               obj/stm32f1xx_hal_rcc.o
HAL_RCC_ClockConfig                               obj/stm32f1xx_hal_rcc.o
                                                  obj/SystemTaskManager.o
HAL_RCC_DeInit                                    obj/stm32f1xx_hal_rcc.o
HAL_RCC_DisableCSS                                obj/stm32f1xx_hal_rcc.o
HAL_RCC_EnableCSS                                 obj/stm32f1xx_hal_rcc.o
HAL_RCC_GetClockConfig                            obj/stm32f1xx_hal_rcc.o
HAL_RCC_GetHCLKFreq                               obj/stm32f1xx_hal_rcc.o
                                                  obj/SystemTaskManager.o
                                                  obj/stm32f1xx_hal.o
HAL_RCC_GetOscConfig                              obj/stm32f1xx_hal_rcc.o
HAL_RCC_GetPCLK1Freq                              obj/stm32f1xx_hal_rcc.o
                                                  obj/stm32f1xx_hal_uart.o
                                                  obj/stm32f1xx_hal_i2c.o
HAL_RCC_GetPCLK2Freq                              obj/stm32f1xx_hal_rcc.o
                                                  obj/stm32f1xx_hal_uart.o
                                                  obj/stm32f1xx_hal_rcc_ex.o
HAL_RCC_GetSysClockFreq                           obj/stm32f1xx_hal_rcc.o
HAL_RCC_MCOConfig                                 obj/stm32f1xx_hal_rcc.o
HAL_RCC_NMI_IRQHandler                            obj/stm32f1xx_hal_rcc.o
HAL_RCC_OscConfig                                 obj/stm32f1xx_hal_rcc.o
                                                  obj/SystemTaskManager.o
HAL_ResumeTick                                    obj/stm32f1xx_hal.o
HAL_SPI_DMAPause                                  obj/stm32f1xx_hal_spi.o
HAL_SPI_DMAResume                                 obj/stm32f1xx_hal_spi.o
HAL_SPI_DMAStop                                   obj/stm32f1xx_hal_spi.o
HAL_SPI_DeInit                                    obj/stm32f1xx_hal_spi.o
HAL_SPI_ErrorCallback                             obj/stm32f1xx_hal_spi.o
HAL_SPI_GetError                                  obj/stm32f1xx_hal_spi.o
HAL_SPI_GetState                                  obj/stm32f1xx_hal_spi.o
HAL_SPI_IRQHandler                                obj/stm32f1xx_hal_spi.o
HAL_SPI_Init                                      obj/stm32f1xx_hal_spi_ex.o
                                                  obj/stm32f1xx_hal_spi.o
HAL_SPI_MspDeInit                                 obj/msp.o
HAL_SPI_MspInit                                   obj/msp.o
                                                  obj/stm32f1xx_hal_spi_ex.o
HAL_SPI_Receive                                   obj/stm32f1xx_hal_spi.o
HAL_SPI_Receive_DMA                               obj/stm32f1xx_hal_spi.o
HAL_SPI_Receive_IT                                obj/stm32f1xx_hal_spi.o
HAL_SPI_RxCpltCallback                            obj/stm32f1xx_hal_spi.o
HAL_SPI_RxHalfCpltCallback                        obj/stm32f1xx_hal_spi.o
HAL_SPI_Transmit                                  obj/stm32f1xx_hal_spi.o
HAL_SPI_TransmitReceive                           obj/stm32f1xx_hal_spi.o
HAL_SPI_TransmitReceive_DMA                       obj/stm32f1xx_hal_spi.o
HAL_SPI_TransmitReceive_IT                        obj/stm32f1xx_hal_spi.o
HAL_SPI_Transmit_DMA                              obj/stm32f1xx_hal_spi.o
HAL_SPI_Transmit_IT                               obj/stm32f1xx_hal_spi.o
HAL_SPI_TxCpltCallback                            obj/stm32f1xx_hal_spi.o
HAL_SPI_TxHalfCpltCallback                        obj/stm32f1xx_hal_spi.o
HAL_SPI_TxRxCpltCallback                          obj/stm32f1xx_hal_spi.o
HAL_SPI_TxRxHalfCpltCallback                      obj/stm32f1xx_hal_spi.o
HAL_SYSTICK_CLKSourceConfig                       obj/stm32f1xx_hal_cortex.o
                                                  obj/SystemTaskManager.o
HAL_SYSTICK_Callback                              obj/stm32f1xx_hal_cortex.o
HAL_SYSTICK_Config                                obj/stm32f1xx_hal_cortex.o
                                                  obj/SystemTaskManager.o
                                                  obj/stm32f1xx_hal.o
HAL_SYSTICK_IRQHandler                            obj/stm32f1xx_hal_cortex.o
                                                  obj/stm32f1xx_it.o
HAL_SuspendTick                                   obj/stm32f1xx_hal.o
HAL_TIMEx_BreakCallback                           obj/stm32f1xx_hal_tim_ex.o
                                                  obj/stm32f1xx_hal_tim.o
HAL_TIMEx_CommutationCallback                     obj/stm32f1xx_hal_tim_ex.o
                                                  obj/stm32f1xx_hal_tim.o
HAL_TIMEx_ConfigBreakDeadTime                     obj/stm32f1xx_hal_tim_ex.o
HAL_TIMEx_ConfigCommutationEvent                  obj/stm32f1xx_hal_tim_ex.o
HAL_TIMEx_ConfigCommutationEvent_DMA              obj/stm32f1xx_hal_tim_ex.o
HAL_TIMEx_ConfigCommutationEvent_IT               obj/stm32f1xx_hal_tim_ex.o
HAL_TIMEx_HallSensor_DeInit                       obj/stm32f1xx_hal_tim_ex.o
HAL_TIMEx_HallSensor_GetState                     obj/stm32f1xx_hal_tim_ex.o
HAL_TIMEx_HallSensor_Init                         obj/stm32f1xx_hal_tim_ex.o
HAL_TIMEx_HallSensor_MspDeInit                    obj/stm32f1xx_hal_tim_ex.o
HAL_TIMEx_HallSensor_MspInit                      obj/stm32f1xx_hal_tim_ex.o
HAL_TIMEx_HallSensor_Start                        obj/stm32f1xx_hal_tim_ex.o
HAL_TIMEx_HallSensor_Start_DMA                    obj/stm32f1xx_hal_tim_ex.o
HAL_TIMEx_HallSensor_Start_IT                     obj/stm32f1xx_hal_tim_ex.o
HAL_TIMEx_HallSensor_Stop                         obj/stm32f1xx_hal_tim_ex.o
HAL_TIMEx_HallSensor_Stop_DMA                     obj/stm32f1xx_hal_tim_ex.o
HAL_TIMEx_HallSensor_Stop_IT                      obj/stm32f1xx_hal_tim_ex.o
HAL_TIMEx_MasterConfigSynchronization             obj/stm32f1xx_hal_tim_ex.o
                                                  obj/MW_TIM.o
                                                  obj/MW_ENCODER.o
HAL_TIMEx_OCN_Start                               obj/stm32f1xx_hal_tim_ex.o
HAL_TIMEx_OCN_Start_DMA                           obj/stm32f1xx_hal_tim_ex.o
HAL_TIMEx_OCN_Start_IT                            obj/stm32f1xx_hal_tim_ex.o
HAL_TIMEx_OCN_Stop                                obj/stm32f1xx_hal_tim_ex.o
HAL_TIMEx_OCN_Stop_DMA                            obj/stm32f1xx_hal_tim_ex.o
HAL_TIMEx_OCN_Stop_IT                             obj/stm32f1xx_hal_tim_ex.o
HAL_TIMEx_OnePulseN_Start                         obj/stm32f1xx_hal_tim_ex.o
HAL_TIMEx_OnePulseN_Start_IT                      obj/stm32f1xx_hal_tim_ex.o
HAL_TIMEx_OnePulseN_Stop                          obj/stm32f1xx_hal_tim_ex.o
HAL_TIMEx_OnePulseN_Stop_IT                       obj/stm32f1xx_hal_tim_ex.o
HAL_TIMEx_PWMN_Start                              obj/stm32f1xx_hal_tim_ex.o
HAL_TIMEx_PWMN_Start_DMA                          obj/stm32f1xx_hal_tim_ex.o
HAL_TIMEx_PWMN_Start_IT                           obj/stm32f1xx_hal_tim_ex.o
HAL_TIMEx_PWMN_Stop                               obj/stm32f1xx_hal_tim_ex.o
HAL_TIMEx_PWMN_Stop_DMA                           obj/stm32f1xx_hal_tim_ex.o
HAL_TIMEx_PWMN_Stop_IT                            obj/stm32f1xx_hal_tim_ex.o
HAL_TIM_Base_DeInit                               obj/stm32f1xx_hal_tim.o
HAL_TIM_Base_GetState                             obj/stm32f1xx_hal_tim.o
HAL_TIM_Base_Init                                 obj/stm32f1xx_hal_tim.o
                                                  obj/MW_TIM.o
HAL_TIM_Base_MspDeInit                            obj/msp.o
HAL_TIM_Base_MspInit                              obj/msp.o
HAL_TIM_Base_Start                                obj/stm32f1xx_hal_tim.o
                                                  obj/MW_ENCODER.o
HAL_TIM_Base_Start_DMA                            obj/stm32f1xx_hal_tim.o
HAL_TIM_Base_Start_IT                             obj/stm32f1xx_hal_tim.o
                                                  obj/MW_TIM.o
HAL_TIM_Base_Stop                                 obj/stm32f1xx_hal_tim.o
                                                  obj/MW_TIM.o
HAL_TIM_Base_Stop_DMA                             obj/stm32f1xx_hal_tim.o
HAL_TIM_Base_Stop_IT                              obj/stm32f1xx_hal_tim.o
HAL_TIM_ConfigClockSource                         obj/stm32f1xx_hal_tim.o
                                                  obj/MW_TIM.o
HAL_TIM_ConfigOCrefClear                          obj/stm32f1xx_hal_tim.o
HAL_TIM_ConfigTI1Input                            obj/stm32f1xx_hal_tim.o
HAL_TIM_DMABurst_ReadStart                        obj/stm32f1xx_hal_tim.o
HAL_TIM_DMABurst_ReadStop                         obj/stm32f1xx_hal_tim.o
HAL_TIM_DMABurst_WriteStart                       obj/stm32f1xx_hal_tim.o
HAL_TIM_DMABurst_WriteStop                        obj/stm32f1xx_hal_tim.o
HAL_TIM_Encoder_DeInit                            obj/stm32f1xx_hal_tim.o
HAL_TIM_Encoder_GetState                          obj/stm32f1xx_hal_tim.o
HAL_TIM_Encoder_Init                              obj/stm32f1xx_hal_tim.o
                                                  obj/MW_ENCODER.o
HAL_TIM_Encoder_MspDeInit                         obj/msp.o
HAL_TIM_Encoder_MspInit                           obj/msp.o
HAL_TIM_Encoder_Start                             obj/stm32f1xx_hal_tim.o
HAL_TIM_Encoder_Start_DMA                         obj/stm32f1xx_hal_tim.o
HAL_TIM_Encoder_Start_IT                          obj/stm32f1xx_hal_tim.o
HAL_TIM_Encoder_Stop                              obj/stm32f1xx_hal_tim.o
HAL_TIM_Encoder_Stop_DMA                          obj/stm32f1xx_hal_tim.o
HAL_TIM_Encoder_Stop_IT                           obj/stm32f1xx_hal_tim.o
HAL_TIM_ErrorCallback                             obj/stm32f1xx_hal_tim.o
HAL_TIM_GenerateEvent                             obj/stm32f1xx_hal_tim.o
HAL_TIM_IC_CaptureCallback                        obj/stm32f1xx_hal_tim.o
HAL_TIM_IC_ConfigChannel                          obj/stm32f1xx_hal_tim.o
HAL_TIM_IC_DeInit                                 obj/stm32f1xx_hal_tim.o
HAL_TIM_IC_GetState                               obj/stm32f1xx_hal_tim.o
HAL_TIM_IC_Init                                   obj/stm32f1xx_hal_tim.o
HAL_TIM_IC_MspDeInit                              obj/stm32f1xx_hal_tim.o
HAL_TIM_IC_MspInit                                obj/stm32f1xx_hal_tim.o
HAL_TIM_IC_Start                                  obj/stm32f1xx_hal_tim.o
HAL_TIM_IC_Start_DMA                              obj/stm32f1xx_hal_tim.o
HAL_TIM_IC_Start_IT                               obj/stm32f1xx_hal_tim.o
HAL_TIM_IC_Stop                                   obj/stm32f1xx_hal_tim.o
HAL_TIM_IC_Stop_DMA                               obj/stm32f1xx_hal_tim.o
HAL_TIM_IC_Stop_IT                                obj/stm32f1xx_hal_tim.o
HAL_TIM_IRQHandler                                obj/stm32f1xx_hal_tim.o
                                                  obj/MW_TIM.o
HAL_TIM_OC_ConfigChannel                          obj/stm32f1xx_hal_tim.o
HAL_TIM_OC_DeInit                                 obj/stm32f1xx_hal_tim.o
HAL_TIM_OC_DelayElapsedCallback                   obj/stm32f1xx_hal_tim.o
HAL_TIM_OC_GetState                               obj/stm32f1xx_hal_tim.o
HAL_TIM_OC_Init                                   obj/stm32f1xx_hal_tim.o
HAL_TIM_OC_MspDeInit                              obj/stm32f1xx_hal_tim.o
HAL_TIM_OC_MspInit                                obj/stm32f1xx_hal_tim.o